Archive member included because of file (symbol)

.\CortexM0\ARM_GCC_493\Debug\A4W_Softap.a(cyfitter_cfg.o)
                              .\CortexM0\ARM_GCC_493\Debug\Cm0Start.o (cyfitter_cfg)
.\CortexM0\ARM_GCC_493\Debug\A4W_Softap.a(Opto_PWM.o)
                              .\CortexM0\ARM_GCC_493\Debug\main.o (Opto_PWM_Start)
.\CortexM0\ARM_GCC_493\Debug\A4W_Softap.a(Zero_Cross.o)
                              .\CortexM0\ARM_GCC_493\Debug\main.o (Zero_Cross_Start)
.\CortexM0\ARM_GCC_493\Debug\A4W_Softap.a(ZC_ISR.o)
                              .\CortexM0\ARM_GCC_493\Debug\main.o (ZC_ISR_Start)
.\CortexM0\ARM_GCC_493\Debug\A4W_Softap.a(Dimming.o)
                              .\CortexM0\ARM_GCC_493\Debug\main.o (Dimming_WriteCompare)
.\CortexM0\ARM_GCC_493\Debug\A4W_Softap.a(I_Sense.o)
                              .\CortexM0\ARM_GCC_493\Debug\main.o (I_Sense_Read)
.\CortexM0\ARM_GCC_493\Debug\A4W_Softap.a(Test.o)
                              .\CortexM0\ARM_GCC_493\Debug\main.o (Test_Write)
.\CortexM0\ARM_GCC_493\Debug\A4W_Softap.a(LED_LO.o)
                              .\CortexM0\ARM_GCC_493\Debug\dimming_ctrl.o (LED_LO_Write)
.\CortexM0\ARM_GCC_493\Debug\A4W_Softap.a(LED_1.o)
                              .\CortexM0\ARM_GCC_493\Debug\dimming_ctrl.o (LED_1_Write)
.\CortexM0\ARM_GCC_493\Debug\A4W_Softap.a(LED_2.o)
                              .\CortexM0\ARM_GCC_493\Debug\dimming_ctrl.o (LED_2_Write)
.\CortexM0\ARM_GCC_493\Debug\A4W_Softap.a(LED_3.o)
                              .\CortexM0\ARM_GCC_493\Debug\dimming_ctrl.o (LED_3_Write)
.\CortexM0\ARM_GCC_493\Debug\A4W_Softap.a(LED_4.o)
                              .\CortexM0\ARM_GCC_493\Debug\dimming_ctrl.o (LED_4_Write)
.\CortexM0\ARM_GCC_493\Debug\A4W_Softap.a(LED_5.o)
                              .\CortexM0\ARM_GCC_493\Debug\dimming_ctrl.o (LED_5_Write)
.\CortexM0\ARM_GCC_493\Debug\A4W_Softap.a(LED_Hi.o)
                              .\CortexM0\ARM_GCC_493\Debug\dimming_ctrl.o (LED_Hi_Write)
.\CortexM0\ARM_GCC_493\Debug\A4W_Softap.a(LED_Plus.o)
                              .\CortexM0\ARM_GCC_493\Debug\main.o (LED_Plus_Write)
.\CortexM0\ARM_GCC_493\Debug\A4W_Softap.a(LED_Minus.o)
                              .\CortexM0\ARM_GCC_493\Debug\main.o (LED_Minus_Write)
.\CortexM0\ARM_GCC_493\Debug\A4W_Softap.a(LED_Main.o)
                              .\CortexM0\ARM_GCC_493\Debug\main.o (LED_Main_Write)
.\CortexM0\ARM_GCC_493\Debug\A4W_Softap.a(SW_Main.o)
                              .\CortexM0\ARM_GCC_493\Debug\pushbutton.o (SW_Main_Read)
.\CortexM0\ARM_GCC_493\Debug\A4W_Softap.a(SW_Plus.o)
                              .\CortexM0\ARM_GCC_493\Debug\pushbutton.o (SW_Plus_Read)
.\CortexM0\ARM_GCC_493\Debug\A4W_Softap.a(SW_Minus.o)
                              .\CortexM0\ARM_GCC_493\Debug\pushbutton.o (SW_Minus_Read)
.\CortexM0\ARM_GCC_493\Debug\A4W_Softap.a(Relay_1P.o)
                              .\CortexM0\ARM_GCC_493\Debug\main.o (Relay_1P_Write)
.\CortexM0\ARM_GCC_493\Debug\A4W_Softap.a(Relay_3W.o)
                              .\CortexM0\ARM_GCC_493\Debug\main.o (Relay_3W_Write)
.\CortexM0\ARM_GCC_493\Debug\A4W_Softap.a(Relay_Cal_Bytes.o)
                              .\CortexM0\ARM_GCC_493\Debug\CY8C4124.o (Relay_Cal_Bytes_Write)
.\CortexM0\ARM_GCC_493\Debug\A4W_Softap.a(CyBootAsmGnu.o)
                              .\CortexM0\ARM_GCC_493\Debug\A4W_Softap.a(Zero_Cross.o) (CyEnterCriticalSection)
.\CortexM0\ARM_GCC_493\Debug\A4W_Softap.a(CyFlash.o)
                              .\CortexM0\ARM_GCC_493\Debug\A4W_Softap.a(Relay_Cal_Bytes.o) (CySysFlashWriteRow)
.\CortexM0\ARM_GCC_493\Debug\A4W_Softap.a(CyLib.o)
                              .\CortexM0\ARM_GCC_493\Debug\main.o (CySysWdtLock)
.\CortexM0\ARM_GCC_493\Debug\A4W_Softap.a(cyPm.o)
                              .\CortexM0\ARM_GCC_493\Debug\main.o (CySysPmSleep)
.\CortexM0\ARM_GCC_493\Debug\A4W_Softap.a(PWM_ISR.o)
                              .\CortexM0\ARM_GCC_493\Debug\main.o (PWM_ISR_Start)
.\CortexM0\ARM_GCC_493\Debug\A4W_Softap.a(Relay_Offset.o)
                              .\CortexM0\ARM_GCC_493\Debug\main.o (Relay_Offset_Start)
.\CortexM0\ARM_GCC_493\Debug\A4W_Softap.a(Relay_Fire_ISR.o)
                              .\CortexM0\ARM_GCC_493\Debug\main.o (Relay_Fire_ISR_Start)
c:/program files (x86)/cypress/psoc creator/3.3/psoc creator/import/gnu/arm/4.9.3/bin/../lib/gcc/arm-none-eabi/4.9.3/armv6-m\libgcc.a(_thumb1_case_uqi.o)
                              .\CortexM0\ARM_GCC_493\Debug\dimming_ctrl.o (__gnu_thumb1_case_uqi)
c:/program files (x86)/cypress/psoc creator/3.3/psoc creator/import/gnu/arm/4.9.3/bin/../lib/gcc/arm-none-eabi/4.9.3/armv6-m\libgcc.a(_udivsi3.o)
                              .\CortexM0\ARM_GCC_493\Debug\main.o (__aeabi_uidiv)
c:/program files (x86)/cypress/psoc creator/3.3/psoc creator/import/gnu/arm/4.9.3/bin/../lib/gcc/arm-none-eabi/4.9.3/armv6-m\libgcc.a(_divsi3.o)
                              .\CortexM0\ARM_GCC_493\Debug\main.o (__aeabi_idiv)
[...]
Memory Configuration

Name             Origin             Length             Attributes
rom              0x00000000         0x00004000         xr
ram              0x20000000         0x00001000         xrw
*default*        0x00000000         0xffffffff

Linker script and memory map

LOAD c:/program files (x86)/cypress/psoc creator/3.3/psoc creator/import/gnu/arm/4.9.3/bin/../lib/gcc/arm-none-eabi/4.9.3/armv6-m/crti.o
LOAD c:/program files (x86)/cypress/psoc creator/3.3/psoc creator/import/gnu/arm/4.9.3/bin/../lib/gcc/arm-none-eabi/4.9.3/armv6-m/crtbegin.o
LOAD c:/program files (x86)/cypress/psoc creator/3.3/psoc creator/import/gnu/arm/4.9.3/bin/../lib/gcc/arm-none-eabi/4.9.3/../../../../arm-none-eabi/lib/armv6-m/crt0.o
START GROUP
LOAD .\CortexM0\ARM_GCC_493\Debug\main.o
LOAD .\CortexM0\ARM_GCC_493\Debug\dimming_ctrl.o
LOAD .\CortexM0\ARM_GCC_493\Debug\interrupts.o
LOAD .\CortexM0\ARM_GCC_493\Debug\pushbutton.o
LOAD .\CortexM0\ARM_GCC_493\Debug\CY8C4124.o
LOAD .\CortexM0\ARM_GCC_493\Debug\cymetadata.o
LOAD .\CortexM0\ARM_GCC_493\Debug\Cm0Start.o
LOAD .\CortexM0\ARM_GCC_493\Debug\A4W_Softap.a
LOAD C:\Program Files (x86)\Cypress\PSoC Creator\3.3\PSoC Creator\psoc\content\cycomponentlibrary\CyComponentLibrary.cylib\CortexM0\ARM_GCC_493\Debug\CyComponentLibrary.a
END GROUP
START GROUP
LOAD c:/program files (x86)/cypress/psoc creator/3.3/psoc creator/import/gnu/arm/4.9.3/bin/../lib/gcc/arm-none-eabi/4.9.3/armv6-m\libgcc.a
LOAD c:/program files (x86)/cypress/psoc creator/3.3/psoc creator/import/gnu/arm/4.9.3/bin/../lib/gcc/arm-none-eabi/4.9.3/../../../../arm-none-eabi/lib/armv6-m\libg_nano.a
LOAD c:/program files (x86)/cypress/psoc creator/3.3/psoc creator/import/gnu/arm/4.9.3/bin/../lib/gcc/arm-none-eabi/4.9.3/../../../../arm-none-eabi/lib/armv6-m\libc_nano.a
END GROUP
START GROUP
LOAD c:/program files (x86)/cypress/psoc creator/3.3/psoc creator/import/gnu/arm/4.9.3/bin/../lib/gcc/arm-none-eabi/4.9.3/armv6-m\libgcc.a
LOAD c:/program files (x86)/cypress/psoc creator/3.3/psoc creator/import/gnu/arm/4.9.3/bin/../lib/gcc/arm-none-eabi/4.9.3/../../../../arm-none-eabi/lib/armv6-m\libc_nano.a
END GROUP
LOAD c:/program files (x86)/cypress/psoc creator/3.3/psoc creator/import/gnu/arm/4.9.3/bin/../lib/gcc/arm-none-eabi/4.9.3/armv6-m/crtend.o
LOAD c:/program files (x86)/cypress/psoc creator/3.3/psoc creator/import/gnu/arm/4.9.3/bin/../lib/gcc/arm-none-eabi/4.9.3/armv6-m/crtn.o
START GROUP
LOAD c:/program files (x86)/cypress/psoc creator/3.3/psoc creator/import/gnu/arm/4.9.3/bin/../lib/gcc/arm-none-eabi/4.9.3/armv6-m\libgcc.a
LOAD c:/program files (x86)/cypress/psoc creator/3.3/psoc creator/import/gnu/arm/4.9.3/bin/../lib/gcc/arm-none-eabi/4.9.3/../../../../arm-none-eabi/lib/armv6-m\libc.a
LOAD c:/program files (x86)/cypress/psoc creator/3.3/psoc creator/import/gnu/arm/4.9.3/bin/../lib/gcc/arm-none-eabi/4.9.3/../../../../arm-none-eabi/lib/armv6-m\libnosys.a
END GROUP
                0x00000000                CY_APPL_ORIGIN = 0x0
                0x00000080                CY_FLASH_ROW_SIZE = 0x80
                0x00000001                CY_APPL_NUM = 0x1
                0x00000040                CY_METADATA_SIZE = 0x40
                0x20000160                PROVIDE (__cy_heap_start, _end)
                0x00000001                PROVIDE (__cy_region_num, ((__cy_regions_end - __cy_regions) / 0x10))
                0x20001000                PROVIDE (__cy_stack, (ORIGIN (ram) + 0x1000))
                0x20000fc0                PROVIDE (__cy_heap_end, (__cy_stack - 0x40))

.cybootloader   0x00000000        0x0
 *(.cybootloader)
                0x00000000                appl1_start = CY_APPL_ORIGIN?CY_APPL_ORIGIN:ALIGN (CY_FLASH_ROW_SIZE)
                0x00001f80                appl2_start = (appl1_start + ALIGN ((((0x4000 - appl1_start) - (0x2 * CY_FLASH_ROW_SIZE)) / 0x2), CY_FLASH_ROW_SIZE))
                0x00000000                appl_start = (CY_APPL_NUM == 0x1)?appl1_start:appl2_start

.text           0x00000000     0x1ef2
 CREATE_OBJECT_SYMBOLS
                0x00000000                PROVIDE (__cy_interrupt_vector, RomVectors)
 *(.romvectors)
 .romvectors    0x00000000       0x10 .\CortexM0\ARM_GCC_493\Debug\Cm0Start.o
                0x00000000                RomVectors
                0x00000001                ASSERT ((. != __cy_interrupt_vector), No interrupt vector)
                0x00000001                ASSERT (CY_APPL_ORIGIN?(SIZEOF (.cybootloader) <= CY_APPL_ORIGIN):0x1, Wrong image location)
                0x00000010                PROVIDE (__cy_reset, Reset)
 *(.text.Reset)
 .text.Reset    0x00000010        0x6 .\CortexM0\ARM_GCC_493\Debug\Cm0Start.o
                0x00000010                Reset
                0x00000001                ASSERT ((. != __cy_reset), No reset code)
 *(.psocinit)
 *fill*         0x00000016        0x2 
 .psocinit      0x00000018      0x1c8 .\CortexM0\ARM_GCC_493\Debug\A4W_Softap.a(cyfitter_cfg.o)
                0x00000018                cyfitter_cfg
                0x000001e0                . = MAX (., 0x100)
 *(.text .text.* .gnu.linkonce.t.*)
 .text          0x000001e0       0x60 c:/program files (x86)/cypress/psoc creator/3.3/psoc creator/import/gnu/arm/4.9.3/bin/../lib/gcc/arm-none-eabi/4.9.3/armv6-m/crtbegin.o
 .text.init_dimmer_status
                0x00000240      0x118 .\CortexM0\ARM_GCC_493\Debug\main.o
                0x00000240                init_dimmer_status
 .text.gp_100mS_timer
                0x00000358       0xd0 .\CortexM0\ARM_GCC_493\Debug\main.o
                0x00000358                gp_100mS_timer
 .text.startup.main
                0x00000428      0x1f8 .\CortexM0\ARM_GCC_493\Debug\main.o
                0x00000428                main
 .text.button_response
                0x00000620      0x570 .\CortexM0\ARM_GCC_493\Debug\dimming_ctrl.o
                0x00000620                button_response
 .text.user_interface
                0x00000b90       0xd8 .\CortexM0\ARM_GCC_493\Debug\dimming_ctrl.o
                0x00000b90                user_interface
 .text.zero_cross
                0x00000c68      0x18c .\CortexM0\ARM_GCC_493\Debug\interrupts.o
                0x00000c68                zero_cross
 .text.pwm_timer
                0x00000df4       0x44 .\CortexM0\ARM_GCC_493\Debug\interrupts.o
                0x00000df4                pwm_timer
 .text.Relay_Offset_timer
                0x00000e38      0x118 .\CortexM0\ARM_GCC_493\Debug\interrupts.o
                0x00000e38                Relay_Offset_timer
 .text.init_pb_status
                0x00000f50       0x38 .\CortexM0\ARM_GCC_493\Debug\pushbutton.o
                0x00000f50                init_pb_status
 .text.read_pushbutton
                0x00000f88       0xac .\CortexM0\ARM_GCC_493\Debug\pushbutton.o
                0x00000f88                read_pushbutton
 .text.write_data_flash
                0x00001034       0x18 .\CortexM0\ARM_GCC_493\Debug\CY8C4124.o
                0x00001034                write_data_flash
 .text.read_data_flash
                0x0000104c       0x1c .\CortexM0\ARM_GCC_493\Debug\CY8C4124.o
                0x0000104c                read_data_flash
 .text.IntDefaultHandler
                0x00001068        0x2 .\CortexM0\ARM_GCC_493\Debug\Cm0Start.o
                0x00001068                IntDefaultHandler
 *fill*         0x0000106a        0x2 
 .text.Start_c  0x0000106c       0x4c .\CortexM0\ARM_GCC_493\Debug\Cm0Start.o
                0x0000106c                Start_c
 .text.startup.initialize_psoc
                0x000010b8       0x44 .\CortexM0\ARM_GCC_493\Debug\Cm0Start.o
                0x000010b8                initialize_psoc
 .text.Opto_PWM_Init
                0x000010fc       0x2c .\CortexM0\ARM_GCC_493\Debug\A4W_Softap.a(Opto_PWM.o)
                0x000010fc                Opto_PWM_Init
 .text.Opto_PWM_Enable
                0x00001128       0x1c .\CortexM0\ARM_GCC_493\Debug\A4W_Softap.a(Opto_PWM.o)
                0x00001128                Opto_PWM_Enable
 .text.Opto_PWM_Start
                0x00001144       0x1c .\CortexM0\ARM_GCC_493\Debug\A4W_Softap.a(Opto_PWM.o)
                0x00001144                Opto_PWM_Start
 .text.Zero_Cross_Init
                0x00001160       0x3c .\CortexM0\ARM_GCC_493\Debug\A4W_Softap.a(Zero_Cross.o)
                0x00001160                Zero_Cross_Init
 .text.Zero_Cross_Enable
                0x0000119c       0x1c .\CortexM0\ARM_GCC_493\Debug\A4W_Softap.a(Zero_Cross.o)
                0x0000119c                Zero_Cross_Enable
 .text.Zero_Cross_Start
                0x000011b8       0x1c .\CortexM0\ARM_GCC_493\Debug\A4W_Softap.a(Zero_Cross.o)
                0x000011b8                Zero_Cross_Start
 .text.Zero_Cross_GetCompare
                0x000011d4       0x10 .\CortexM0\ARM_GCC_493\Debug\A4W_Softap.a(Zero_Cross.o)
                0x000011d4                Zero_Cross_GetCompare
 .text.Zero_Cross_ClearInterrupt
                0x000011e4        0xc .\CortexM0\ARM_GCC_493\Debug\A4W_Softap.a(Zero_Cross.o)
                0x000011e4                Zero_Cross_ClearInterrupt
 .text.ZC_ISR_Interrupt
                0x000011f0        0x8 .\CortexM0\ARM_GCC_493\Debug\A4W_Softap.a(ZC_ISR.o)
                0x000011f0                ZC_ISR_Interrupt
 .text.ZC_ISR_SetPriority
                0x000011f8       0x20 .\CortexM0\ARM_GCC_493\Debug\A4W_Softap.a(ZC_ISR.o)
                0x000011f8                ZC_ISR_SetPriority
 .text.ZC_ISR_Start
                0x00001218       0x30 .\CortexM0\ARM_GCC_493\Debug\A4W_Softap.a(ZC_ISR.o)
                0x00001218                ZC_ISR_Start
 .text.ZC_ISR_Enable
                0x00001248       0x10 .\CortexM0\ARM_GCC_493\Debug\A4W_Softap.a(ZC_ISR.o)
                0x00001248                ZC_ISR_Enable
 .text.ZC_ISR_Disable
                0x00001258       0x10 .\CortexM0\ARM_GCC_493\Debug\A4W_Softap.a(ZC_ISR.o)
                0x00001258                ZC_ISR_Disable
 .text.Dimming_Init
                0x00001268       0x5c .\CortexM0\ARM_GCC_493\Debug\A4W_Softap.a(Dimming.o)
                0x00001268                Dimming_Init
 .text.Dimming_WriteCompare
                0x000012c4        0xc .\CortexM0\ARM_GCC_493\Debug\A4W_Softap.a(Dimming.o)
                0x000012c4                Dimming_WriteCompare
 .text.Dimming_ReadCompare
                0x000012d0        0xc .\CortexM0\ARM_GCC_493\Debug\A4W_Softap.a(Dimming.o)
                0x000012d0                Dimming_ReadCompare
 .text.Dimming_ReadCapture
                0x000012dc        0xc .\CortexM0\ARM_GCC_493\Debug\A4W_Softap.a(Dimming.o)
                0x000012dc                Dimming_ReadCapture
 .text.Dimming_TriggerCommand
                0x000012e8       0x1c .\CortexM0\ARM_GCC_493\Debug\A4W_Softap.a(Dimming.o)
                0x000012e8                Dimming_TriggerCommand
 .text.Dimming_Enable
                0x00001304       0x24 .\CortexM0\ARM_GCC_493\Debug\A4W_Softap.a(Dimming.o)
                0x00001304                Dimming_Enable
 .text.Dimming_Start
                0x00001328       0x1c .\CortexM0\ARM_GCC_493\Debug\A4W_Softap.a(Dimming.o)
                0x00001328                Dimming_Start
 .text.Dimming_ClearInterrupt
                0x00001344        0xc .\CortexM0\ARM_GCC_493\Debug\A4W_Softap.a(Dimming.o)
                0x00001344                Dimming_ClearInterrupt
 .text.I_Sense_Read
                0x00001350       0x10 .\CortexM0\ARM_GCC_493\Debug\A4W_Softap.a(I_Sense.o)
                0x00001350                I_Sense_Read
 .text.Test_Write
                0x00001360       0x18 .\CortexM0\ARM_GCC_493\Debug\A4W_Softap.a(Test.o)
                0x00001360                Test_Write
 .text.Test_ReadDataReg
                0x00001378       0x10 .\CortexM0\ARM_GCC_493\Debug\A4W_Softap.a(Test.o)
                0x00001378                Test_ReadDataReg
 .text.LED_LO_Write
                0x00001388       0x18 .\CortexM0\ARM_GCC_493\Debug\A4W_Softap.a(LED_LO.o)
                0x00001388                LED_LO_Write
 .text.LED_1_Write
                0x000013a0       0x18 .\CortexM0\ARM_GCC_493\Debug\A4W_Softap.a(LED_1.o)
                0x000013a0                LED_1_Write
 .text.LED_2_Write
                0x000013b8       0x18 .\CortexM0\ARM_GCC_493\Debug\A4W_Softap.a(LED_2.o)
                0x000013b8                LED_2_Write
 .text.LED_3_Write
                0x000013d0       0x18 .\CortexM0\ARM_GCC_493\Debug\A4W_Softap.a(LED_3.o)
                0x000013d0                LED_3_Write
 .text.LED_4_Write
                0x000013e8       0x18 .\CortexM0\ARM_GCC_493\Debug\A4W_Softap.a(LED_4.o)
                0x000013e8                LED_4_Write
 .text.LED_5_Write
                0x00001400       0x18 .\CortexM0\ARM_GCC_493\Debug\A4W_Softap.a(LED_5.o)
                0x00001400                LED_5_Write
 .text.LED_Hi_Write
                0x00001418       0x18 .\CortexM0\ARM_GCC_493\Debug\A4W_Softap.a(LED_Hi.o)
                0x00001418                LED_Hi_Write
 .text.LED_Plus_Write
                0x00001430       0x18 .\CortexM0\ARM_GCC_493\Debug\A4W_Softap.a(LED_Plus.o)
                0x00001430                LED_Plus_Write
 .text.LED_Minus_Write
                0x00001448       0x18 .\CortexM0\ARM_GCC_493\Debug\A4W_Softap.a(LED_Minus.o)
                0x00001448                LED_Minus_Write
 .text.LED_Main_Write
                0x00001460       0x18 .\CortexM0\ARM_GCC_493\Debug\A4W_Softap.a(LED_Main.o)
                0x00001460                LED_Main_Write
 .text.SW_Main_Read
                0x00001478       0x10 .\CortexM0\ARM_GCC_493\Debug\A4W_Softap.a(SW_Main.o)
                0x00001478                SW_Main_Read
 .text.SW_Plus_Read
                0x00001488       0x10 .\CortexM0\ARM_GCC_493\Debug\A4W_Softap.a(SW_Plus.o)
                0x00001488                SW_Plus_Read
 .text.SW_Minus_Read
                0x00001498       0x10 .\CortexM0\ARM_GCC_493\Debug\A4W_Softap.a(SW_Minus.o)
                0x00001498                SW_Minus_Read
 .text.Relay_1P_Write
                0x000014a8       0x18 .\CortexM0\ARM_GCC_493\Debug\A4W_Softap.a(Relay_1P.o)
                0x000014a8                Relay_1P_Write
 .text.Relay_3W_Write
                0x000014c0       0x18 .\CortexM0\ARM_GCC_493\Debug\A4W_Softap.a(Relay_3W.o)
                0x000014c0                Relay_3W_Write
 .text.Relay_Cal_Bytes_Write
                0x000014d8       0x7c .\CortexM0\ARM_GCC_493\Debug\A4W_Softap.a(Relay_Cal_Bytes.o)
                0x000014d8                Relay_Cal_Bytes_Write
 *fill*         0x00001554        0x4 
 .text          0x00001558       0x28 .\CortexM0\ARM_GCC_493\Debug\A4W_Softap.a(CyBootAsmGnu.o)
                0x00001558                CyDelayCycles
                0x0000156c                CyEnterCriticalSection
                0x00001574                CyExitCriticalSection
 .text.CySysFlashWriteRow
                0x00001580      0x1a0 .\CortexM0\ARM_GCC_493\Debug\A4W_Softap.a(CyFlash.o)
                0x00001580                CySysFlashWriteRow
 .text.CySysClkIloStart
                0x00001720       0x14 .\CortexM0\ARM_GCC_493\Debug\A4W_Softap.a(CyLib.o)
                0x00001720                CySysClkIloStart
 .text.CySysWdtLock
                0x00001734       0x1c .\CortexM0\ARM_GCC_493\Debug\A4W_Softap.a(CyLib.o)
                0x00001734                CySysWdtLock
 .text.CySysWdtUnlock
                0x00001750       0x30 .\CortexM0\ARM_GCC_493\Debug\A4W_Softap.a(CyLib.o)
                0x00001750                CySysWdtUnlock
 .text.CySysWdtReadEnabledStatus
                0x00001780       0x1c .\CortexM0\ARM_GCC_493\Debug\A4W_Softap.a(CyLib.o)
                0x00001780                CySysWdtReadEnabledStatus
 .text.CySysWdtWriteMode
                0x0000179c       0x34 .\CortexM0\ARM_GCC_493\Debug\A4W_Softap.a(CyLib.o)
                0x0000179c                CySysWdtWriteMode
 .text.CySysWdtWriteClearOnMatch
                0x000017d0       0x34 .\CortexM0\ARM_GCC_493\Debug\A4W_Softap.a(CyLib.o)
                0x000017d0                CySysWdtWriteClearOnMatch
 .text.CySysWdtEnable
                0x00001804       0x34 .\CortexM0\ARM_GCC_493\Debug\A4W_Softap.a(CyLib.o)
                0x00001804                CySysWdtEnable
 .text.CySysWdtWriteCascade
                0x00001838       0x34 .\CortexM0\ARM_GCC_493\Debug\A4W_Softap.a(CyLib.o)
                0x00001838                CySysWdtWriteCascade
 .text.CySysWdtResetCounters
                0x0000186c       0x18 .\CortexM0\ARM_GCC_493\Debug\A4W_Softap.a(CyLib.o)
                0x0000186c                CySysWdtResetCounters
 .text.CyDelayUs
                0x00001884       0x14 .\CortexM0\ARM_GCC_493\Debug\A4W_Softap.a(CyLib.o)
                0x00001884                CyDelayUs
 .text.CySysClkWriteImoFreq
                0x00001898      0x12c .\CortexM0\ARM_GCC_493\Debug\A4W_Softap.a(CyLib.o)
                0x00001898                CySysClkWriteImoFreq
 .text.CySysWdtWriteMatch
                0x000019c4       0x38 .\CortexM0\ARM_GCC_493\Debug\A4W_Softap.a(CyLib.o)
                0x000019c4                CySysWdtWriteMatch
 .text.CySysPmSleep
                0x000019fc       0x1c .\CortexM0\ARM_GCC_493\Debug\A4W_Softap.a(cyPm.o)
                0x000019fc                CySysPmSleep
 .text.PWM_ISR_Interrupt
                0x00001a18        0x8 .\CortexM0\ARM_GCC_493\Debug\A4W_Softap.a(PWM_ISR.o)
                0x00001a18                PWM_ISR_Interrupt
 .text.PWM_ISR_SetPriority
                0x00001a20       0x24 .\CortexM0\ARM_GCC_493\Debug\A4W_Softap.a(PWM_ISR.o)
                0x00001a20                PWM_ISR_SetPriority
 .text.PWM_ISR_Start
                0x00001a44       0x30 .\CortexM0\ARM_GCC_493\Debug\A4W_Softap.a(PWM_ISR.o)
                0x00001a44                PWM_ISR_Start
 .text.Relay_Offset_Init
                0x00001a74       0x38 .\CortexM0\ARM_GCC_493\Debug\A4W_Softap.a(Relay_Offset.o)
                0x00001a74                Relay_Offset_Init
 .text.Relay_Offset_TriggerCommand
                0x00001aac       0x1c .\CortexM0\ARM_GCC_493\Debug\A4W_Softap.a(Relay_Offset.o)
                0x00001aac                Relay_Offset_TriggerCommand
 .text.Relay_Offset_Enable
                0x00001ac8       0x24 .\CortexM0\ARM_GCC_493\Debug\A4W_Softap.a(Relay_Offset.o)
                0x00001ac8                Relay_Offset_Enable
 .text.Relay_Offset_Start
                0x00001aec       0x1c .\CortexM0\ARM_GCC_493\Debug\A4W_Softap.a(Relay_Offset.o)
                0x00001aec                Relay_Offset_Start
 .text.Relay_Offset_ClearInterrupt
                0x00001b08        0xc .\CortexM0\ARM_GCC_493\Debug\A4W_Softap.a(Relay_Offset.o)
                0x00001b08                Relay_Offset_ClearInterrupt
 .text.Relay_Fire_ISR_Interrupt
                0x00001b14        0x8 .\CortexM0\ARM_GCC_493\Debug\A4W_Softap.a(Relay_Fire_ISR.o)
                0x00001b14                Relay_Fire_ISR_Interrupt
 .text.Relay_Fire_ISR_SetPriority
                0x00001b1c       0x20 .\CortexM0\ARM_GCC_493\Debug\A4W_Softap.a(Relay_Fire_ISR.o)
                0x00001b1c                Relay_Fire_ISR_SetPriority
 .text.Relay_Fire_ISR_Start
                0x00001b3c       0x30 .\CortexM0\ARM_GCC_493\Debug\A4W_Softap.a(Relay_Fire_ISR.o)
                0x00001b3c                Relay_Fire_ISR_Start
 .text          0x00001b6c       0x14 c:/program files (x86)/cypress/psoc creator/3.3/psoc creator/import/gnu/arm/4.9.3/bin/../lib/gcc/arm-none-eabi/4.9.3/armv6-m\libgcc.a(_thumb1_case_uqi.o)
                0x00001b6c                __gnu_thumb1_case_uqi
 .text          0x00001b80      0x120 c:/program files (x86)/cypress/psoc creator/3.3/psoc creator/import/gnu/arm/4.9.3/bin/../lib/gcc/arm-none-eabi/4.9.3/armv6-m\libgcc.a(_udivsi3.o)
                0x00001b80                __aeabi_uidiv
                0x00001b80                __udivsi3
                0x00001c8c                __aeabi_uidivmod
 .text          0x00001ca0      0x1e0 c:/program files (x86)/cypress/psoc creator/3.3/psoc creator/import/gnu/arm/4.9.3/bin/../lib/gcc/arm-none-eabi/4.9.3/armv6-m\libgcc.a(_divsi3.o)
                0x00001ca0                __divsi3
                0x00001ca0                __aeabi_idiv
                0x00001e6c                __aeabi_idivmod
 .text          0x00001e80        0x4 c:/program files (x86)/cypress/psoc creator/3.3/psoc creator/import/gnu/arm/4.9.3/bin/../lib/gcc/arm-none-eabi/4.9.3/armv6-m\libgcc.a(_dvmd_tls.o)
                0x00001e80                __aeabi_idiv0
                0x00001e80                __aeabi_ldiv0
 .text.__libc_init_array
                0x00001e84       0x4c c:/program files (x86)/cypress/psoc creator/3.3/psoc creator/import/gnu/arm/4.9.3/bin/../lib/gcc/arm-none-eabi/4.9.3/../../../../arm-none-eabi/lib/armv6-m\libg_nano.a(lib_a-init.o)
                0x00001e84                __libc_init_array
 .text.memcpy   0x00001ed0       0x12 c:/program files (x86)/cypress/psoc creator/3.3/psoc creator/import/gnu/arm/4.9.3/bin/../lib/gcc/arm-none-eabi/4.9.3/../../../../arm-none-eabi/lib/armv6-m\libg_nano.a(lib_a-memcpy.o)
                0x00001ed0                memcpy
 .text.memset   0x00001ee2       0x10 c:/program files (x86)/cypress/psoc creator/3.3/psoc creator/import/gnu/arm/4.9.3/bin/../lib/gcc/arm-none-eabi/4.9.3/../../../../arm-none-eabi/lib/armv6-m\libg_nano.a(lib_a-memset.o)
                0x00001ee2                memset
 *(.plt)
 *(.gnu.warning)
 *(.glue_7t)
 .glue_7t       0x00000000        0x0 linker stubs
 *(.glue_7)
 .glue_7        0x00000000        0x0 linker stubs
 *(.vfp11_veneer)
 .vfp11_veneer  0x00000000        0x0 linker stubs
 *(.bootloader)
 *(.ARM.extab* .gnu.linkonce.armextab.*)
 *(.gcc_except_table)

.v4_bx          0x00001ef4        0x0
 .v4_bx         0x00000000        0x0 linker stubs

.iplt           0x00001ef4        0x0
 .iplt          0x00000000        0x0 c:/program files (x86)/cypress/psoc creator/3.3/psoc creator/import/gnu/arm/4.9.3/bin/../lib/gcc/arm-none-eabi/4.9.3/armv6-m/crtbegin.o

.eh_frame_hdr
 *(.eh_frame_hdr)

.eh_frame       0x00001ef4        0x4
 *(.eh_frame)
 .eh_frame      0x00001ef4        0x0 c:/program files (x86)/cypress/psoc creator/3.3/psoc creator/import/gnu/arm/4.9.3/bin/../lib/gcc/arm-none-eabi/4.9.3/armv6-m/crtbegin.o
 .eh_frame      0x00001ef4        0x4 c:/program files (x86)/cypress/psoc creator/3.3/psoc creator/import/gnu/arm/4.9.3/bin/../lib/gcc/arm-none-eabi/4.9.3/armv6-m/crtend.o
                0x00001ef8                PROVIDE (__exidx_start, .)

.ARM.exidx
 *(.ARM.exidx* .gnu.linkonce.armexidx.*)
                0x00001ef8                __exidx_end = .

.rodata         0x00001ef8       0x88
 *(.rodata .rodata.* .gnu.linkonce.r.*)
 .rodata        0x00001ef8        0x8 .\CortexM0\ARM_GCC_493\Debug\CY8C4124.o
                0x00001ef8                EEprom
 .rodata        0x00001f00       0x1c .\CortexM0\ARM_GCC_493\Debug\A4W_Softap.a(cyfitter_cfg.o)
 .rodata        0x00001f1c       0x2e .\CortexM0\ARM_GCC_493\Debug\A4W_Softap.a(CyLib.o)
                0x00001f1c                cyImoFreqMhz2Reg
                0x00001f4c                . = ALIGN (0x4)
 *fill*         0x00001f4a        0x2 
 *(.init)
 .init          0x00001f4c        0x4 c:/program files (x86)/cypress/psoc creator/3.3/psoc creator/import/gnu/arm/4.9.3/bin/../lib/gcc/arm-none-eabi/4.9.3/armv6-m/crti.o
                0x00001f4c                _init
 .init          0x00001f50        0x8 c:/program files (x86)/cypress/psoc creator/3.3/psoc creator/import/gnu/arm/4.9.3/bin/../lib/gcc/arm-none-eabi/4.9.3/armv6-m/crtn.o
                0x00001f58                . = ALIGN (0x4)
                0x00001f58                __preinit_array_start = .
 *(.preinit_array)
                0x00001f58                __preinit_array_end = .
                0x00001f58                . = ALIGN (0x4)
                0x00001f58                __init_array_start = .
 *(SORT(.init_array.*))
 *(.init_array)
 .init_array    0x00001f58        0x4 c:/program files (x86)/cypress/psoc creator/3.3/psoc creator/import/gnu/arm/4.9.3/bin/../lib/gcc/arm-none-eabi/4.9.3/armv6-m/crtbegin.o
 .init_array    0x00001f5c        0x4 .\CortexM0\ARM_GCC_493\Debug\Cm0Start.o
                0x00001f60                __init_array_end = .
                0x00001f60                . = ALIGN (0x4)
 *(.fini)
 .fini          0x00001f60        0x4 c:/program files (x86)/cypress/psoc creator/3.3/psoc creator/import/gnu/arm/4.9.3/bin/../lib/gcc/arm-none-eabi/4.9.3/armv6-m/crti.o
                0x00001f60                _fini
 .fini          0x00001f64        0x8 c:/program files (x86)/cypress/psoc creator/3.3/psoc creator/import/gnu/arm/4.9.3/bin/../lib/gcc/arm-none-eabi/4.9.3/armv6-m/crtn.o
                0x00001f6c                . = ALIGN (0x4)
                0x00001f6c                __fini_array_start = .
 *(.fini_array)
 .fini_array    0x00001f6c        0x4 c:/program files (x86)/cypress/psoc creator/3.3/psoc creator/import/gnu/arm/4.9.3/bin/../lib/gcc/arm-none-eabi/4.9.3/armv6-m/crtbegin.o
 *(SORT(.fini_array.*))
                0x00001f70                __fini_array_end = .
                0x00001f70                . = ALIGN (0x4)
 *crtbegin.o(.ctors)
 *(EXCLUDE_FILE(*crtend.o) .ctors)
 *(SORT(.ctors.*))
 *crtend.o(.ctors)
                0x00001f70                . = ALIGN (0x4)
 *crtbegin.o(.dtors)
 *(EXCLUDE_FILE(*crtend.o) .dtors)
 *(SORT(.dtors.*))
 *crtend.o(.dtors)
                0x00001f70                . = ALIGN (0x4)
                0x00001f70                __cy_regions = .
                0x00001f70        0x4 LONG 0x1f80 __cy_region_init_ram
                0x00001f74        0x4 LONG 0x200000c8 __cy_region_start_data
                0x00001f78        0x4 LONG 0x18 __cy_region_init_size_ram
                0x00001f7c        0x4 LONG 0x80 __cy_region_zero_size_ram
                0x00001f80                __cy_regions_end = .
                0x00001f80                . = ALIGN (0x8)
                0x00001f80                _etext = .

.ramvectors     0x20000000       0xc0
                0x20000000                __cy_region_start_ram = .
 *(.ramvectors)
 .ramvectors    0x20000000       0xc0 .\CortexM0\ARM_GCC_493\Debug\Cm0Start.o
                0x20000000                CyRamVectors

.noinit         0x200000c0        0x4
 *(.noinit)
 .noinit        0x200000c0        0x4 .\CortexM0\ARM_GCC_493\Debug\Cm0Start.o

.data           0x200000c8       0x18 load address 0x00001f80
                0x200000c8                __cy_region_start_data = .
 *(.jcr)
 .jcr           0x200000c8        0x0 c:/program files (x86)/cypress/psoc creator/3.3/psoc creator/import/gnu/arm/4.9.3/bin/../lib/gcc/arm-none-eabi/4.9.3/armv6-m/crtbegin.o
 .jcr           0x200000c8        0x4 c:/program files (x86)/cypress/psoc creator/3.3/psoc creator/import/gnu/arm/4.9.3/bin/../lib/gcc/arm-none-eabi/4.9.3/armv6-m/crtend.o
 *(.got.plt)
 *(.got)
 *(.shdata)
 *(.data .data.* .gnu.linkonce.d.*)
 .data          0x200000cc       0x10 .\CortexM0\ARM_GCC_493\Debug\A4W_Softap.a(CyLib.o)
                0x200000cc                cydelay32kMs
                0x200000d0                cydelayFreqKhz
                0x200000d4                cydelayFreqMhz
                0x200000d8                cydelayFreqHz
                0x200000e0                . = ALIGN (0x8)
 *fill*         0x200000dc        0x4 
 *(.ram)
                0x200000e0                _edata = .

.igot.plt       0x200000e0        0x0 load address 0x00001f98
 .igot.plt      0x00000000        0x0 c:/program files (x86)/cypress/psoc creator/3.3/psoc creator/import/gnu/arm/4.9.3/bin/../lib/gcc/arm-none-eabi/4.9.3/armv6-m/crtbegin.o

.bss            0x200000e0       0x80 load address 0x00001f98
                0x200000e0                PROVIDE (__bss_start__, .)
 *(.shbss)
 *(.bss .bss.* .gnu.linkonce.b.*)
 .bss           0x200000e0       0x1c c:/program files (x86)/cypress/psoc creator/3.3/psoc creator/import/gnu/arm/4.9.3/bin/../lib/gcc/arm-none-eabi/4.9.3/armv6-m/crtbegin.o
 .bss           0x200000fc        0x6 .\CortexM0\ARM_GCC_493\Debug\pushbutton.o
 *fill*         0x20000102        0x2 
 .bss           0x20000104        0x8 .\CortexM0\ARM_GCC_493\Debug\A4W_Softap.a(Opto_PWM.o)
                0x20000108                Opto_PWM_initVar
 .bss           0x2000010c        0x8 .\CortexM0\ARM_GCC_493\Debug\A4W_Softap.a(Zero_Cross.o)
                0x20000110                Zero_Cross_initVar
 .bss           0x20000114        0x1 .\CortexM0\ARM_GCC_493\Debug\A4W_Softap.a(Dimming.o)
                0x20000114                Dimming_initVar
 *fill*         0x20000115        0x3 
 .bss           0x20000118        0x4 .\CortexM0\ARM_GCC_493\Debug\A4W_Softap.a(CyFlash.o)
 .bss           0x2000011c        0x1 .\CortexM0\ARM_GCC_493\Debug\A4W_Softap.a(Relay_Offset.o)
                0x2000011c                Relay_Offset_initVar
 *(COMMON)
 *fill*         0x2000011d        0x1 
 COMMON         0x2000011e       0x3e .\CortexM0\ARM_GCC_493\Debug\main.o
                0x2000011e                GOTO_BED_INTERVAL
                0x2000011f                ZC_CNTR
                0x20000120                UI_CNTR
                0x20000121                Nuisance_Trigger
                0x20000122                MCU_OSC_ACC
                0x20000123                TMR_Status
                0x20000125                NON_VOL_A
                0x2000012e                PWM_CURRENT
                0x20000130                SECOND_CNTR
                0x20000132                TICK_CNT
                0x20000134                TICK_CNT_Display
                0x20000136                PWM_CHG
                0x20000138                UI_VAL
                0x2000013a                PB_INTERVAL_TICK
                0x2000013b                RELAY_STATE
                0x2000013c                RELAY_OFFSET
                0x2000013e                PWM_MIN
                0x20000140                UI_TICK_CNT
                0x20000142                RELAY_CNT
                0x20000144                TICK_CNT_100mS
                0x20000146                ZC_TEST
                0x20000148                FADE_CNT
                0x2000014a                PWM_MAX
                0x2000014c                I_SENSE_ACC
                0x2000014e                PWM_TARGET
                0x20000150                TICK_DBL_TAP
                0x20000152                PWM_CAL_CNT
                0x20000154                DMR_Status
                0x20000156                PB_Status
                0x20000159                FLASH_CNT
                0x2000015a                I_SENSE_CNT
                0x2000015b                DMR_ADJ_CNT
                0x20000160                . = ALIGN (0x8)
 *fill*         0x2000015c        0x4 
 *(.ram.b)
                0x20000160                _end = .
                0x20000160                __end = .
                0x20000160                PROVIDE (end, .)
                0x20000160                PROVIDE (__bss_end__, .)
                0x00001f80                __cy_region_init_ram = LOADADDR (.data)
                0x00000018                __cy_region_init_size_ram = (_edata - ADDR (.data))
                0x00000080                __cy_region_zero_size_ram = (_end - _edata)

.heap           0x20000160       0x80 load address 0x00001f98
                0x20000160                . = _end
                0x200001e0                . = (. + 0x80)
 *fill*         0x20000160       0x80 
                0x200001e0                __cy_heap_limit = .

.stack          0x20000fc0       0x40
                0x20000fc0                __cy_stack_limit = .
                0x20001000                . = (. + 0x40)
 *fill*         0x20000fc0       0x40 
                0x00000001                ASSERT ((__cy_stack_limit >= __cy_heap_limit), region RAM overflowed with stack)

.cyloadermeta
 *(.cyloadermeta)

.cyloadablemeta
 *(.cyloadablemeta)

.cyflashprotect
                0x90400000       0x10
 *(.cyflashprotect)
 .cyflashprotect
                0x90400000       0x10 .\CortexM0\ARM_GCC_493\Debug\cymetadata.o
                0x90400000                cy_meta_flashprotect

.cymeta         0x90500000        0xc
 *(.cymeta)
 .cymeta        0x90500000        0xc .\CortexM0\ARM_GCC_493\Debug\cymetadata.o
                0x90500000                cy_metadata

.cychipprotect  0x90600000        0x1
 *(.cychipprotect)
 .cychipprotect
                0x90600000        0x1 .\CortexM0\ARM_GCC_493\Debug\cymetadata.o
                0x90600000                cy_meta_chipprotect

.rel.dyn        0x00001f98        0x0 load address 0x90600004
 .rel.iplt      0x00000000        0x0 c:/program files (x86)/cypress/psoc creator/3.3/psoc creator/import/gnu/arm/4.9.3/bin/../lib/gcc/arm-none-eabi/4.9.3/armv6-m/crtbegin.o

.stab
 *(.stab)

.stabstr
 *(.stabstr)

.debug
 *(.debug)

.line
 *(.line)

.debug_srcinfo
 *(.debug_srcinfo)

.debug_sfnames
 *(.debug_sfnames)

.debug_aranges  0x00000000      0xd98
 *(.debug_aranges)
 .debug_aranges
                0x00000000       0x30 .\CortexM0\ARM_GCC_493\Debug\main.o
 .debug_aranges
                0x00000030       0x28 .\CortexM0\ARM_GCC_493\Debug\dimming_ctrl.o
 .debug_aranges
                0x00000058       0x30 .\CortexM0\ARM_GCC_493\Debug\interrupts.o
 .debug_aranges
                0x00000088       0x28 .\CortexM0\ARM_GCC_493\Debug\pushbutton.o
 .debug_aranges
                0x000000b0       0x30 .\CortexM0\ARM_GCC_493\Debug\CY8C4124.o
 .debug_aranges
                0x000000e0       0x18 .\CortexM0\ARM_GCC_493\Debug\cymetadata.o
 .debug_aranges
                0x000000f8       0x48 .\CortexM0\ARM_GCC_493\Debug\Cm0Start.o
 .debug_aranges
                0x00000140       0x28 .\CortexM0\ARM_GCC_493\Debug\A4W_Softap.a(cyfitter_cfg.o)
 .debug_aranges
                0x00000168       0x48 .\CortexM0\ARM_GCC_493\Debug\A4W_Softap.a(Opto_PWM.o)
 .debug_aranges
                0x000001b0       0x98 .\CortexM0\ARM_GCC_493\Debug\A4W_Softap.a(Zero_Cross.o)
 .debug_aranges
                0x00000248       0x80 .\CortexM0\ARM_GCC_493\Debug\A4W_Softap.a(ZC_ISR.o)
 .debug_aranges
                0x000002c8      0x158 .\CortexM0\ARM_GCC_493\Debug\A4W_Softap.a(Dimming.o)
 .debug_aranges
                0x00000420       0x40 .\CortexM0\ARM_GCC_493\Debug\A4W_Softap.a(I_Sense.o)
 .debug_aranges
                0x00000460       0x40 .\CortexM0\ARM_GCC_493\Debug\A4W_Softap.a(Test.o)
 .debug_aranges
                0x000004a0       0x40 .\CortexM0\ARM_GCC_493\Debug\A4W_Softap.a(LED_LO.o)
 .debug_aranges
                0x000004e0       0x40 .\CortexM0\ARM_GCC_493\Debug\A4W_Softap.a(LED_1.o)
 .debug_aranges
                0x00000520       0x40 .\CortexM0\ARM_GCC_493\Debug\A4W_Softap.a(LED_2.o)
 .debug_aranges
                0x00000560       0x40 .\CortexM0\ARM_GCC_493\Debug\A4W_Softap.a(LED_3.o)
 .debug_aranges
                0x000005a0       0x40 .\CortexM0\ARM_GCC_493\Debug\A4W_Softap.a(LED_4.o)
 .debug_aranges
                0x000005e0       0x40 .\CortexM0\ARM_GCC_493\Debug\A4W_Softap.a(LED_5.o)
 .debug_aranges
                0x00000620       0x40 .\CortexM0\ARM_GCC_493\Debug\A4W_Softap.a(LED_Hi.o)
 .debug_aranges
                0x00000660       0x40 .\CortexM0\ARM_GCC_493\Debug\A4W_Softap.a(LED_Plus.o)
 .debug_aranges
                0x000006a0       0x40 .\CortexM0\ARM_GCC_493\Debug\A4W_Softap.a(LED_Minus.o)
 .debug_aranges
                0x000006e0       0x40 .\CortexM0\ARM_GCC_493\Debug\A4W_Softap.a(LED_Main.o)
 .debug_aranges
                0x00000720       0x40 .\CortexM0\ARM_GCC_493\Debug\A4W_Softap.a(SW_Main.o)
 .debug_aranges
                0x00000760       0x40 .\CortexM0\ARM_GCC_493\Debug\A4W_Softap.a(SW_Plus.o)
 .debug_aranges
                0x000007a0       0x40 .\CortexM0\ARM_GCC_493\Debug\A4W_Softap.a(SW_Minus.o)
 .debug_aranges
                0x000007e0       0x40 .\CortexM0\ARM_GCC_493\Debug\A4W_Softap.a(Relay_1P.o)
 .debug_aranges
                0x00000820       0x40 .\CortexM0\ARM_GCC_493\Debug\A4W_Softap.a(Relay_3W.o)
 .debug_aranges
                0x00000860       0x30 .\CortexM0\ARM_GCC_493\Debug\A4W_Softap.a(Relay_Cal_Bytes.o)
 .debug_aranges
                0x00000890       0x20 .\CortexM0\ARM_GCC_493\Debug\A4W_Softap.a(CyBootAsmGnu.o)
 .debug_aranges
                0x000008b0       0x28 .\CortexM0\ARM_GCC_493\Debug\A4W_Softap.a(CyFlash.o)
 .debug_aranges
                0x000008d8      0x210 .\CortexM0\ARM_GCC_493\Debug\A4W_Softap.a(CyLib.o)
 .debug_aranges
                0x00000ae8       0x58 .\CortexM0\ARM_GCC_493\Debug\A4W_Softap.a(cyPm.o)
 .debug_aranges
                0x00000b40       0x80 .\CortexM0\ARM_GCC_493\Debug\A4W_Softap.a(PWM_ISR.o)
 .debug_aranges
                0x00000bc0      0x158 .\CortexM0\ARM_GCC_493\Debug\A4W_Softap.a(Relay_Offset.o)
 .debug_aranges
                0x00000d18       0x80 .\CortexM0\ARM_GCC_493\Debug\A4W_Softap.a(Relay_Fire_ISR.o)

.debug_pubnames
 *(.debug_pubnames)

.debug_info     0x00000000     0x7742
 *(.debug_info .gnu.linkonce.wi.*)
 .debug_info    0x00000000      0xa2d .\CortexM0\ARM_GCC_493\Debug\main.o
 .debug_info    0x00000a2d      0x787 .\CortexM0\ARM_GCC_493\Debug\dimming_ctrl.o
 .debug_info    0x000011b4      0x50e .\CortexM0\ARM_GCC_493\Debug\interrupts.o
 .debug_info    0x000016c2      0x222 .\CortexM0\ARM_GCC_493\Debug\pushbutton.o
 .debug_info    0x000018e4      0x1a4 .\CortexM0\ARM_GCC_493\Debug\CY8C4124.o
 .debug_info    0x00001a88       0xfd .\CortexM0\ARM_GCC_493\Debug\cymetadata.o
 .debug_info    0x00001b85      0x364 .\CortexM0\ARM_GCC_493\Debug\Cm0Start.o
 .debug_info    0x00001ee9      0x3e2 .\CortexM0\ARM_GCC_493\Debug\A4W_Softap.a(cyfitter_cfg.o)
 .debug_info    0x000022cb      0x17c .\CortexM0\ARM_GCC_493\Debug\A4W_Softap.a(Opto_PWM.o)
 .debug_info    0x00002447      0x393 .\CortexM0\ARM_GCC_493\Debug\A4W_Softap.a(Zero_Cross.o)
 .debug_info    0x000027da      0x363 .\CortexM0\ARM_GCC_493\Debug\A4W_Softap.a(ZC_ISR.o)
 .debug_info    0x00002b3d      0x95d .\CortexM0\ARM_GCC_493\Debug\A4W_Softap.a(Dimming.o)
 .debug_info    0x0000349a      0x14c .\CortexM0\ARM_GCC_493\Debug\A4W_Softap.a(I_Sense.o)
 .debug_info    0x000035e6      0x14c .\CortexM0\ARM_GCC_493\Debug\A4W_Softap.a(Test.o)
 .debug_info    0x00003732      0x14c .\CortexM0\ARM_GCC_493\Debug\A4W_Softap.a(LED_LO.o)
 .debug_info    0x0000387e      0x14c .\CortexM0\ARM_GCC_493\Debug\A4W_Softap.a(LED_1.o)
 .debug_info    0x000039ca      0x14c .\CortexM0\ARM_GCC_493\Debug\A4W_Softap.a(LED_2.o)
 .debug_info    0x00003b16      0x14c .\CortexM0\ARM_GCC_493\Debug\A4W_Softap.a(LED_3.o)
 .debug_info    0x00003c62      0x14c .\CortexM0\ARM_GCC_493\Debug\A4W_Softap.a(LED_4.o)
 .debug_info    0x00003dae      0x151 .\CortexM0\ARM_GCC_493\Debug\A4W_Softap.a(LED_5.o)
 .debug_info    0x00003eff      0x14c .\CortexM0\ARM_GCC_493\Debug\A4W_Softap.a(LED_Hi.o)
 .debug_info    0x0000404b      0x14c .\CortexM0\ARM_GCC_493\Debug\A4W_Softap.a(LED_Plus.o)
 .debug_info    0x00004197      0x14c .\CortexM0\ARM_GCC_493\Debug\A4W_Softap.a(LED_Minus.o)
 .debug_info    0x000042e3      0x14c .\CortexM0\ARM_GCC_493\Debug\A4W_Softap.a(LED_Main.o)
 .debug_info    0x0000442f      0x14c .\CortexM0\ARM_GCC_493\Debug\A4W_Softap.a(SW_Main.o)
 .debug_info    0x0000457b      0x14c .\CortexM0\ARM_GCC_493\Debug\A4W_Softap.a(SW_Plus.o)
 .debug_info    0x000046c7      0x14c .\CortexM0\ARM_GCC_493\Debug\A4W_Softap.a(SW_Minus.o)
 .debug_info    0x00004813      0x151 .\CortexM0\ARM_GCC_493\Debug\A4W_Softap.a(Relay_1P.o)
 .debug_info    0x00004964      0x14c .\CortexM0\ARM_GCC_493\Debug\A4W_Softap.a(Relay_3W.o)
 .debug_info    0x00004ab0      0x1e3 .\CortexM0\ARM_GCC_493\Debug\A4W_Softap.a(Relay_Cal_Bytes.o)
 .debug_info    0x00004c93       0x89 .\CortexM0\ARM_GCC_493\Debug\A4W_Softap.a(CyBootAsmGnu.o)
 .debug_info    0x00004d1c      0x3ea .\CortexM0\ARM_GCC_493\Debug\A4W_Softap.a(CyFlash.o)
 .debug_info    0x00005106     0x1375 .\CortexM0\ARM_GCC_493\Debug\A4W_Softap.a(CyLib.o)
 .debug_info    0x0000647b      0x2d0 .\CortexM0\ARM_GCC_493\Debug\A4W_Softap.a(cyPm.o)
 .debug_info    0x0000674b      0x363 .\CortexM0\ARM_GCC_493\Debug\A4W_Softap.a(PWM_ISR.o)
 .debug_info    0x00006aae      0x931 .\CortexM0\ARM_GCC_493\Debug\A4W_Softap.a(Relay_Offset.o)
 .debug_info    0x000073df      0x363 .\CortexM0\ARM_GCC_493\Debug\A4W_Softap.a(Relay_Fire_ISR.o)

.debug_abbrev   0x00000000     0x2d3f
 *(.debug_abbrev)
 .debug_abbrev  0x00000000      0x1b7 .\CortexM0\ARM_GCC_493\Debug\main.o
 .debug_abbrev  0x000001b7      0x174 .\CortexM0\ARM_GCC_493\Debug\dimming_ctrl.o
 .debug_abbrev  0x0000032b      0x181 .\CortexM0\ARM_GCC_493\Debug\interrupts.o
 .debug_abbrev  0x000004ac      0x120 .\CortexM0\ARM_GCC_493\Debug\pushbutton.o
 .debug_abbrev  0x000005cc       0xeb .\CortexM0\ARM_GCC_493\Debug\CY8C4124.o
 .debug_abbrev  0x000006b7       0x5d .\CortexM0\ARM_GCC_493\Debug\cymetadata.o
 .debug_abbrev  0x00000714      0x1da .\CortexM0\ARM_GCC_493\Debug\Cm0Start.o
 .debug_abbrev  0x000008ee      0x227 .\CortexM0\ARM_GCC_493\Debug\A4W_Softap.a(cyfitter_cfg.o)
 .debug_abbrev  0x00000b15       0xd5 .\CortexM0\ARM_GCC_493\Debug\A4W_Softap.a(Opto_PWM.o)
 .debug_abbrev  0x00000bea      0x1c7 .\CortexM0\ARM_GCC_493\Debug\A4W_Softap.a(Zero_Cross.o)
 .debug_abbrev  0x00000db1      0x253 .\CortexM0\ARM_GCC_493\Debug\A4W_Softap.a(ZC_ISR.o)
 .debug_abbrev  0x00001004      0x1ba .\CortexM0\ARM_GCC_493\Debug\A4W_Softap.a(Dimming.o)
 .debug_abbrev  0x000011be       0xc4 .\CortexM0\ARM_GCC_493\Debug\A4W_Softap.a(I_Sense.o)
 .debug_abbrev  0x00001282       0xc4 .\CortexM0\ARM_GCC_493\Debug\A4W_Softap.a(Test.o)
 .debug_abbrev  0x00001346       0xc4 .\CortexM0\ARM_GCC_493\Debug\A4W_Softap.a(LED_LO.o)
 .debug_abbrev  0x0000140a       0xc4 .\CortexM0\ARM_GCC_493\Debug\A4W_Softap.a(LED_1.o)
 .debug_abbrev  0x000014ce       0xc4 .\CortexM0\ARM_GCC_493\Debug\A4W_Softap.a(LED_2.o)
 .debug_abbrev  0x00001592       0xc4 .\CortexM0\ARM_GCC_493\Debug\A4W_Softap.a(LED_3.o)
 .debug_abbrev  0x00001656       0xc4 .\CortexM0\ARM_GCC_493\Debug\A4W_Softap.a(LED_4.o)
 .debug_abbrev  0x0000171a       0xc6 .\CortexM0\ARM_GCC_493\Debug\A4W_Softap.a(LED_5.o)
 .debug_abbrev  0x000017e0       0xc4 .\CortexM0\ARM_GCC_493\Debug\A4W_Softap.a(LED_Hi.o)
 .debug_abbrev  0x000018a4       0xc4 .\CortexM0\ARM_GCC_493\Debug\A4W_Softap.a(LED_Plus.o)
 .debug_abbrev  0x00001968       0xc4 .\CortexM0\ARM_GCC_493\Debug\A4W_Softap.a(LED_Minus.o)
 .debug_abbrev  0x00001a2c       0xc4 .\CortexM0\ARM_GCC_493\Debug\A4W_Softap.a(LED_Main.o)
 .debug_abbrev  0x00001af0       0xc4 .\CortexM0\ARM_GCC_493\Debug\A4W_Softap.a(SW_Main.o)
 .debug_abbrev  0x00001bb4       0xc4 .\CortexM0\ARM_GCC_493\Debug\A4W_Softap.a(SW_Plus.o)
 .debug_abbrev  0x00001c78       0xc4 .\CortexM0\ARM_GCC_493\Debug\A4W_Softap.a(SW_Minus.o)
 .debug_abbrev  0x00001d3c       0xc6 .\CortexM0\ARM_GCC_493\Debug\A4W_Softap.a(Relay_1P.o)
 .debug_abbrev  0x00001e02       0xc4 .\CortexM0\ARM_GCC_493\Debug\A4W_Softap.a(Relay_3W.o)
 .debug_abbrev  0x00001ec6      0x10e .\CortexM0\ARM_GCC_493\Debug\A4W_Softap.a(Relay_Cal_Bytes.o)
 .debug_abbrev  0x00001fd4       0x14 .\CortexM0\ARM_GCC_493\Debug\A4W_Softap.a(CyBootAsmGnu.o)
 .debug_abbrev  0x00001fe8      0x1dc .\CortexM0\ARM_GCC_493\Debug\A4W_Softap.a(CyFlash.o)
 .debug_abbrev  0x000021c4      0x3f1 .\CortexM0\ARM_GCC_493\Debug\A4W_Softap.a(CyLib.o)
 .debug_abbrev  0x000025b5      0x144 .\CortexM0\ARM_GCC_493\Debug\A4W_Softap.a(cyPm.o)
 .debug_abbrev  0x000026f9      0x253 .\CortexM0\ARM_GCC_493\Debug\A4W_Softap.a(PWM_ISR.o)
 .debug_abbrev  0x0000294c      0x1a0 .\CortexM0\ARM_GCC_493\Debug\A4W_Softap.a(Relay_Offset.o)
 .debug_abbrev  0x00002aec      0x253 .\CortexM0\ARM_GCC_493\Debug\A4W_Softap.a(Relay_Fire_ISR.o)

.debug_line     0x00000000     0x3942
 *(.debug_line)
 .debug_line    0x00000000      0x385 .\CortexM0\ARM_GCC_493\Debug\main.o
 .debug_line    0x00000385      0x3b6 .\CortexM0\ARM_GCC_493\Debug\dimming_ctrl.o
 .debug_line    0x0000073b      0x2c5 .\CortexM0\ARM_GCC_493\Debug\interrupts.o
 .debug_line    0x00000a00      0x1f5 .\CortexM0\ARM_GCC_493\Debug\pushbutton.o
 .debug_line    0x00000bf5      0x1c0 .\CortexM0\ARM_GCC_493\Debug\CY8C4124.o
 .debug_line    0x00000db5       0x53 .\CortexM0\ARM_GCC_493\Debug\cymetadata.o
 .debug_line    0x00000e08      0x22e .\CortexM0\ARM_GCC_493\Debug\Cm0Start.o
 .debug_line    0x00001036      0x172 .\CortexM0\ARM_GCC_493\Debug\A4W_Softap.a(cyfitter_cfg.o)
 .debug_line    0x000011a8       0xd0 .\CortexM0\ARM_GCC_493\Debug\A4W_Softap.a(Opto_PWM.o)
 .debug_line    0x00001278      0x1d0 .\CortexM0\ARM_GCC_493\Debug\A4W_Softap.a(Zero_Cross.o)
 .debug_line    0x00001448      0x1ce .\CortexM0\ARM_GCC_493\Debug\A4W_Softap.a(ZC_ISR.o)
 .debug_line    0x00001616      0x3fd .\CortexM0\ARM_GCC_493\Debug\A4W_Softap.a(Dimming.o)
 .debug_line    0x00001a13       0xb7 .\CortexM0\ARM_GCC_493\Debug\A4W_Softap.a(I_Sense.o)
 .debug_line    0x00001aca       0xb4 .\CortexM0\ARM_GCC_493\Debug\A4W_Softap.a(Test.o)
 .debug_line    0x00001b7e       0xb6 .\CortexM0\ARM_GCC_493\Debug\A4W_Softap.a(LED_LO.o)
 .debug_line    0x00001c34       0xb5 .\CortexM0\ARM_GCC_493\Debug\A4W_Softap.a(LED_1.o)
 .debug_line    0x00001ce9       0xb5 .\CortexM0\ARM_GCC_493\Debug\A4W_Softap.a(LED_2.o)
 .debug_line    0x00001d9e       0xb5 .\CortexM0\ARM_GCC_493\Debug\A4W_Softap.a(LED_3.o)
 .debug_line    0x00001e53       0xb5 .\CortexM0\ARM_GCC_493\Debug\A4W_Softap.a(LED_4.o)
 .debug_line    0x00001f08       0xb4 .\CortexM0\ARM_GCC_493\Debug\A4W_Softap.a(LED_5.o)
 .debug_line    0x00001fbc       0xb8 .\CortexM0\ARM_GCC_493\Debug\A4W_Softap.a(LED_Hi.o)
 .debug_line    0x00002074       0xb8 .\CortexM0\ARM_GCC_493\Debug\A4W_Softap.a(LED_Plus.o)
 .debug_line    0x0000212c       0xb9 .\CortexM0\ARM_GCC_493\Debug\A4W_Softap.a(LED_Minus.o)
 .debug_line    0x000021e5       0xb8 .\CortexM0\ARM_GCC_493\Debug\A4W_Softap.a(LED_Main.o)
 .debug_line    0x0000229d       0xb7 .\CortexM0\ARM_GCC_493\Debug\A4W_Softap.a(SW_Main.o)
 .debug_line    0x00002354       0xb7 .\CortexM0\ARM_GCC_493\Debug\A4W_Softap.a(SW_Plus.o)
 .debug_line    0x0000240b       0xb8 .\CortexM0\ARM_GCC_493\Debug\A4W_Softap.a(SW_Minus.o)
 .debug_line    0x000024c3       0xb7 .\CortexM0\ARM_GCC_493\Debug\A4W_Softap.a(Relay_1P.o)
 .debug_line    0x0000257a       0xba .\CortexM0\ARM_GCC_493\Debug\A4W_Softap.a(Relay_3W.o)
 .debug_line    0x00002634       0xd6 .\CortexM0\ARM_GCC_493\Debug\A4W_Softap.a(Relay_Cal_Bytes.o)
 .debug_line    0x0000270a       0x69 .\CortexM0\ARM_GCC_493\Debug\A4W_Softap.a(CyBootAsmGnu.o)
 .debug_line    0x00002773      0x15f .\CortexM0\ARM_GCC_493\Debug\A4W_Softap.a(CyFlash.o)
 .debug_line    0x000028d2      0x783 .\CortexM0\ARM_GCC_493\Debug\A4W_Softap.a(CyLib.o)
 .debug_line    0x00003055      0x160 .\CortexM0\ARM_GCC_493\Debug\A4W_Softap.a(cyPm.o)
 .debug_line    0x000031b5      0x1cd .\CortexM0\ARM_GCC_493\Debug\A4W_Softap.a(PWM_ISR.o)
 .debug_line    0x00003382      0x3ea .\CortexM0\ARM_GCC_493\Debug\A4W_Softap.a(Relay_Offset.o)
 .debug_line    0x0000376c      0x1d6 .\CortexM0\ARM_GCC_493\Debug\A4W_Softap.a(Relay_Fire_ISR.o)

.debug_frame    0x00000000     0x1d1c
 *(.debug_frame)
 .debug_frame   0x00000000       0x80 .\CortexM0\ARM_GCC_493\Debug\main.o
 .debug_frame   0x00000080       0x58 .\CortexM0\ARM_GCC_493\Debug\dimming_ctrl.o
 .debug_frame   0x000000d8       0x80 .\CortexM0\ARM_GCC_493\Debug\interrupts.o
 .debug_frame   0x00000158       0x58 .\CortexM0\ARM_GCC_493\Debug\pushbutton.o
 .debug_frame   0x000001b0       0x4c .\CortexM0\ARM_GCC_493\Debug\CY8C4124.o
 .debug_frame   0x000001fc       0xa4 .\CortexM0\ARM_GCC_493\Debug\Cm0Start.o
 .debug_frame   0x000002a0       0x48 .\CortexM0\ARM_GCC_493\Debug\A4W_Softap.a(cyfitter_cfg.o)
 .debug_frame   0x000002e8       0x7c .\CortexM0\ARM_GCC_493\Debug\A4W_Softap.a(Opto_PWM.o)
 .debug_frame   0x00000364      0x15c .\CortexM0\ARM_GCC_493\Debug\A4W_Softap.a(Zero_Cross.o)
 .debug_frame   0x000004c0      0x110 .\CortexM0\ARM_GCC_493\Debug\A4W_Softap.a(ZC_ISR.o)
 .debug_frame   0x000005d0      0x384 .\CortexM0\ARM_GCC_493\Debug\A4W_Softap.a(Dimming.o)
 .debug_frame   0x00000954       0x60 .\CortexM0\ARM_GCC_493\Debug\A4W_Softap.a(I_Sense.o)
 .debug_frame   0x000009b4       0x60 .\CortexM0\ARM_GCC_493\Debug\A4W_Softap.a(Test.o)
 .debug_frame   0x00000a14       0x60 .\CortexM0\ARM_GCC_493\Debug\A4W_Softap.a(LED_LO.o)
 .debug_frame   0x00000a74       0x60 .\CortexM0\ARM_GCC_493\Debug\A4W_Softap.a(LED_1.o)
 .debug_frame   0x00000ad4       0x60 .\CortexM0\ARM_GCC_493\Debug\A4W_Softap.a(LED_2.o)
 .debug_frame   0x00000b34       0x60 .\CortexM0\ARM_GCC_493\Debug\A4W_Softap.a(LED_3.o)
 .debug_frame   0x00000b94       0x60 .\CortexM0\ARM_GCC_493\Debug\A4W_Softap.a(LED_4.o)
 .debug_frame   0x00000bf4       0x60 .\CortexM0\ARM_GCC_493\Debug\A4W_Softap.a(LED_5.o)
 .debug_frame   0x00000c54       0x60 .\CortexM0\ARM_GCC_493\Debug\A4W_Softap.a(LED_Hi.o)
 .debug_frame   0x00000cb4       0x60 .\CortexM0\ARM_GCC_493\Debug\A4W_Softap.a(LED_Plus.o)
 .debug_frame   0x00000d14       0x60 .\CortexM0\ARM_GCC_493\Debug\A4W_Softap.a(LED_Minus.o)
 .debug_frame   0x00000d74       0x60 .\CortexM0\ARM_GCC_493\Debug\A4W_Softap.a(LED_Main.o)
 .debug_frame   0x00000dd4       0x60 .\CortexM0\ARM_GCC_493\Debug\A4W_Softap.a(SW_Main.o)
 .debug_frame   0x00000e34       0x60 .\CortexM0\ARM_GCC_493\Debug\A4W_Softap.a(SW_Plus.o)
 .debug_frame   0x00000e94       0x60 .\CortexM0\ARM_GCC_493\Debug\A4W_Softap.a(SW_Minus.o)
 .debug_frame   0x00000ef4       0x60 .\CortexM0\ARM_GCC_493\Debug\A4W_Softap.a(Relay_1P.o)
 .debug_frame   0x00000f54       0x60 .\CortexM0\ARM_GCC_493\Debug\A4W_Softap.a(Relay_3W.o)
 .debug_frame   0x00000fb4       0x58 .\CortexM0\ARM_GCC_493\Debug\A4W_Softap.a(Relay_Cal_Bytes.o)
 .debug_frame   0x0000100c       0x54 .\CortexM0\ARM_GCC_493\Debug\A4W_Softap.a(CyFlash.o)
 .debug_frame   0x00001060      0x528 .\CortexM0\ARM_GCC_493\Debug\A4W_Softap.a(CyLib.o)
 .debug_frame   0x00001588       0xf4 .\CortexM0\ARM_GCC_493\Debug\A4W_Softap.a(cyPm.o)
 .debug_frame   0x0000167c      0x110 .\CortexM0\ARM_GCC_493\Debug\A4W_Softap.a(PWM_ISR.o)
 .debug_frame   0x0000178c      0x384 .\CortexM0\ARM_GCC_493\Debug\A4W_Softap.a(Relay_Offset.o)
 .debug_frame   0x00001b10      0x110 .\CortexM0\ARM_GCC_493\Debug\A4W_Softap.a(Relay_Fire_ISR.o)
 .debug_frame   0x00001c20       0x20 c:/program files (x86)/cypress/psoc creator/3.3/psoc creator/import/gnu/arm/4.9.3/bin/../lib/gcc/arm-none-eabi/4.9.3/armv6-m\libgcc.a(_udivsi3.o)
 .debug_frame   0x00001c40       0x20 c:/program files (x86)/cypress/psoc creator/3.3/psoc creator/import/gnu/arm/4.9.3/bin/../lib/gcc/arm-none-eabi/4.9.3/armv6-m\libgcc.a(_divsi3.o)
 .debug_frame   0x00001c60       0x20 c:/program files (x86)/cypress/psoc creator/3.3/psoc creator/import/gnu/arm/4.9.3/bin/../lib/gcc/arm-none-eabi/4.9.3/../../../../arm-none-eabi/lib/armv6-m\libg_nano.a(lib_a-errno.o)
 .debug_frame   0x00001c80       0x28 c:/program files (x86)/cypress/psoc creator/3.3/psoc creator/import/gnu/arm/4.9.3/bin/../lib/gcc/arm-none-eabi/4.9.3/../../../../arm-none-eabi/lib/armv6-m\libg_nano.a(lib_a-exit.o)
 .debug_frame   0x00001ca8       0x2c c:/program files (x86)/cypress/psoc creator/3.3/psoc creator/import/gnu/arm/4.9.3/bin/../lib/gcc/arm-none-eabi/4.9.3/../../../../arm-none-eabi/lib/armv6-m\libg_nano.a(lib_a-init.o)
 .debug_frame   0x00001cd4       0x28 c:/program files (x86)/cypress/psoc creator/3.3/psoc creator/import/gnu/arm/4.9.3/bin/../lib/gcc/arm-none-eabi/4.9.3/../../../../arm-none-eabi/lib/armv6-m\libg_nano.a(lib_a-memcpy.o)
 .debug_frame   0x00001cfc       0x20 c:/program files (x86)/cypress/psoc creator/3.3/psoc creator/import/gnu/arm/4.9.3/bin/../lib/gcc/arm-none-eabi/4.9.3/../../../../arm-none-eabi/lib/armv6-m\libg_nano.a(lib_a-memset.o)

.debug_str      0x00000000     0x29bc
 *(.debug_str)
 .debug_str     0x00000000      0x6c7 .\CortexM0\ARM_GCC_493\Debug\main.o
                                0x74c (size before relaxing)
 .debug_str     0x000006c7       0x87 .\CortexM0\ARM_GCC_493\Debug\dimming_ctrl.o
                                0x474 (size before relaxing)
 .debug_str     0x0000074e       0xad .\CortexM0\ARM_GCC_493\Debug\interrupts.o
                                0x4d6 (size before relaxing)
 .debug_str     0x000007fb       0x8b .\CortexM0\ARM_GCC_493\Debug\pushbutton.o
                                0x2b4 (size before relaxing)
 .debug_str     0x00000886       0x4f .\CortexM0\ARM_GCC_493\Debug\CY8C4124.o
                                0x1ff (size before relaxing)
 .debug_str     0x000008d5       0x5b .\CortexM0\ARM_GCC_493\Debug\cymetadata.o
                                0x1c7 (size before relaxing)
 .debug_str     0x00000930      0x14f .\CortexM0\ARM_GCC_493\Debug\Cm0Start.o
                                0x2e1 (size before relaxing)
 .debug_str     0x00000a7f      0x119 .\CortexM0\ARM_GCC_493\Debug\A4W_Softap.a(cyfitter_cfg.o)
                                0x2cf (size before relaxing)
 .debug_str     0x00000b98       0xab .\CortexM0\ARM_GCC_493\Debug\A4W_Softap.a(Opto_PWM.o)
                                0x22a (size before relaxing)
 .debug_str     0x00000c43      0x1ff .\CortexM0\ARM_GCC_493\Debug\A4W_Softap.a(Zero_Cross.o)
                                0x3c0 (size before relaxing)
 .debug_str     0x00000e42       0xf3 .\CortexM0\ARM_GCC_493\Debug\A4W_Softap.a(ZC_ISR.o)
                                0x2f0 (size before relaxing)
 .debug_str     0x00000f35      0x3c0 .\CortexM0\ARM_GCC_493\Debug\A4W_Softap.a(Dimming.o)
                                0x5f2 (size before relaxing)
 .debug_str     0x000012f5       0x84 .\CortexM0\ARM_GCC_493\Debug\A4W_Softap.a(I_Sense.o)
                                0x20c (size before relaxing)
 .debug_str     0x00001379       0x50 .\CortexM0\ARM_GCC_493\Debug\A4W_Softap.a(Test.o)
                                0x1fa (size before relaxing)
 .debug_str     0x000013c9       0x6b .\CortexM0\ARM_GCC_493\Debug\A4W_Softap.a(LED_LO.o)
                                0x206 (size before relaxing)
 .debug_str     0x00001434       0x66 .\CortexM0\ARM_GCC_493\Debug\A4W_Softap.a(LED_1.o)
                                0x200 (size before relaxing)
 .debug_str     0x0000149a       0x66 .\CortexM0\ARM_GCC_493\Debug\A4W_Softap.a(LED_2.o)
                                0x200 (size before relaxing)
 .debug_str     0x00001500       0x66 .\CortexM0\ARM_GCC_493\Debug\A4W_Softap.a(LED_3.o)
                                0x200 (size before relaxing)
 .debug_str     0x00001566       0x66 .\CortexM0\ARM_GCC_493\Debug\A4W_Softap.a(LED_4.o)
                                0x200 (size before relaxing)
 .debug_str     0x000015cc       0x66 .\CortexM0\ARM_GCC_493\Debug\A4W_Softap.a(LED_5.o)
                                0x200 (size before relaxing)
 .debug_str     0x00001632       0x6b .\CortexM0\ARM_GCC_493\Debug\A4W_Softap.a(LED_Hi.o)
                                0x206 (size before relaxing)
 .debug_str     0x0000169d       0x75 .\CortexM0\ARM_GCC_493\Debug\A4W_Softap.a(LED_Plus.o)
                                0x212 (size before relaxing)
 .debug_str     0x00001712       0x7a .\CortexM0\ARM_GCC_493\Debug\A4W_Softap.a(LED_Minus.o)
                                0x218 (size before relaxing)
 .debug_str     0x0000178c       0x75 .\CortexM0\ARM_GCC_493\Debug\A4W_Softap.a(LED_Main.o)
                                0x212 (size before relaxing)
 .debug_str     0x00001801       0x71 .\CortexM0\ARM_GCC_493\Debug\A4W_Softap.a(SW_Main.o)
                                0x20c (size before relaxing)
 .debug_str     0x00001872       0x71 .\CortexM0\ARM_GCC_493\Debug\A4W_Softap.a(SW_Plus.o)
                                0x20c (size before relaxing)
 .debug_str     0x000018e3       0x76 .\CortexM0\ARM_GCC_493\Debug\A4W_Softap.a(SW_Minus.o)
                                0x212 (size before relaxing)
 .debug_str     0x00001959       0x75 .\CortexM0\ARM_GCC_493\Debug\A4W_Softap.a(Relay_1P.o)
                                0x212 (size before relaxing)
 .debug_str     0x000019ce       0x75 .\CortexM0\ARM_GCC_493\Debug\A4W_Softap.a(Relay_3W.o)
                                0x212 (size before relaxing)
 .debug_str     0x00001a43       0xc4 .\CortexM0\ARM_GCC_493\Debug\A4W_Softap.a(Relay_Cal_Bytes.o)
                                0x25b (size before relaxing)
 .debug_str     0x00001b07      0x147 .\CortexM0\ARM_GCC_493\Debug\A4W_Softap.a(CyFlash.o)
                                0x326 (size before relaxing)
 .debug_str     0x00001c4e      0x64c .\CortexM0\ARM_GCC_493\Debug\A4W_Softap.a(CyLib.o)
                                0x909 (size before relaxing)
 .debug_str     0x0000229a       0xbb .\CortexM0\ARM_GCC_493\Debug\A4W_Softap.a(cyPm.o)
                                0x2a2 (size before relaxing)
 .debug_str     0x00002355       0xf6 .\CortexM0\ARM_GCC_493\Debug\A4W_Softap.a(PWM_ISR.o)
                                0x2fd (size before relaxing)
 .debug_str     0x0000244b      0x420 .\CortexM0\ARM_GCC_493\Debug\A4W_Softap.a(Relay_Offset.o)
                                0x6c4 (size before relaxing)
 .debug_str     0x0000286b      0x151 .\CortexM0\ARM_GCC_493\Debug\A4W_Softap.a(Relay_Fire_ISR.o)
                                0x368 (size before relaxing)

.debug_loc      0x00000000     0x2a28
 *(.debug_loc)
 .debug_loc     0x00000000       0xd0 .\CortexM0\ARM_GCC_493\Debug\dimming_ctrl.o
 .debug_loc     0x000000d0      0x1e4 .\CortexM0\ARM_GCC_493\Debug\pushbutton.o
 .debug_loc     0x000002b4       0x58 .\CortexM0\ARM_GCC_493\Debug\CY8C4124.o
 .debug_loc     0x0000030c      0x1c8 .\CortexM0\ARM_GCC_493\Debug\Cm0Start.o
 .debug_loc     0x000004d4      0x11a .\CortexM0\ARM_GCC_493\Debug\A4W_Softap.a(cyfitter_cfg.o)
 .debug_loc     0x000005ee       0x39 .\CortexM0\ARM_GCC_493\Debug\A4W_Softap.a(Opto_PWM.o)
 .debug_loc     0x00000627      0x144 .\CortexM0\ARM_GCC_493\Debug\A4W_Softap.a(Zero_Cross.o)
 .debug_loc     0x0000076b       0xa8 .\CortexM0\ARM_GCC_493\Debug\A4W_Softap.a(ZC_ISR.o)
 .debug_loc     0x00000813      0x53c .\CortexM0\ARM_GCC_493\Debug\A4W_Softap.a(Dimming.o)
 .debug_loc     0x00000d4f       0x63 .\CortexM0\ARM_GCC_493\Debug\A4W_Softap.a(I_Sense.o)
 .debug_loc     0x00000db2       0x63 .\CortexM0\ARM_GCC_493\Debug\A4W_Softap.a(Test.o)
 .debug_loc     0x00000e15       0x63 .\CortexM0\ARM_GCC_493\Debug\A4W_Softap.a(LED_LO.o)
 .debug_loc     0x00000e78       0x63 .\CortexM0\ARM_GCC_493\Debug\A4W_Softap.a(LED_1.o)
 .debug_loc     0x00000edb       0x63 .\CortexM0\ARM_GCC_493\Debug\A4W_Softap.a(LED_2.o)
 .debug_loc     0x00000f3e       0x63 .\CortexM0\ARM_GCC_493\Debug\A4W_Softap.a(LED_3.o)
 .debug_loc     0x00000fa1       0x63 .\CortexM0\ARM_GCC_493\Debug\A4W_Softap.a(LED_4.o)
 .debug_loc     0x00001004       0x21 .\CortexM0\ARM_GCC_493\Debug\A4W_Softap.a(LED_5.o)
 .debug_loc     0x00001025       0x63 .\CortexM0\ARM_GCC_493\Debug\A4W_Softap.a(LED_Hi.o)
 .debug_loc     0x00001088       0x63 .\CortexM0\ARM_GCC_493\Debug\A4W_Softap.a(LED_Plus.o)
 .debug_loc     0x000010eb       0x63 .\CortexM0\ARM_GCC_493\Debug\A4W_Softap.a(LED_Minus.o)
 .debug_loc     0x0000114e       0x63 .\CortexM0\ARM_GCC_493\Debug\A4W_Softap.a(LED_Main.o)
 .debug_loc     0x000011b1       0x63 .\CortexM0\ARM_GCC_493\Debug\A4W_Softap.a(SW_Main.o)
 .debug_loc     0x00001214       0x63 .\CortexM0\ARM_GCC_493\Debug\A4W_Softap.a(SW_Plus.o)
 .debug_loc     0x00001277       0x63 .\CortexM0\ARM_GCC_493\Debug\A4W_Softap.a(SW_Minus.o)
 .debug_loc     0x000012da       0x21 .\CortexM0\ARM_GCC_493\Debug\A4W_Softap.a(Relay_1P.o)
 .debug_loc     0x000012fb       0x63 .\CortexM0\ARM_GCC_493\Debug\A4W_Softap.a(Relay_3W.o)
 .debug_loc     0x0000135e      0x15d .\CortexM0\ARM_GCC_493\Debug\A4W_Softap.a(Relay_Cal_Bytes.o)
 .debug_loc     0x000014bb      0x271 .\CortexM0\ARM_GCC_493\Debug\A4W_Softap.a(CyFlash.o)
 .debug_loc     0x0000172c      0xbae .\CortexM0\ARM_GCC_493\Debug\A4W_Softap.a(CyLib.o)
 .debug_loc     0x000022da       0xbd .\CortexM0\ARM_GCC_493\Debug\A4W_Softap.a(cyPm.o)
 .debug_loc     0x00002397       0xab .\CortexM0\ARM_GCC_493\Debug\A4W_Softap.a(PWM_ISR.o)
 .debug_loc     0x00002442      0x53c .\CortexM0\ARM_GCC_493\Debug\A4W_Softap.a(Relay_Offset.o)
 .debug_loc     0x0000297e       0xaa .\CortexM0\ARM_GCC_493\Debug\A4W_Softap.a(Relay_Fire_ISR.o)

.debug_macinfo
 *(.debug_macinfo)

.debug_ranges   0x00000000      0xda8
 *(.debug_ranges)
 .debug_ranges  0x00000000       0x20 .\CortexM0\ARM_GCC_493\Debug\main.o
 .debug_ranges  0x00000020       0x18 .\CortexM0\ARM_GCC_493\Debug\dimming_ctrl.o
 .debug_ranges  0x00000038       0x20 .\CortexM0\ARM_GCC_493\Debug\interrupts.o
 .debug_ranges  0x00000058       0x18 .\CortexM0\ARM_GCC_493\Debug\pushbutton.o
 .debug_ranges  0x00000070       0x20 .\CortexM0\ARM_GCC_493\Debug\CY8C4124.o
 .debug_ranges  0x00000090       0x38 .\CortexM0\ARM_GCC_493\Debug\Cm0Start.o
 .debug_ranges  0x000000c8       0x60 .\CortexM0\ARM_GCC_493\Debug\A4W_Softap.a(cyfitter_cfg.o)
 .debug_ranges  0x00000128       0x38 .\CortexM0\ARM_GCC_493\Debug\A4W_Softap.a(Opto_PWM.o)
 .debug_ranges  0x00000160       0x88 .\CortexM0\ARM_GCC_493\Debug\A4W_Softap.a(Zero_Cross.o)
 .debug_ranges  0x000001e8       0xb8 .\CortexM0\ARM_GCC_493\Debug\A4W_Softap.a(ZC_ISR.o)
 .debug_ranges  0x000002a0      0x160 .\CortexM0\ARM_GCC_493\Debug\A4W_Softap.a(Dimming.o)
 .debug_ranges  0x00000400       0x30 .\CortexM0\ARM_GCC_493\Debug\A4W_Softap.a(I_Sense.o)
 .debug_ranges  0x00000430       0x30 .\CortexM0\ARM_GCC_493\Debug\A4W_Softap.a(Test.o)
 .debug_ranges  0x00000460       0x30 .\CortexM0\ARM_GCC_493\Debug\A4W_Softap.a(LED_LO.o)
 .debug_ranges  0x00000490       0x30 .\CortexM0\ARM_GCC_493\Debug\A4W_Softap.a(LED_1.o)
 .debug_ranges  0x000004c0       0x30 .\CortexM0\ARM_GCC_493\Debug\A4W_Softap.a(LED_2.o)
 .debug_ranges  0x000004f0       0x30 .\CortexM0\ARM_GCC_493\Debug\A4W_Softap.a(LED_3.o)
 .debug_ranges  0x00000520       0x30 .\CortexM0\ARM_GCC_493\Debug\A4W_Softap.a(LED_4.o)
 .debug_ranges  0x00000550       0x30 .\CortexM0\ARM_GCC_493\Debug\A4W_Softap.a(LED_5.o)
 .debug_ranges  0x00000580       0x30 .\CortexM0\ARM_GCC_493\Debug\A4W_Softap.a(LED_Hi.o)
 .debug_ranges  0x000005b0       0x30 .\CortexM0\ARM_GCC_493\Debug\A4W_Softap.a(LED_Plus.o)
 .debug_ranges  0x000005e0       0x30 .\CortexM0\ARM_GCC_493\Debug\A4W_Softap.a(LED_Minus.o)
 .debug_ranges  0x00000610       0x30 .\CortexM0\ARM_GCC_493\Debug\A4W_Softap.a(LED_Main.o)
 .debug_ranges  0x00000640       0x30 .\CortexM0\ARM_GCC_493\Debug\A4W_Softap.a(SW_Main.o)
 .debug_ranges  0x00000670       0x30 .\CortexM0\ARM_GCC_493\Debug\A4W_Softap.a(SW_Plus.o)
 .debug_ranges  0x000006a0       0x30 .\CortexM0\ARM_GCC_493\Debug\A4W_Softap.a(SW_Minus.o)
 .debug_ranges  0x000006d0       0x30 .\CortexM0\ARM_GCC_493\Debug\A4W_Softap.a(Relay_1P.o)
 .debug_ranges  0x00000700       0x30 .\CortexM0\ARM_GCC_493\Debug\A4W_Softap.a(Relay_3W.o)
 .debug_ranges  0x00000730       0x20 .\CortexM0\ARM_GCC_493\Debug\A4W_Softap.a(Relay_Cal_Bytes.o)
 .debug_ranges  0x00000750       0x30 .\CortexM0\ARM_GCC_493\Debug\A4W_Softap.a(CyFlash.o)
 .debug_ranges  0x00000780      0x328 .\CortexM0\ARM_GCC_493\Debug\A4W_Softap.a(CyLib.o)
 .debug_ranges  0x00000aa8       0x48 .\CortexM0\ARM_GCC_493\Debug\A4W_Softap.a(cyPm.o)
 .debug_ranges  0x00000af0       0xb8 .\CortexM0\ARM_GCC_493\Debug\A4W_Softap.a(PWM_ISR.o)
 .debug_ranges  0x00000ba8      0x148 .\CortexM0\ARM_GCC_493\Debug\A4W_Softap.a(Relay_Offset.o)
 .debug_ranges  0x00000cf0       0xb8 .\CortexM0\ARM_GCC_493\Debug\A4W_Softap.a(Relay_Fire_ISR.o)

.comment        0x00000000       0x70
 .comment       0x00000000       0x70 .\CortexM0\ARM_GCC_493\Debug\main.o
                                 0x71 (size before relaxing)
 .comment       0x00000000       0x71 .\CortexM0\ARM_GCC_493\Debug\dimming_ctrl.o
 .comment       0x00000000       0x71 .\CortexM0\ARM_GCC_493\Debug\interrupts.o
 .comment       0x00000000       0x71 .\CortexM0\ARM_GCC_493\Debug\pushbutton.o
 .comment       0x00000000       0x71 .\CortexM0\ARM_GCC_493\Debug\CY8C4124.o
 .comment       0x00000000       0x71 .\CortexM0\ARM_GCC_493\Debug\cymetadata.o
 .comment       0x00000000       0x71 .\CortexM0\ARM_GCC_493\Debug\Cm0Start.o
 .comment       0x00000000       0x71 .\CortexM0\ARM_GCC_493\Debug\A4W_Softap.a(cyfitter_cfg.o)
 .comment       0x00000000       0x71 .\CortexM0\ARM_GCC_493\Debug\A4W_Softap.a(Opto_PWM.o)
 .comment       0x00000000       0x71 .\CortexM0\ARM_GCC_493\Debug\A4W_Softap.a(Zero_Cross.o)
 .comment       0x00000000       0x71 .\CortexM0\ARM_GCC_493\Debug\A4W_Softap.a(ZC_ISR.o)
 .comment       0x00000000       0x71 .\CortexM0\ARM_GCC_493\Debug\A4W_Softap.a(Dimming.o)
 .comment       0x00000000       0x71 .\CortexM0\ARM_GCC_493\Debug\A4W_Softap.a(I_Sense.o)
 .comment       0x00000000       0x71 .\CortexM0\ARM_GCC_493\Debug\A4W_Softap.a(Test.o)
 .comment       0x00000000       0x71 .\CortexM0\ARM_GCC_493\Debug\A4W_Softap.a(LED_LO.o)
 .comment       0x00000000       0x71 .\CortexM0\ARM_GCC_493\Debug\A4W_Softap.a(LED_1.o)
 .comment       0x00000000       0x71 .\CortexM0\ARM_GCC_493\Debug\A4W_Softap.a(LED_2.o)
 .comment       0x00000000       0x71 .\CortexM0\ARM_GCC_493\Debug\A4W_Softap.a(LED_3.o)
 .comment       0x00000000       0x71 .\CortexM0\ARM_GCC_493\Debug\A4W_Softap.a(LED_4.o)
 .comment       0x00000000       0x71 .\CortexM0\ARM_GCC_493\Debug\A4W_Softap.a(LED_5.o)
 .comment       0x00000000       0x71 .\CortexM0\ARM_GCC_493\Debug\A4W_Softap.a(LED_Hi.o)
 .comment       0x00000000       0x71 .\CortexM0\ARM_GCC_493\Debug\A4W_Softap.a(LED_Plus.o)
 .comment       0x00000000       0x71 .\CortexM0\ARM_GCC_493\Debug\A4W_Softap.a(LED_Minus.o)
 .comment       0x00000000       0x71 .\CortexM0\ARM_GCC_493\Debug\A4W_Softap.a(LED_Main.o)
 .comment       0x00000000       0x71 .\CortexM0\ARM_GCC_493\Debug\A4W_Softap.a(SW_Main.o)
 .comment       0x00000000       0x71 .\CortexM0\ARM_GCC_493\Debug\A4W_Softap.a(SW_Plus.o)
 .comment       0x00000000       0x71 .\CortexM0\ARM_GCC_493\Debug\A4W_Softap.a(SW_Minus.o)
 .comment       0x00000000       0x71 .\CortexM0\ARM_GCC_493\Debug\A4W_Softap.a(Relay_1P.o)
 .comment       0x00000000       0x71 .\CortexM0\ARM_GCC_493\Debug\A4W_Softap.a(Relay_3W.o)
 .comment       0x00000000       0x71 .\CortexM0\ARM_GCC_493\Debug\A4W_Softap.a(Relay_Cal_Bytes.o)
 .comment       0x00000000       0x71 .\CortexM0\ARM_GCC_493\Debug\A4W_Softap.a(CyFlash.o)
 .comment       0x00000000       0x71 .\CortexM0\ARM_GCC_493\Debug\A4W_Softap.a(CyLib.o)
 .comment       0x00000000       0x71 .\CortexM0\ARM_GCC_493\Debug\A4W_Softap.a(cyPm.o)
 .comment       0x00000000       0x71 .\CortexM0\ARM_GCC_493\Debug\A4W_Softap.a(PWM_ISR.o)
 .comment       0x00000000       0x71 .\CortexM0\ARM_GCC_493\Debug\A4W_Softap.a(Relay_Offset.o)
 .comment       0x00000000       0x71 .\CortexM0\ARM_GCC_493\Debug\A4W_Softap.a(Relay_Fire_ISR.o)

.debug_weaknames
 *(.debug_weaknames)

.debug_funcnames
 *(.debug_funcnames)

.debug_typenames
 *(.debug_typenames)

.debug_varnames
 *(.debug_varnames)

.note.gnu.arm.ident
 *(.note.gnu.arm.ident)

.ARM.attributes
                0x00000000       0x28
 *(.ARM.attributes)
 .ARM.attributes
                0x00000000       0x1e c:/program files (x86)/cypress/psoc creator/3.3/psoc creator/import/gnu/arm/4.9.3/bin/../lib/gcc/arm-none-eabi/4.9.3/armv6-m/crti.o
 .ARM.attributes
                0x0000001e       0x2c c:/program files (x86)/cypress/psoc creator/3.3/psoc creator/import/gnu/arm/4.9.3/bin/../lib/gcc/arm-none-eabi/4.9.3/armv6-m/crtbegin.o
 .ARM.attributes
                0x0000004a       0x1b c:/program files (x86)/cypress/psoc creator/3.3/psoc creator/import/gnu/arm/4.9.3/bin/../lib/gcc/arm-none-eabi/4.9.3/../../../../arm-none-eabi/lib/armv6-m/crt0.o
 .ARM.attributes
                0x00000065       0x31 .\CortexM0\ARM_GCC_493\Debug\main.o
 .ARM.attributes
                0x00000096       0x31 .\CortexM0\ARM_GCC_493\Debug\dimming_ctrl.o
 .ARM.attributes
                0x000000c7       0x31 .\CortexM0\ARM_GCC_493\Debug\interrupts.o
 .ARM.attributes
                0x000000f8       0x31 .\CortexM0\ARM_GCC_493\Debug\pushbutton.o
 .ARM.attributes
                0x00000129       0x31 .\CortexM0\ARM_GCC_493\Debug\CY8C4124.o
 .ARM.attributes
                0x0000015a       0x31 .\CortexM0\ARM_GCC_493\Debug\cymetadata.o
 .ARM.attributes
                0x0000018b       0x31 .\CortexM0\ARM_GCC_493\Debug\Cm0Start.o
 .ARM.attributes
                0x000001bc       0x31 .\CortexM0\ARM_GCC_493\Debug\A4W_Softap.a(cyfitter_cfg.o)
 .ARM.attributes
                0x000001ed       0x31 .\CortexM0\ARM_GCC_493\Debug\A4W_Softap.a(Opto_PWM.o)
 .ARM.attributes
                0x0000021e       0x31 .\CortexM0\ARM_GCC_493\Debug\A4W_Softap.a(Zero_Cross.o)
 .ARM.attributes
                0x0000024f       0x31 .\CortexM0\ARM_GCC_493\Debug\A4W_Softap.a(ZC_ISR.o)
 .ARM.attributes
                0x00000280       0x31 .\CortexM0\ARM_GCC_493\Debug\A4W_Softap.a(Dimming.o)
 .ARM.attributes
                0x000002b1       0x31 .\CortexM0\ARM_GCC_493\Debug\A4W_Softap.a(I_Sense.o)
 .ARM.attributes
                0x000002e2       0x31 .\CortexM0\ARM_GCC_493\Debug\A4W_Softap.a(Test.o)
 .ARM.attributes
                0x00000313       0x31 .\CortexM0\ARM_GCC_493\Debug\A4W_Softap.a(LED_LO.o)
 .ARM.attributes
                0x00000344       0x31 .\CortexM0\ARM_GCC_493\Debug\A4W_Softap.a(LED_1.o)
 .ARM.attributes
                0x00000375       0x31 .\CortexM0\ARM_GCC_493\Debug\A4W_Softap.a(LED_2.o)
 .ARM.attributes
                0x000003a6       0x31 .\CortexM0\ARM_GCC_493\Debug\A4W_Softap.a(LED_3.o)
 .ARM.attributes
                0x000003d7       0x31 .\CortexM0\ARM_GCC_493\Debug\A4W_Softap.a(LED_4.o)
 .ARM.attributes
                0x00000408       0x31 .\CortexM0\ARM_GCC_493\Debug\A4W_Softap.a(LED_5.o)
 .ARM.attributes
                0x00000439       0x31 .\CortexM0\ARM_GCC_493\Debug\A4W_Softap.a(LED_Hi.o)
 .ARM.attributes
                0x0000046a       0x31 .\CortexM0\ARM_GCC_493\Debug\A4W_Softap.a(LED_Plus.o)
 .ARM.attributes
                0x0000049b       0x31 .\CortexM0\ARM_GCC_493\Debug\A4W_Softap.a(LED_Minus.o)
 .ARM.attributes
                0x000004cc       0x31 .\CortexM0\ARM_GCC_493\Debug\A4W_Softap.a(LED_Main.o)
 .ARM.attributes
                0x000004fd       0x31 .\CortexM0\ARM_GCC_493\Debug\A4W_Softap.a(SW_Main.o)
 .ARM.attributes
                0x0000052e       0x31 .\CortexM0\ARM_GCC_493\Debug\A4W_Softap.a(SW_Plus.o)
 .ARM.attributes
                0x0000055f       0x31 .\CortexM0\ARM_GCC_493\Debug\A4W_Softap.a(SW_Minus.o)
 .ARM.attributes
                0x00000590       0x31 .\CortexM0\ARM_GCC_493\Debug\A4W_Softap.a(Relay_1P.o)
 .ARM.attributes
                0x000005c1       0x31 .\CortexM0\ARM_GCC_493\Debug\A4W_Softap.a(Relay_3W.o)
 .ARM.attributes
                0x000005f2       0x31 .\CortexM0\ARM_GCC_493\Debug\A4W_Softap.a(Relay_Cal_Bytes.o)
 .ARM.attributes
                0x00000623       0x21 .\CortexM0\ARM_GCC_493\Debug\A4W_Softap.a(CyBootAsmGnu.o)
 .ARM.attributes
                0x00000644       0x31 .\CortexM0\ARM_GCC_493\Debug\A4W_Softap.a(CyFlash.o)
 .ARM.attributes
                0x00000675       0x31 .\CortexM0\ARM_GCC_493\Debug\A4W_Softap.a(CyLib.o)
 .ARM.attributes
                0x000006a6       0x31 .\CortexM0\ARM_GCC_493\Debug\A4W_Softap.a(cyPm.o)
 .ARM.attributes
                0x000006d7       0x31 .\CortexM0\ARM_GCC_493\Debug\A4W_Softap.a(PWM_ISR.o)
 .ARM.attributes
                0x00000708       0x31 .\CortexM0\ARM_GCC_493\Debug\A4W_Softap.a(Relay_Offset.o)
 .ARM.attributes
                0x00000739       0x31 .\CortexM0\ARM_GCC_493\Debug\A4W_Softap.a(Relay_Fire_ISR.o)
 .ARM.attributes
                0x0000076a       0x1e c:/program files (x86)/cypress/psoc creator/3.3/psoc creator/import/gnu/arm/4.9.3/bin/../lib/gcc/arm-none-eabi/4.9.3/armv6-m\libgcc.a(_thumb1_case_uqi.o)
 .ARM.attributes
                0x00000788       0x1e c:/program files (x86)/cypress/psoc creator/3.3/psoc creator/import/gnu/arm/4.9.3/bin/../lib/gcc/arm-none-eabi/4.9.3/armv6-m\libgcc.a(_udivsi3.o)
 .ARM.attributes
                0x000007a6       0x1e c:/program files (x86)/cypress/psoc creator/3.3/psoc creator/import/gnu/arm/4.9.3/bin/../lib/gcc/arm-none-eabi/4.9.3/armv6-m\libgcc.a(_divsi3.o)
 .ARM.attributes
                0x000007c4       0x1e c:/program files (x86)/cypress/psoc creator/3.3/psoc creator/import/gnu/arm/4.9.3/bin/../lib/gcc/arm-none-eabi/4.9.3/armv6-m\libgcc.a(_dvmd_tls.o)
 .ARM.attributes
                0x000007e2       0x2c c:/program files (x86)/cypress/psoc creator/3.3/psoc creator/import/gnu/arm/4.9.3/bin/../lib/gcc/arm-none-eabi/4.9.3/../../../../arm-none-eabi/lib/armv6-m\libg_nano.a(lib_a-errno.o)
 .ARM.attributes
                0x0000080e       0x2c c:/program files (x86)/cypress/psoc creator/3.3/psoc creator/import/gnu/arm/4.9.3/bin/../lib/gcc/arm-none-eabi/4.9.3/../../../../arm-none-eabi/lib/armv6-m\libg_nano.a(lib_a-exit.o)
 .ARM.attributes
                0x0000083a       0x2c c:/program files (x86)/cypress/psoc creator/3.3/psoc creator/import/gnu/arm/4.9.3/bin/../lib/gcc/arm-none-eabi/4.9.3/../../../../arm-none-eabi/lib/armv6-m\libg_nano.a(lib_a-impure.o)
 .ARM.attributes
                0x00000866       0x2c c:/program files (x86)/cypress/psoc creator/3.3/psoc creator/import/gnu/arm/4.9.3/bin/../lib/gcc/arm-none-eabi/4.9.3/../../../../arm-none-eabi/lib/armv6-m\libg_nano.a(lib_a-init.o)
 .ARM.attributes
                0x00000892       0x2c c:/program files (x86)/cypress/psoc creator/3.3/psoc creator/import/gnu/arm/4.9.3/bin/../lib/gcc/arm-none-eabi/4.9.3/../../../../arm-none-eabi/lib/armv6-m\libg_nano.a(lib_a-memcpy.o)
 .ARM.attributes
                0x000008be       0x2c c:/program files (x86)/cypress/psoc creator/3.3/psoc creator/import/gnu/arm/4.9.3/bin/../lib/gcc/arm-none-eabi/4.9.3/../../../../arm-none-eabi/lib/armv6-m\libg_nano.a(lib_a-memset.o)
 .ARM.attributes
                0x000008ea       0x2c c:/program files (x86)/cypress/psoc creator/3.3/psoc creator/import/gnu/arm/4.9.3/bin/../lib/gcc/arm-none-eabi/4.9.3/armv6-m/crtend.o
 .ARM.attributes
                0x00000916       0x1e c:/program files (x86)/cypress/psoc creator/3.3/psoc creator/import/gnu/arm/4.9.3/bin/../lib/gcc/arm-none-eabi/4.9.3/armv6-m/crtn.o

/DISCARD/
 *(.note.GNU-stack)
OUTPUT(.\CortexM0\ARM_GCC_493\Debug\A4W_Softap.elf elf32-littlearm)
