ARM GAS  C:\Users\syhaines\AppData\Local\Temp\ccqhMmSy.s 			page 1


   1              		.cpu cortex-m0
   2              		.fpu softvfp
   3              		.eabi_attribute 20, 1
   4              		.eabi_attribute 21, 1
   5              		.eabi_attribute 23, 3
   6              		.eabi_attribute 24, 1
   7              		.eabi_attribute 25, 1
   8              		.eabi_attribute 26, 1
   9              		.eabi_attribute 30, 4
  10              		.eabi_attribute 34, 0
  11              		.eabi_attribute 18, 4
  12              		.code	16
  13              		.file	"cyfitter_cfg.c"
  14              		.text
  15              	.Ltext0:
  16              		.cfi_sections	.debug_frame
  17              		.section	.text.SetAnalogRoutingPumps,"ax",%progbits
  18              		.align	1
  19              		.global	SetAnalogRoutingPumps
  20              		.code	16
  21              		.thumb_func
  22              		.type	SetAnalogRoutingPumps, %function
  23              	SetAnalogRoutingPumps:
  24              	.LFB6:
  25              		.file 1 ".\\Generated_Source\\PSoC4\\cyfitter_cfg.c"
   1:.\Generated_Source\PSoC4/cyfitter_cfg.c **** /*******************************************************************************
   2:.\Generated_Source\PSoC4/cyfitter_cfg.c **** * File Name: cyfitter_cfg.c
   3:.\Generated_Source\PSoC4/cyfitter_cfg.c **** * 
   4:.\Generated_Source\PSoC4/cyfitter_cfg.c **** * PSoC Creator  3.3 CP3
   5:.\Generated_Source\PSoC4/cyfitter_cfg.c **** *
   6:.\Generated_Source\PSoC4/cyfitter_cfg.c **** * Description:
   7:.\Generated_Source\PSoC4/cyfitter_cfg.c **** * This file contains device initialization code.
   8:.\Generated_Source\PSoC4/cyfitter_cfg.c **** * Except for the user defined sections in CyClockStartupError(), this file should not be modified.
   9:.\Generated_Source\PSoC4/cyfitter_cfg.c **** * This file is automatically generated by PSoC Creator.
  10:.\Generated_Source\PSoC4/cyfitter_cfg.c **** *
  11:.\Generated_Source\PSoC4/cyfitter_cfg.c **** ********************************************************************************
  12:.\Generated_Source\PSoC4/cyfitter_cfg.c **** * Copyright (c) 2007-2016 Cypress Semiconductor.  All rights reserved.
  13:.\Generated_Source\PSoC4/cyfitter_cfg.c **** * You may use this file only in accordance with the license, terms, conditions, 
  14:.\Generated_Source\PSoC4/cyfitter_cfg.c **** * disclaimers, and limitations in the end user license agreement accompanying 
  15:.\Generated_Source\PSoC4/cyfitter_cfg.c **** * the software package with which this file was provided.
  16:.\Generated_Source\PSoC4/cyfitter_cfg.c **** ********************************************************************************/
  17:.\Generated_Source\PSoC4/cyfitter_cfg.c **** 
  18:.\Generated_Source\PSoC4/cyfitter_cfg.c **** #include <string.h>
  19:.\Generated_Source\PSoC4/cyfitter_cfg.c **** #include "cytypes.h"
  20:.\Generated_Source\PSoC4/cyfitter_cfg.c **** #include "cydevice_trm.h"
  21:.\Generated_Source\PSoC4/cyfitter_cfg.c **** #include "cyfitter.h"
  22:.\Generated_Source\PSoC4/cyfitter_cfg.c **** #include "CyLib.h"
  23:.\Generated_Source\PSoC4/cyfitter_cfg.c **** #include "cyfitter_cfg.h"
  24:.\Generated_Source\PSoC4/cyfitter_cfg.c **** 
  25:.\Generated_Source\PSoC4/cyfitter_cfg.c **** 
  26:.\Generated_Source\PSoC4/cyfitter_cfg.c **** #if defined(__GNUC__) || defined(__ARMCC_VERSION)
  27:.\Generated_Source\PSoC4/cyfitter_cfg.c ****     #define CYPACKED 
  28:.\Generated_Source\PSoC4/cyfitter_cfg.c ****     #define CYPACKED_ATTR __attribute__ ((packed))
  29:.\Generated_Source\PSoC4/cyfitter_cfg.c ****     #define CYALIGNED __attribute__ ((aligned))
  30:.\Generated_Source\PSoC4/cyfitter_cfg.c ****     #define CY_CFG_UNUSED __attribute__ ((unused))
  31:.\Generated_Source\PSoC4/cyfitter_cfg.c ****     #ifndef CY_CFG_SECTION
  32:.\Generated_Source\PSoC4/cyfitter_cfg.c ****         #define CY_CFG_SECTION __attribute__ ((section(".psocinit")))
ARM GAS  C:\Users\syhaines\AppData\Local\Temp\ccqhMmSy.s 			page 2


  33:.\Generated_Source\PSoC4/cyfitter_cfg.c ****     #endif
  34:.\Generated_Source\PSoC4/cyfitter_cfg.c ****     
  35:.\Generated_Source\PSoC4/cyfitter_cfg.c ****     #if defined(__ARMCC_VERSION)
  36:.\Generated_Source\PSoC4/cyfitter_cfg.c ****         #define CY_CFG_MEMORY_BARRIER() __memory_changed()
  37:.\Generated_Source\PSoC4/cyfitter_cfg.c ****     #else
  38:.\Generated_Source\PSoC4/cyfitter_cfg.c ****         #define CY_CFG_MEMORY_BARRIER() __sync_synchronize()
  39:.\Generated_Source\PSoC4/cyfitter_cfg.c ****     #endif
  40:.\Generated_Source\PSoC4/cyfitter_cfg.c ****     
  41:.\Generated_Source\PSoC4/cyfitter_cfg.c **** #elif defined(__ICCARM__)
  42:.\Generated_Source\PSoC4/cyfitter_cfg.c ****     #include <intrinsics.h>
  43:.\Generated_Source\PSoC4/cyfitter_cfg.c **** 
  44:.\Generated_Source\PSoC4/cyfitter_cfg.c ****     #define CYPACKED __packed
  45:.\Generated_Source\PSoC4/cyfitter_cfg.c ****     #define CYPACKED_ATTR 
  46:.\Generated_Source\PSoC4/cyfitter_cfg.c ****     #define CYALIGNED _Pragma("data_alignment=4")
  47:.\Generated_Source\PSoC4/cyfitter_cfg.c ****     #define CY_CFG_UNUSED _Pragma("diag_suppress=Pe177")
  48:.\Generated_Source\PSoC4/cyfitter_cfg.c ****     #define CY_CFG_SECTION _Pragma("location=\".psocinit\"")
  49:.\Generated_Source\PSoC4/cyfitter_cfg.c ****     
  50:.\Generated_Source\PSoC4/cyfitter_cfg.c ****     #define CY_CFG_MEMORY_BARRIER() __DMB()
  51:.\Generated_Source\PSoC4/cyfitter_cfg.c ****     
  52:.\Generated_Source\PSoC4/cyfitter_cfg.c **** #else
  53:.\Generated_Source\PSoC4/cyfitter_cfg.c ****     #error Unsupported toolchain
  54:.\Generated_Source\PSoC4/cyfitter_cfg.c **** #endif
  55:.\Generated_Source\PSoC4/cyfitter_cfg.c **** 
  56:.\Generated_Source\PSoC4/cyfitter_cfg.c **** 
  57:.\Generated_Source\PSoC4/cyfitter_cfg.c **** CY_CFG_UNUSED
  58:.\Generated_Source\PSoC4/cyfitter_cfg.c **** static void CYMEMZERO(void *s, size_t n);
  59:.\Generated_Source\PSoC4/cyfitter_cfg.c **** CY_CFG_UNUSED
  60:.\Generated_Source\PSoC4/cyfitter_cfg.c **** static void CYMEMZERO(void *s, size_t n)
  61:.\Generated_Source\PSoC4/cyfitter_cfg.c **** {
  62:.\Generated_Source\PSoC4/cyfitter_cfg.c **** 	(void)memset(s, 0, n);
  63:.\Generated_Source\PSoC4/cyfitter_cfg.c **** }
  64:.\Generated_Source\PSoC4/cyfitter_cfg.c **** CY_CFG_UNUSED
  65:.\Generated_Source\PSoC4/cyfitter_cfg.c **** static void CYCONFIGCPY(void *dest, const void *src, size_t n);
  66:.\Generated_Source\PSoC4/cyfitter_cfg.c **** CY_CFG_UNUSED
  67:.\Generated_Source\PSoC4/cyfitter_cfg.c **** static void CYCONFIGCPY(void *dest, const void *src, size_t n)
  68:.\Generated_Source\PSoC4/cyfitter_cfg.c **** {
  69:.\Generated_Source\PSoC4/cyfitter_cfg.c **** 	(void)memcpy(dest, src, n);
  70:.\Generated_Source\PSoC4/cyfitter_cfg.c **** }
  71:.\Generated_Source\PSoC4/cyfitter_cfg.c **** CY_CFG_UNUSED
  72:.\Generated_Source\PSoC4/cyfitter_cfg.c **** static void CYCONFIGCPYCODE(void *dest, const void *src, size_t n);
  73:.\Generated_Source\PSoC4/cyfitter_cfg.c **** CY_CFG_UNUSED
  74:.\Generated_Source\PSoC4/cyfitter_cfg.c **** static void CYCONFIGCPYCODE(void *dest, const void *src, size_t n)
  75:.\Generated_Source\PSoC4/cyfitter_cfg.c **** {
  76:.\Generated_Source\PSoC4/cyfitter_cfg.c **** 	(void)memcpy(dest, src, n);
  77:.\Generated_Source\PSoC4/cyfitter_cfg.c **** }
  78:.\Generated_Source\PSoC4/cyfitter_cfg.c **** 
  79:.\Generated_Source\PSoC4/cyfitter_cfg.c **** 
  80:.\Generated_Source\PSoC4/cyfitter_cfg.c **** 
  81:.\Generated_Source\PSoC4/cyfitter_cfg.c **** /* Clock startup error codes                                                   */
  82:.\Generated_Source\PSoC4/cyfitter_cfg.c **** #define CYCLOCKSTART_NO_ERROR    0u
  83:.\Generated_Source\PSoC4/cyfitter_cfg.c **** #define CYCLOCKSTART_XTAL_ERROR  1u
  84:.\Generated_Source\PSoC4/cyfitter_cfg.c **** #define CYCLOCKSTART_32KHZ_ERROR 2u
  85:.\Generated_Source\PSoC4/cyfitter_cfg.c **** #define CYCLOCKSTART_PLL_ERROR   3u
  86:.\Generated_Source\PSoC4/cyfitter_cfg.c **** 
  87:.\Generated_Source\PSoC4/cyfitter_cfg.c **** #ifdef CY_NEED_CYCLOCKSTARTUPERROR
  88:.\Generated_Source\PSoC4/cyfitter_cfg.c **** /*******************************************************************************
  89:.\Generated_Source\PSoC4/cyfitter_cfg.c **** * Function Name: CyClockStartupError
ARM GAS  C:\Users\syhaines\AppData\Local\Temp\ccqhMmSy.s 			page 3


  90:.\Generated_Source\PSoC4/cyfitter_cfg.c **** ********************************************************************************
  91:.\Generated_Source\PSoC4/cyfitter_cfg.c **** * Summary:
  92:.\Generated_Source\PSoC4/cyfitter_cfg.c **** *  If an error is encountered during clock configuration (crystal startup error,
  93:.\Generated_Source\PSoC4/cyfitter_cfg.c **** *  PLL lock error, etc.), the system will end up here.  Unless reimplemented by
  94:.\Generated_Source\PSoC4/cyfitter_cfg.c **** *  the customer, this function will stop in an infinite loop.
  95:.\Generated_Source\PSoC4/cyfitter_cfg.c **** *
  96:.\Generated_Source\PSoC4/cyfitter_cfg.c **** * Parameters:
  97:.\Generated_Source\PSoC4/cyfitter_cfg.c **** *   void
  98:.\Generated_Source\PSoC4/cyfitter_cfg.c **** *
  99:.\Generated_Source\PSoC4/cyfitter_cfg.c **** * Return:
 100:.\Generated_Source\PSoC4/cyfitter_cfg.c **** *   void
 101:.\Generated_Source\PSoC4/cyfitter_cfg.c **** *
 102:.\Generated_Source\PSoC4/cyfitter_cfg.c **** *******************************************************************************/
 103:.\Generated_Source\PSoC4/cyfitter_cfg.c **** CY_CFG_UNUSED
 104:.\Generated_Source\PSoC4/cyfitter_cfg.c **** static void CyClockStartupError(uint8 errorCode);
 105:.\Generated_Source\PSoC4/cyfitter_cfg.c **** CY_CFG_UNUSED
 106:.\Generated_Source\PSoC4/cyfitter_cfg.c **** static void CyClockStartupError(uint8 errorCode)
 107:.\Generated_Source\PSoC4/cyfitter_cfg.c **** {
 108:.\Generated_Source\PSoC4/cyfitter_cfg.c ****     /* To remove the compiler warning if errorCode not used.                */
 109:.\Generated_Source\PSoC4/cyfitter_cfg.c ****     errorCode = errorCode;
 110:.\Generated_Source\PSoC4/cyfitter_cfg.c **** 
 111:.\Generated_Source\PSoC4/cyfitter_cfg.c ****     /* `#START CyClockStartupError` */
 112:.\Generated_Source\PSoC4/cyfitter_cfg.c **** 
 113:.\Generated_Source\PSoC4/cyfitter_cfg.c ****     /* If we have a clock startup error (bad MHz crystal, PLL lock, etc.),  */
 114:.\Generated_Source\PSoC4/cyfitter_cfg.c ****     /* we will end up here to allow the customer to implement something to  */
 115:.\Generated_Source\PSoC4/cyfitter_cfg.c ****     /* deal with the clock condition.                                       */
 116:.\Generated_Source\PSoC4/cyfitter_cfg.c **** 
 117:.\Generated_Source\PSoC4/cyfitter_cfg.c ****     /* `#END` */
 118:.\Generated_Source\PSoC4/cyfitter_cfg.c **** 
 119:.\Generated_Source\PSoC4/cyfitter_cfg.c ****     /* If nothing else, stop here since the clocks have not started         */
 120:.\Generated_Source\PSoC4/cyfitter_cfg.c ****     /* correctly.                                                           */
 121:.\Generated_Source\PSoC4/cyfitter_cfg.c ****     while(1) {}
 122:.\Generated_Source\PSoC4/cyfitter_cfg.c **** }
 123:.\Generated_Source\PSoC4/cyfitter_cfg.c **** #endif
 124:.\Generated_Source\PSoC4/cyfitter_cfg.c **** 
 125:.\Generated_Source\PSoC4/cyfitter_cfg.c **** #define CY_CFG_BASE_ADDR_COUNT 3u
 126:.\Generated_Source\PSoC4/cyfitter_cfg.c **** CYPACKED typedef struct
 127:.\Generated_Source\PSoC4/cyfitter_cfg.c **** {
 128:.\Generated_Source\PSoC4/cyfitter_cfg.c **** 	uint8 offset;
 129:.\Generated_Source\PSoC4/cyfitter_cfg.c **** 	uint8 value;
 130:.\Generated_Source\PSoC4/cyfitter_cfg.c **** } CYPACKED_ATTR cy_cfg_addrvalue_t;
 131:.\Generated_Source\PSoC4/cyfitter_cfg.c **** 
 132:.\Generated_Source\PSoC4/cyfitter_cfg.c **** 
 133:.\Generated_Source\PSoC4/cyfitter_cfg.c **** 
 134:.\Generated_Source\PSoC4/cyfitter_cfg.c **** /*******************************************************************************
 135:.\Generated_Source\PSoC4/cyfitter_cfg.c **** * Function Name: cfg_write_bytes32
 136:.\Generated_Source\PSoC4/cyfitter_cfg.c **** ********************************************************************************
 137:.\Generated_Source\PSoC4/cyfitter_cfg.c **** * Summary:
 138:.\Generated_Source\PSoC4/cyfitter_cfg.c **** *  This function is used for setting up the chip configuration areas that
 139:.\Generated_Source\PSoC4/cyfitter_cfg.c **** *  contain relatively sparse data.
 140:.\Generated_Source\PSoC4/cyfitter_cfg.c **** *
 141:.\Generated_Source\PSoC4/cyfitter_cfg.c **** * Parameters:
 142:.\Generated_Source\PSoC4/cyfitter_cfg.c **** *   void
 143:.\Generated_Source\PSoC4/cyfitter_cfg.c **** *
 144:.\Generated_Source\PSoC4/cyfitter_cfg.c **** * Return:
 145:.\Generated_Source\PSoC4/cyfitter_cfg.c **** *   void
 146:.\Generated_Source\PSoC4/cyfitter_cfg.c **** *
ARM GAS  C:\Users\syhaines\AppData\Local\Temp\ccqhMmSy.s 			page 4


 147:.\Generated_Source\PSoC4/cyfitter_cfg.c **** *******************************************************************************/
 148:.\Generated_Source\PSoC4/cyfitter_cfg.c **** static void cfg_write_bytes32(const uint32 addr_table[], const cy_cfg_addrvalue_t data_table[]);
 149:.\Generated_Source\PSoC4/cyfitter_cfg.c **** static void cfg_write_bytes32(const uint32 addr_table[], const cy_cfg_addrvalue_t data_table[])
 150:.\Generated_Source\PSoC4/cyfitter_cfg.c **** {
 151:.\Generated_Source\PSoC4/cyfitter_cfg.c **** 	/* For 32-bit little-endian architectures */
 152:.\Generated_Source\PSoC4/cyfitter_cfg.c **** 	uint32 i, j = 0u;
 153:.\Generated_Source\PSoC4/cyfitter_cfg.c **** 	for (i = 0u; i < CY_CFG_BASE_ADDR_COUNT; i++)
 154:.\Generated_Source\PSoC4/cyfitter_cfg.c **** 	{
 155:.\Generated_Source\PSoC4/cyfitter_cfg.c **** 		uint32 baseAddr = addr_table[i];
 156:.\Generated_Source\PSoC4/cyfitter_cfg.c **** 		uint8 count = (uint8)baseAddr;
 157:.\Generated_Source\PSoC4/cyfitter_cfg.c **** 		baseAddr &= 0xFFFFFF00u;
 158:.\Generated_Source\PSoC4/cyfitter_cfg.c **** 		while (count != 0u)
 159:.\Generated_Source\PSoC4/cyfitter_cfg.c **** 		{
 160:.\Generated_Source\PSoC4/cyfitter_cfg.c **** 			CY_SET_XTND_REG8((void CYFAR *)(baseAddr + data_table[j].offset), data_table[j].value);
 161:.\Generated_Source\PSoC4/cyfitter_cfg.c **** 			j++;
 162:.\Generated_Source\PSoC4/cyfitter_cfg.c **** 			count--;
 163:.\Generated_Source\PSoC4/cyfitter_cfg.c **** 		}
 164:.\Generated_Source\PSoC4/cyfitter_cfg.c **** 	}
 165:.\Generated_Source\PSoC4/cyfitter_cfg.c **** }
 166:.\Generated_Source\PSoC4/cyfitter_cfg.c **** 
 167:.\Generated_Source\PSoC4/cyfitter_cfg.c **** 
 168:.\Generated_Source\PSoC4/cyfitter_cfg.c **** /*******************************************************************************
 169:.\Generated_Source\PSoC4/cyfitter_cfg.c **** * Function Name: ClockSetup
 170:.\Generated_Source\PSoC4/cyfitter_cfg.c **** ********************************************************************************
 171:.\Generated_Source\PSoC4/cyfitter_cfg.c **** *
 172:.\Generated_Source\PSoC4/cyfitter_cfg.c **** * Summary:
 173:.\Generated_Source\PSoC4/cyfitter_cfg.c **** *   Performs the initialization of all of the clocks in the device based on the
 174:.\Generated_Source\PSoC4/cyfitter_cfg.c **** *   settings in the Clock tab of the DWR.  This includes enabling the requested
 175:.\Generated_Source\PSoC4/cyfitter_cfg.c **** *   clocks and setting the necessary dividers to produce the desired frequency. 
 176:.\Generated_Source\PSoC4/cyfitter_cfg.c **** *
 177:.\Generated_Source\PSoC4/cyfitter_cfg.c **** * Parameters:
 178:.\Generated_Source\PSoC4/cyfitter_cfg.c **** *   void
 179:.\Generated_Source\PSoC4/cyfitter_cfg.c **** *
 180:.\Generated_Source\PSoC4/cyfitter_cfg.c **** * Return:
 181:.\Generated_Source\PSoC4/cyfitter_cfg.c **** *   void
 182:.\Generated_Source\PSoC4/cyfitter_cfg.c **** *
 183:.\Generated_Source\PSoC4/cyfitter_cfg.c **** *******************************************************************************/
 184:.\Generated_Source\PSoC4/cyfitter_cfg.c **** static void ClockSetup(void);
 185:.\Generated_Source\PSoC4/cyfitter_cfg.c **** CY_CFG_SECTION
 186:.\Generated_Source\PSoC4/cyfitter_cfg.c **** static void ClockSetup(void)
 187:.\Generated_Source\PSoC4/cyfitter_cfg.c **** {
 188:.\Generated_Source\PSoC4/cyfitter_cfg.c **** 	/* Enable HALF_EN before trimming for the flash accelerator. */
 189:.\Generated_Source\PSoC4/cyfitter_cfg.c **** 	CY_SET_REG32((void CYXDATA *)(CYREG_CLK_SELECT), (CY_GET_REG32((void *)CYREG_CLK_SELECT) | 0x00040
 190:.\Generated_Source\PSoC4/cyfitter_cfg.c **** 
 191:.\Generated_Source\PSoC4/cyfitter_cfg.c **** 	/* Setup and trim IMO based on desired frequency. */
 192:.\Generated_Source\PSoC4/cyfitter_cfg.c **** 	CySysClkWriteImoFreq(24u);
 193:.\Generated_Source\PSoC4/cyfitter_cfg.c **** 
 194:.\Generated_Source\PSoC4/cyfitter_cfg.c **** 	/* Disable HALF_EN since it is not required at this IMO frequency. */
 195:.\Generated_Source\PSoC4/cyfitter_cfg.c **** 	CY_SET_REG32((void CYXDATA *)(CYREG_CLK_SELECT), (CY_GET_REG32((void *)CYREG_CLK_SELECT) & 0xFFFBF
 196:.\Generated_Source\PSoC4/cyfitter_cfg.c **** 	/* CYDEV_CLK_ILO_CONFIG Starting address: CYDEV_CLK_ILO_CONFIG */
 197:.\Generated_Source\PSoC4/cyfitter_cfg.c **** 	CY_SET_XTND_REG32((void CYFAR *)(CYREG_CLK_ILO_CONFIG), 0x80000006u);
 198:.\Generated_Source\PSoC4/cyfitter_cfg.c **** 
 199:.\Generated_Source\PSoC4/cyfitter_cfg.c **** 
 200:.\Generated_Source\PSoC4/cyfitter_cfg.c **** 	/* CYDEV_CLK_SELECT00 Starting address: CYDEV_CLK_SELECT00 */
 201:.\Generated_Source\PSoC4/cyfitter_cfg.c **** 	CY_SET_XTND_REG32((void CYFAR *)(CYREG_CLK_SELECT08), 0x00000010u);
 202:.\Generated_Source\PSoC4/cyfitter_cfg.c **** 	CY_SET_XTND_REG32((void CYFAR *)(CYREG_CLK_SELECT09), 0x00000010u);
 203:.\Generated_Source\PSoC4/cyfitter_cfg.c **** 
ARM GAS  C:\Users\syhaines\AppData\Local\Temp\ccqhMmSy.s 			page 5


 204:.\Generated_Source\PSoC4/cyfitter_cfg.c **** 	/* CYDEV_CLK_IMO_CONFIG Starting address: CYDEV_CLK_IMO_CONFIG */
 205:.\Generated_Source\PSoC4/cyfitter_cfg.c **** 	CY_SET_XTND_REG32((void CYFAR *)(CYREG_CLK_IMO_CONFIG), 0x82000000u);
 206:.\Generated_Source\PSoC4/cyfitter_cfg.c **** 
 207:.\Generated_Source\PSoC4/cyfitter_cfg.c **** 	/* CYDEV_CLK_SELECT Starting address: CYDEV_CLK_SELECT */
 208:.\Generated_Source\PSoC4/cyfitter_cfg.c **** 	CY_SET_XTND_REG32((void CYFAR *)(CYREG_CLK_SELECT), 0x00000000u);
 209:.\Generated_Source\PSoC4/cyfitter_cfg.c **** 
 210:.\Generated_Source\PSoC4/cyfitter_cfg.c **** 	/* CYDEV_CLK_DIVIDER_A00 Starting address: CYDEV_CLK_DIVIDER_A00 */
 211:.\Generated_Source\PSoC4/cyfitter_cfg.c **** 	CY_SET_XTND_REG32((void CYFAR *)(CYREG_CLK_DIVIDER_A00), 0x80000017u);
 212:.\Generated_Source\PSoC4/cyfitter_cfg.c **** 
 213:.\Generated_Source\PSoC4/cyfitter_cfg.c **** 	CY_SET_XTND_REG32((void CYFAR *)(CYREG_WDT_CONFIG), 0x00000000u);
 214:.\Generated_Source\PSoC4/cyfitter_cfg.c **** }
 215:.\Generated_Source\PSoC4/cyfitter_cfg.c **** 
 216:.\Generated_Source\PSoC4/cyfitter_cfg.c **** 
 217:.\Generated_Source\PSoC4/cyfitter_cfg.c **** /* Analog API Functions */
 218:.\Generated_Source\PSoC4/cyfitter_cfg.c **** 
 219:.\Generated_Source\PSoC4/cyfitter_cfg.c **** 
 220:.\Generated_Source\PSoC4/cyfitter_cfg.c **** /*******************************************************************************
 221:.\Generated_Source\PSoC4/cyfitter_cfg.c **** * Function Name: AnalogSetDefault
 222:.\Generated_Source\PSoC4/cyfitter_cfg.c **** ********************************************************************************
 223:.\Generated_Source\PSoC4/cyfitter_cfg.c **** *
 224:.\Generated_Source\PSoC4/cyfitter_cfg.c **** * Summary:
 225:.\Generated_Source\PSoC4/cyfitter_cfg.c **** *  Sets up the analog portions of the chip to default values based on chip
 226:.\Generated_Source\PSoC4/cyfitter_cfg.c **** *  configuration options from the project.
 227:.\Generated_Source\PSoC4/cyfitter_cfg.c **** *
 228:.\Generated_Source\PSoC4/cyfitter_cfg.c **** * Parameters:
 229:.\Generated_Source\PSoC4/cyfitter_cfg.c **** *  void
 230:.\Generated_Source\PSoC4/cyfitter_cfg.c **** *
 231:.\Generated_Source\PSoC4/cyfitter_cfg.c **** * Return:
 232:.\Generated_Source\PSoC4/cyfitter_cfg.c **** *  void
 233:.\Generated_Source\PSoC4/cyfitter_cfg.c **** *
 234:.\Generated_Source\PSoC4/cyfitter_cfg.c **** *******************************************************************************/
 235:.\Generated_Source\PSoC4/cyfitter_cfg.c **** static void AnalogSetDefault(void);
 236:.\Generated_Source\PSoC4/cyfitter_cfg.c **** static void AnalogSetDefault(void)
 237:.\Generated_Source\PSoC4/cyfitter_cfg.c **** {
 238:.\Generated_Source\PSoC4/cyfitter_cfg.c **** 	CY_SET_XTND_REG32((void CYFAR *)CYREG_CTBM_OA0_SW, 0x00000104u);
 239:.\Generated_Source\PSoC4/cyfitter_cfg.c **** 	CY_SET_XTND_REG32((void CYFAR *)CYREG_CTBM_OA1_SW, 0x00000110u);
 240:.\Generated_Source\PSoC4/cyfitter_cfg.c **** 	/* Variable VDDA is selected; no pumps are enabled by default */
 241:.\Generated_Source\PSoC4/cyfitter_cfg.c **** }
 242:.\Generated_Source\PSoC4/cyfitter_cfg.c **** 
 243:.\Generated_Source\PSoC4/cyfitter_cfg.c **** 
 244:.\Generated_Source\PSoC4/cyfitter_cfg.c **** /*******************************************************************************
 245:.\Generated_Source\PSoC4/cyfitter_cfg.c **** * Function Name: SetAnalogRoutingPumps
 246:.\Generated_Source\PSoC4/cyfitter_cfg.c **** ********************************************************************************
 247:.\Generated_Source\PSoC4/cyfitter_cfg.c **** *
 248:.\Generated_Source\PSoC4/cyfitter_cfg.c **** * Summary:
 249:.\Generated_Source\PSoC4/cyfitter_cfg.c **** * Enables or disables the analog pumps feeding analog routing switches.
 250:.\Generated_Source\PSoC4/cyfitter_cfg.c **** * Intended to be called at startup, based on the Vdda system configuration;
 251:.\Generated_Source\PSoC4/cyfitter_cfg.c **** * may be called during operation when the user informs us that the Vdda voltage crossed the pump th
 252:.\Generated_Source\PSoC4/cyfitter_cfg.c **** *
 253:.\Generated_Source\PSoC4/cyfitter_cfg.c **** * Parameters:
 254:.\Generated_Source\PSoC4/cyfitter_cfg.c **** *  enabled - 1 to enable the pumps, 0 to disable the pumps
 255:.\Generated_Source\PSoC4/cyfitter_cfg.c **** *
 256:.\Generated_Source\PSoC4/cyfitter_cfg.c **** * Return:
 257:.\Generated_Source\PSoC4/cyfitter_cfg.c **** *  void
 258:.\Generated_Source\PSoC4/cyfitter_cfg.c **** *
 259:.\Generated_Source\PSoC4/cyfitter_cfg.c **** *******************************************************************************/
 260:.\Generated_Source\PSoC4/cyfitter_cfg.c **** void SetAnalogRoutingPumps(uint8 enabled)
ARM GAS  C:\Users\syhaines\AppData\Local\Temp\ccqhMmSy.s 			page 6


 261:.\Generated_Source\PSoC4/cyfitter_cfg.c **** {
  26              		.loc 1 261 0
  27              		.cfi_startproc
  28              	.LVL0:
 262:.\Generated_Source\PSoC4/cyfitter_cfg.c **** 	uint32 regValue = CY_GET_XTND_REG32((void *)(CYREG_SAR_PUMP_CTRL));
  29              		.loc 1 262 0
  30 0000 054A     		ldr	r2, .L5
  31 0002 1368     		ldr	r3, [r2]
  32              	.LVL1:
 263:.\Generated_Source\PSoC4/cyfitter_cfg.c **** 	if (enabled != 0u)
  33              		.loc 1 263 0
  34 0004 0028     		cmp	r0, #0
  35 0006 03D0     		beq	.L2
 264:.\Generated_Source\PSoC4/cyfitter_cfg.c **** 	{
 265:.\Generated_Source\PSoC4/cyfitter_cfg.c **** 		regValue |= 0x80000000u;
  36              		.loc 1 265 0
  37 0008 8021     		mov	r1, #128
  38 000a 0906     		lsl	r1, r1, #24
  39 000c 0B43     		orr	r3, r1
  40              	.LVL2:
  41 000e 01E0     		b	.L3
  42              	.L2:
 266:.\Generated_Source\PSoC4/cyfitter_cfg.c **** 	}
 267:.\Generated_Source\PSoC4/cyfitter_cfg.c **** 	else
 268:.\Generated_Source\PSoC4/cyfitter_cfg.c **** 	{
 269:.\Generated_Source\PSoC4/cyfitter_cfg.c **** 		regValue &= ~0x80000000u;
  43              		.loc 1 269 0
  44 0010 5B00     		lsl	r3, r3, #1
  45              	.LVL3:
  46 0012 5B08     		lsr	r3, r3, #1
  47              	.LVL4:
  48              	.L3:
 270:.\Generated_Source\PSoC4/cyfitter_cfg.c **** 	}
 271:.\Generated_Source\PSoC4/cyfitter_cfg.c **** 	CY_SET_XTND_REG32((void *)(CYREG_SAR_PUMP_CTRL), regValue);
  49              		.loc 1 271 0
  50 0014 1360     		str	r3, [r2]
 272:.\Generated_Source\PSoC4/cyfitter_cfg.c **** }
  51              		.loc 1 272 0
  52              		@ sp needed
  53 0016 7047     		bx	lr
  54              	.L6:
  55              		.align	2
  56              	.L5:
  57 0018 80031A40 		.word	1075446656
  58              		.cfi_endproc
  59              	.LFE6:
  60              		.size	SetAnalogRoutingPumps, .-SetAnalogRoutingPumps
  61              		.section	.psocinit,"ax",%progbits
  62              		.align	1
  63              		.global	cyfitter_cfg
  64              		.code	16
  65              		.thumb_func
  66              		.type	cyfitter_cfg, %function
  67              	cyfitter_cfg:
  68              	.LFB7:
 273:.\Generated_Source\PSoC4/cyfitter_cfg.c **** 
 274:.\Generated_Source\PSoC4/cyfitter_cfg.c **** #define CY_AMUX_UNUSED CYREG_CM0_ROM_DWT
ARM GAS  C:\Users\syhaines\AppData\Local\Temp\ccqhMmSy.s 			page 7


 275:.\Generated_Source\PSoC4/cyfitter_cfg.c **** 
 276:.\Generated_Source\PSoC4/cyfitter_cfg.c **** 
 277:.\Generated_Source\PSoC4/cyfitter_cfg.c **** /*******************************************************************************
 278:.\Generated_Source\PSoC4/cyfitter_cfg.c **** * Function Name: cyfitter_cfg
 279:.\Generated_Source\PSoC4/cyfitter_cfg.c **** ********************************************************************************
 280:.\Generated_Source\PSoC4/cyfitter_cfg.c **** * Summary:
 281:.\Generated_Source\PSoC4/cyfitter_cfg.c **** *  This function is called by the start-up code for the selected device. It
 282:.\Generated_Source\PSoC4/cyfitter_cfg.c **** *  performs all of the necessary device configuration based on the design
 283:.\Generated_Source\PSoC4/cyfitter_cfg.c **** *  settings.  This includes settings from the Design Wide Resources (DWR) such
 284:.\Generated_Source\PSoC4/cyfitter_cfg.c **** *  as Clocks and Pins as well as any component configuration that is necessary.
 285:.\Generated_Source\PSoC4/cyfitter_cfg.c **** *
 286:.\Generated_Source\PSoC4/cyfitter_cfg.c **** * Parameters:  
 287:.\Generated_Source\PSoC4/cyfitter_cfg.c **** *   void
 288:.\Generated_Source\PSoC4/cyfitter_cfg.c **** *
 289:.\Generated_Source\PSoC4/cyfitter_cfg.c **** * Return:
 290:.\Generated_Source\PSoC4/cyfitter_cfg.c **** *   void
 291:.\Generated_Source\PSoC4/cyfitter_cfg.c **** *
 292:.\Generated_Source\PSoC4/cyfitter_cfg.c **** *******************************************************************************/
 293:.\Generated_Source\PSoC4/cyfitter_cfg.c **** CY_CFG_SECTION
 294:.\Generated_Source\PSoC4/cyfitter_cfg.c **** void cyfitter_cfg(void)
 295:.\Generated_Source\PSoC4/cyfitter_cfg.c **** {
  69              		.loc 1 295 0
  70              		.cfi_startproc
  71 0000 F8B5     		push	{r3, r4, r5, r6, r7, lr}
  72              		.cfi_def_cfa_offset 24
  73              		.cfi_offset 3, -24
  74              		.cfi_offset 4, -20
  75              		.cfi_offset 5, -16
  76              		.cfi_offset 6, -12
  77              		.cfi_offset 7, -8
  78              		.cfi_offset 14, -4
 296:.\Generated_Source\PSoC4/cyfitter_cfg.c **** 	/* Disable interrupts by default. Let user enable if/when they want. */
 297:.\Generated_Source\PSoC4/cyfitter_cfg.c **** 	CyGlobalIntDisable;
  79              		.loc 1 297 0
  80              	@ 297 ".\Generated_Source\PSoC4\cyfitter_cfg.c" 1
  81 0002 72B6     		CPSID   i
  82              	@ 0 "" 2
  83              	.LVL5:
  84              		.code	16
  85              	.LBB14:
  86              	.LBB15:
  87              	.LBB16:
  88              	.LBB17:
  62:.\Generated_Source\PSoC4/cyfitter_cfg.c **** }
  89              		.loc 1 62 0
  90 0004 8022     		mov	r2, #128
  91 0006 0021     		mov	r1, #0
  92 0008 D200     		lsl	r2, r2, #3
  93 000a 4A48     		ldr	r0, .L12
  94 000c FFF7FEFF 		bl	memset
  95              	.LVL6:
  96 0010 8022     		mov	r2, #128
  97 0012 4948     		ldr	r0, .L12+4
  98 0014 D200     		lsl	r2, r2, #3
  99 0016 0021     		mov	r1, #0
 100 0018 FFF7FEFF 		bl	memset
 101              	.LVL7:
ARM GAS  C:\Users\syhaines\AppData\Local\Temp\ccqhMmSy.s 			page 8


 102 001c 0022     		mov	r2, #0
 103 001e 141C     		mov	r4, r2
 104              	.LVL8:
 105              	.L10:
 106              	.LBE17:
 107              	.LBE16:
 108              	.LBE15:
 109              	.LBB18:
 110              	.LBB19:
 111              	.LBB20:
 155:.\Generated_Source\PSoC4/cyfitter_cfg.c **** 		uint8 count = (uint8)baseAddr;
 112              		.loc 1 155 0
 113 0020 4649     		ldr	r1, .L12+8
 157:.\Generated_Source\PSoC4/cyfitter_cfg.c **** 		while (count != 0u)
 114              		.loc 1 157 0
 115 0022 FF25     		mov	r5, #255
 155:.\Generated_Source\PSoC4/cyfitter_cfg.c **** 		uint8 count = (uint8)baseAddr;
 116              		.loc 1 155 0
 117 0024 5758     		ldr	r7, [r2, r1]
 118              	.LVL9:
 119 0026 0C31     		add	r1, r1, #12
 157:.\Generated_Source\PSoC4/cyfitter_cfg.c **** 		while (count != 0u)
 120              		.loc 1 157 0
 121 0028 3E1C     		mov	r6, r7
 122 002a 081C     		mov	r0, r1
 123 002c 6300     		lsl	r3, r4, #1
 124 002e AE43     		bic	r6, r5
 125              	.LVL10:
 126 0030 3D40     		and	r5, r7
 127 0032 0133     		add	r3, r3, #1
 128 0034 6419     		add	r4, r4, r5
 129              	.LVL11:
 130 0036 CB18     		add	r3, r1, r3
 131 0038 6100     		lsl	r1, r4, #1
 132 003a 0131     		add	r1, r1, #1
 133 003c 4118     		add	r1, r0, r1
 134              	.LVL12:
 135              	.L8:
 158:.\Generated_Source\PSoC4/cyfitter_cfg.c **** 		{
 136              		.loc 1 158 0
 137 003e 8B42     		cmp	r3, r1
 138 0040 06D0     		beq	.L11
 139 0042 581E     		sub	r0, r3, #1
 160:.\Generated_Source\PSoC4/cyfitter_cfg.c **** 			j++;
 140              		.loc 1 160 0
 141 0044 0078     		ldrb	r0, [r0]
 142 0046 1D78     		ldrb	r5, [r3]
 143 0048 8019     		add	r0, r0, r6
 144 004a 0570     		strb	r5, [r0]
 145 004c 0233     		add	r3, r3, #2
 146 004e F6E7     		b	.L8
 147              	.L11:
 148              	.LVL13:
 149 0050 0432     		add	r2, r2, #4
 150              	.LBE20:
 153:.\Generated_Source\PSoC4/cyfitter_cfg.c **** 	{
 151              		.loc 1 153 0
ARM GAS  C:\Users\syhaines\AppData\Local\Temp\ccqhMmSy.s 			page 9


 152 0052 0C2A     		cmp	r2, #12
 153 0054 E4D1     		bne	.L10
 154              	.LBE19:
 155              	.LBE18:
 298:.\Generated_Source\PSoC4/cyfitter_cfg.c **** 
 299:.\Generated_Source\PSoC4/cyfitter_cfg.c **** 	{
 300:.\Generated_Source\PSoC4/cyfitter_cfg.c **** 		static const uint32 CYCODE cy_cfg_addr_table[] = {
 301:.\Generated_Source\PSoC4/cyfitter_cfg.c **** 			0x400F4202u, /* Base address: 0x400F4200 Count: 2 */
 302:.\Generated_Source\PSoC4/cyfitter_cfg.c **** 			0x400F4303u, /* Base address: 0x400F4300 Count: 3 */
 303:.\Generated_Source\PSoC4/cyfitter_cfg.c **** 			0x400F6002u, /* Base address: 0x400F6000 Count: 2 */
 304:.\Generated_Source\PSoC4/cyfitter_cfg.c **** 		};
 305:.\Generated_Source\PSoC4/cyfitter_cfg.c **** 
 306:.\Generated_Source\PSoC4/cyfitter_cfg.c **** 		static const cy_cfg_addrvalue_t CYCODE cy_cfg_data_table[] = {
 307:.\Generated_Source\PSoC4/cyfitter_cfg.c **** 			{0x60u, 0x10u},
 308:.\Generated_Source\PSoC4/cyfitter_cfg.c **** 			{0xD8u, 0x02u},
 309:.\Generated_Source\PSoC4/cyfitter_cfg.c **** 			{0x1Cu, 0x10u},
 310:.\Generated_Source\PSoC4/cyfitter_cfg.c **** 			{0x94u, 0x10u},
 311:.\Generated_Source\PSoC4/cyfitter_cfg.c **** 			{0xC6u, 0x04u},
 312:.\Generated_Source\PSoC4/cyfitter_cfg.c **** 			{0x02u, 0x01u},
 313:.\Generated_Source\PSoC4/cyfitter_cfg.c **** 			{0x11u, 0x01u},
 314:.\Generated_Source\PSoC4/cyfitter_cfg.c **** 		};
 315:.\Generated_Source\PSoC4/cyfitter_cfg.c **** 
 316:.\Generated_Source\PSoC4/cyfitter_cfg.c **** 
 317:.\Generated_Source\PSoC4/cyfitter_cfg.c **** 
 318:.\Generated_Source\PSoC4/cyfitter_cfg.c **** 		CYPACKED typedef struct {
 319:.\Generated_Source\PSoC4/cyfitter_cfg.c **** 			void CYFAR *address;
 320:.\Generated_Source\PSoC4/cyfitter_cfg.c **** 			uint16 size;
 321:.\Generated_Source\PSoC4/cyfitter_cfg.c **** 		} CYPACKED_ATTR cfg_memset_t;
 322:.\Generated_Source\PSoC4/cyfitter_cfg.c **** 
 323:.\Generated_Source\PSoC4/cyfitter_cfg.c **** 		static const cfg_memset_t CYCODE cfg_memset_list [] = {
 324:.\Generated_Source\PSoC4/cyfitter_cfg.c **** 			/* address, size */
 325:.\Generated_Source\PSoC4/cyfitter_cfg.c **** 			{(void CYFAR *)(CYDEV_UDB_P0_U0_BASE), 1024u},
 326:.\Generated_Source\PSoC4/cyfitter_cfg.c **** 			{(void CYFAR *)(CYDEV_UDB_DSI0_BASE), 1024u},
 327:.\Generated_Source\PSoC4/cyfitter_cfg.c **** 		};
 328:.\Generated_Source\PSoC4/cyfitter_cfg.c **** 
 329:.\Generated_Source\PSoC4/cyfitter_cfg.c **** 		uint8 CYDATA i;
 330:.\Generated_Source\PSoC4/cyfitter_cfg.c **** 
 331:.\Generated_Source\PSoC4/cyfitter_cfg.c **** 		/* Zero out critical memory blocks before beginning configuration */
 332:.\Generated_Source\PSoC4/cyfitter_cfg.c **** 		for (i = 0u; i < (sizeof(cfg_memset_list)/sizeof(cfg_memset_list[0])); i++)
 333:.\Generated_Source\PSoC4/cyfitter_cfg.c **** 		{
 334:.\Generated_Source\PSoC4/cyfitter_cfg.c **** 			const cfg_memset_t CYCODE * CYDATA ms = &cfg_memset_list[i];
 335:.\Generated_Source\PSoC4/cyfitter_cfg.c **** 			CYMEMZERO(ms->address, (size_t)(uint32)(ms->size));
 336:.\Generated_Source\PSoC4/cyfitter_cfg.c **** 		}
 337:.\Generated_Source\PSoC4/cyfitter_cfg.c **** 
 338:.\Generated_Source\PSoC4/cyfitter_cfg.c **** 		cfg_write_bytes32(cy_cfg_addr_table, cy_cfg_data_table);
 339:.\Generated_Source\PSoC4/cyfitter_cfg.c **** 
 340:.\Generated_Source\PSoC4/cyfitter_cfg.c **** 		/* HSIOM Starting address: CYDEV_HSIOM_BASE */
 341:.\Generated_Source\PSoC4/cyfitter_cfg.c **** 		CY_SET_XTND_REG32((void CYFAR *)(CYREG_HSIOM_PORT_SEL2), 0x30000000u);
 156              		.loc 1 341 0
 157 0056 C022     		mov	r2, #192
 158 0058 394B     		ldr	r3, .L12+12
 159 005a 9205     		lsl	r2, r2, #22
 160 005c 1A60     		str	r2, [r3]
 342:.\Generated_Source\PSoC4/cyfitter_cfg.c **** 		CY_SET_XTND_REG32((void CYFAR *)(CYREG_HSIOM_PORT_SEL3), 0x0000EE00u);
 161              		.loc 1 342 0
 162 005e EE22     		mov	r2, #238
 163 0060 384B     		ldr	r3, .L12+16
ARM GAS  C:\Users\syhaines\AppData\Local\Temp\ccqhMmSy.s 			page 10


 164 0062 1202     		lsl	r2, r2, #8
 165 0064 1A60     		str	r2, [r3]
 343:.\Generated_Source\PSoC4/cyfitter_cfg.c **** 
 344:.\Generated_Source\PSoC4/cyfitter_cfg.c **** 		/* UDB_PA_0 Starting address: CYDEV_UDB_PA0_BASE */
 345:.\Generated_Source\PSoC4/cyfitter_cfg.c **** 		CY_SET_XTND_REG32((void CYFAR *)(CYDEV_UDB_PA0_BASE), 0x00990000u);
 166              		.loc 1 345 0
 167 0066 9923     		mov	r3, #153
 346:.\Generated_Source\PSoC4/cyfitter_cfg.c **** 		CY_SET_XTND_REG32((void CYFAR *)(CYREG_UDB_PA0_CFG4), 0x00200000u);
 168              		.loc 1 346 0
 169 0068 8021     		mov	r1, #128
 345:.\Generated_Source\PSoC4/cyfitter_cfg.c **** 		CY_SET_XTND_REG32((void CYFAR *)(CYREG_UDB_PA0_CFG4), 0x00200000u);
 170              		.loc 1 345 0
 171 006a 374A     		ldr	r2, .L12+20
 172 006c 1B04     		lsl	r3, r3, #16
 173 006e 1360     		str	r3, [r2]
 174              		.loc 1 346 0
 175 0070 364A     		ldr	r2, .L12+24
 176 0072 8903     		lsl	r1, r1, #14
 177 0074 1160     		str	r1, [r2]
 347:.\Generated_Source\PSoC4/cyfitter_cfg.c **** 
 348:.\Generated_Source\PSoC4/cyfitter_cfg.c **** 		/* UDB_PA_1 Starting address: CYDEV_UDB_PA1_BASE */
 349:.\Generated_Source\PSoC4/cyfitter_cfg.c **** 		CY_SET_XTND_REG32((void CYFAR *)(CYDEV_UDB_PA1_BASE), 0x00990000u);
 350:.\Generated_Source\PSoC4/cyfitter_cfg.c **** 
 351:.\Generated_Source\PSoC4/cyfitter_cfg.c **** 		/* UDB_PA_2 Starting address: CYDEV_UDB_PA2_BASE */
 352:.\Generated_Source\PSoC4/cyfitter_cfg.c **** 		CY_SET_XTND_REG32((void CYFAR *)(CYDEV_UDB_PA2_BASE), 0x00990000u);
 353:.\Generated_Source\PSoC4/cyfitter_cfg.c **** 		CY_SET_XTND_REG32((void CYFAR *)(CYREG_UDB_PA2_CFG8), 0x80000000u);
 178              		.loc 1 353 0
 179 0076 8021     		mov	r1, #128
 349:.\Generated_Source\PSoC4/cyfitter_cfg.c **** 
 180              		.loc 1 349 0
 181 0078 354A     		ldr	r2, .L12+28
 182              		.loc 1 353 0
 183 007a 0906     		lsl	r1, r1, #24
 349:.\Generated_Source\PSoC4/cyfitter_cfg.c **** 
 184              		.loc 1 349 0
 185 007c 1360     		str	r3, [r2]
 352:.\Generated_Source\PSoC4/cyfitter_cfg.c **** 		CY_SET_XTND_REG32((void CYFAR *)(CYREG_UDB_PA2_CFG8), 0x80000000u);
 186              		.loc 1 352 0
 187 007e 354A     		ldr	r2, .L12+32
 354:.\Generated_Source\PSoC4/cyfitter_cfg.c **** 
 355:.\Generated_Source\PSoC4/cyfitter_cfg.c **** 		/* UDB_PA_3 Starting address: CYDEV_UDB_PA3_BASE */
 356:.\Generated_Source\PSoC4/cyfitter_cfg.c **** 		CY_SET_XTND_REG32((void CYFAR *)(CYDEV_UDB_PA3_BASE), 0x00990000u);
 357:.\Generated_Source\PSoC4/cyfitter_cfg.c **** 		CY_SET_XTND_REG32((void CYFAR *)(CYREG_UDB_PA3_CFG4), 0xA8000000u);
 358:.\Generated_Source\PSoC4/cyfitter_cfg.c **** 
 359:.\Generated_Source\PSoC4/cyfitter_cfg.c **** 		/* Enable digital routing */
 360:.\Generated_Source\PSoC4/cyfitter_cfg.c **** 		CY_SET_XTND_REG8((void *)CYREG_UDB_UDBIF_BANK_CTL, CY_GET_XTND_REG8((void *)CYREG_UDB_UDBIF_BANK_
 361:.\Generated_Source\PSoC4/cyfitter_cfg.c **** 
 362:.\Generated_Source\PSoC4/cyfitter_cfg.c **** 		/* Enable UDB array */
 363:.\Generated_Source\PSoC4/cyfitter_cfg.c **** 		CY_SET_XTND_REG8((void *)CYREG_UDB_UDBIF_WAIT_CFG, (uint8)((CY_GET_XTND_REG8((void *)CYREG_UDB_UD
 188              		.loc 1 363 0
 189 0080 3C20     		mov	r0, #60
 352:.\Generated_Source\PSoC4/cyfitter_cfg.c **** 		CY_SET_XTND_REG32((void CYFAR *)(CYREG_UDB_PA2_CFG8), 0x80000000u);
 190              		.loc 1 352 0
 191 0082 1360     		str	r3, [r2]
 353:.\Generated_Source\PSoC4/cyfitter_cfg.c **** 
 192              		.loc 1 353 0
 193 0084 344A     		ldr	r2, .L12+36
ARM GAS  C:\Users\syhaines\AppData\Local\Temp\ccqhMmSy.s 			page 11


 194              	.LBE14:
 195              	.LBB21:
 196              	.LBB22:
 189:.\Generated_Source\PSoC4/cyfitter_cfg.c **** 
 197              		.loc 1 189 0
 198 0086 354C     		ldr	r4, .L12+40
 199              	.LVL14:
 200              	.LBE22:
 201              	.LBE21:
 202              	.LBB25:
 353:.\Generated_Source\PSoC4/cyfitter_cfg.c **** 
 203              		.loc 1 353 0
 204 0088 1160     		str	r1, [r2]
 356:.\Generated_Source\PSoC4/cyfitter_cfg.c **** 		CY_SET_XTND_REG32((void CYFAR *)(CYREG_UDB_PA3_CFG4), 0xA8000000u);
 205              		.loc 1 356 0
 206 008a 354A     		ldr	r2, .L12+44
 360:.\Generated_Source\PSoC4/cyfitter_cfg.c **** 
 207              		.loc 1 360 0
 208 008c 0221     		mov	r1, #2
 356:.\Generated_Source\PSoC4/cyfitter_cfg.c **** 		CY_SET_XTND_REG32((void CYFAR *)(CYREG_UDB_PA3_CFG4), 0xA8000000u);
 209              		.loc 1 356 0
 210 008e 1360     		str	r3, [r2]
 357:.\Generated_Source\PSoC4/cyfitter_cfg.c **** 
 211              		.loc 1 357 0
 212 0090 A822     		mov	r2, #168
 213 0092 344B     		ldr	r3, .L12+48
 214 0094 1206     		lsl	r2, r2, #24
 215 0096 1A60     		str	r2, [r3]
 360:.\Generated_Source\PSoC4/cyfitter_cfg.c **** 
 216              		.loc 1 360 0
 217 0098 334A     		ldr	r2, .L12+52
 218              	.LBE25:
 364:.\Generated_Source\PSoC4/cyfitter_cfg.c **** 		CY_SET_XTND_REG8((void *)CYREG_UDB_UDBIF_BANK_CTL, (uint8)(CY_GET_XTND_REG8((void *)CYREG_UDB_UDB
 365:.\Generated_Source\PSoC4/cyfitter_cfg.c **** 	}
 366:.\Generated_Source\PSoC4/cyfitter_cfg.c **** 
 367:.\Generated_Source\PSoC4/cyfitter_cfg.c **** 	/* Perform second pass device configuration. These items must be configured in specific order afte
 368:.\Generated_Source\PSoC4/cyfitter_cfg.c **** 	/* IOPINS0_0 Starting address: CYDEV_PRT0_BASE */
 369:.\Generated_Source\PSoC4/cyfitter_cfg.c **** 	CY_SET_XTND_REG32((void CYFAR *)(CYREG_PRT0_PC), 0x00924876u);
 370:.\Generated_Source\PSoC4/cyfitter_cfg.c **** 
 371:.\Generated_Source\PSoC4/cyfitter_cfg.c **** 	/* IOPINS0_1 Starting address: CYDEV_PRT1_BASE */
 372:.\Generated_Source\PSoC4/cyfitter_cfg.c **** 	CY_SET_XTND_REG32((void CYFAR *)(CYDEV_PRT1_BASE), 0x0000009Fu);
 373:.\Generated_Source\PSoC4/cyfitter_cfg.c **** 	CY_SET_XTND_REG32((void CYFAR *)(CYREG_PRT1_PC), 0x00000400u);
 374:.\Generated_Source\PSoC4/cyfitter_cfg.c **** 	CY_SET_XTND_REG32((void CYFAR *)(CYREG_PRT1_PC2), 0x00000097u);
 375:.\Generated_Source\PSoC4/cyfitter_cfg.c **** 
 376:.\Generated_Source\PSoC4/cyfitter_cfg.c **** 	/* IOPINS0_2 Starting address: CYDEV_PRT2_BASE */
 377:.\Generated_Source\PSoC4/cyfitter_cfg.c **** 	CY_SET_XTND_REG32((void CYFAR *)(CYDEV_PRT2_BASE), 0x00000080u);
 378:.\Generated_Source\PSoC4/cyfitter_cfg.c **** 	CY_SET_XTND_REG32((void CYFAR *)(CYREG_PRT2_PC), 0x00D84924u);
 379:.\Generated_Source\PSoC4/cyfitter_cfg.c **** 
 380:.\Generated_Source\PSoC4/cyfitter_cfg.c **** 	/* IOPINS0_3 Starting address: CYDEV_PRT3_BASE */
 381:.\Generated_Source\PSoC4/cyfitter_cfg.c **** 	CY_SET_XTND_REG32((void CYFAR *)(CYDEV_PRT3_BASE), 0x000000E0u);
 382:.\Generated_Source\PSoC4/cyfitter_cfg.c **** 	CY_SET_XTND_REG32((void CYFAR *)(CYREG_PRT3_PC), 0x00490D80u);
 383:.\Generated_Source\PSoC4/cyfitter_cfg.c **** 
 384:.\Generated_Source\PSoC4/cyfitter_cfg.c **** 
 385:.\Generated_Source\PSoC4/cyfitter_cfg.c **** 	/* Setup clocks based on selections from Clock DWR */
 386:.\Generated_Source\PSoC4/cyfitter_cfg.c **** 	ClockSetup();
 387:.\Generated_Source\PSoC4/cyfitter_cfg.c **** 
 388:.\Generated_Source\PSoC4/cyfitter_cfg.c **** 	/* Perform basic analog initialization to defaults */
ARM GAS  C:\Users\syhaines\AppData\Local\Temp\ccqhMmSy.s 			page 12


 389:.\Generated_Source\PSoC4/cyfitter_cfg.c **** 	AnalogSetDefault();
 390:.\Generated_Source\PSoC4/cyfitter_cfg.c **** 
 391:.\Generated_Source\PSoC4/cyfitter_cfg.c **** }
 219              		.loc 1 391 0
 220              		@ sp needed
 221              	.LBB26:
 360:.\Generated_Source\PSoC4/cyfitter_cfg.c **** 
 222              		.loc 1 360 0
 223 009a 1378     		ldrb	r3, [r2]
 224 009c 0B43     		orr	r3, r1
 363:.\Generated_Source\PSoC4/cyfitter_cfg.c **** 		CY_SET_XTND_REG8((void *)CYREG_UDB_UDBIF_BANK_CTL, (uint8)(CY_GET_XTND_REG8((void *)CYREG_UDB_UDB
 225              		.loc 1 363 0
 226 009e 3349     		ldr	r1, .L12+56
 360:.\Generated_Source\PSoC4/cyfitter_cfg.c **** 
 227              		.loc 1 360 0
 228 00a0 1370     		strb	r3, [r2]
 363:.\Generated_Source\PSoC4/cyfitter_cfg.c **** 		CY_SET_XTND_REG8((void *)CYREG_UDB_UDBIF_BANK_CTL, (uint8)(CY_GET_XTND_REG8((void *)CYREG_UDB_UDB
 229              		.loc 1 363 0
 230 00a2 0B78     		ldrb	r3, [r1]
 231 00a4 8343     		bic	r3, r0
 232 00a6 2838     		sub	r0, r0, #40
 233 00a8 0343     		orr	r3, r0
 234 00aa 0B70     		strb	r3, [r1]
 364:.\Generated_Source\PSoC4/cyfitter_cfg.c **** 		CY_SET_XTND_REG8((void *)CYREG_UDB_UDBIF_BANK_CTL, (uint8)(CY_GET_XTND_REG8((void *)CYREG_UDB_UDB
 235              		.loc 1 364 0
 236 00ac 1621     		mov	r1, #22
 237 00ae 1378     		ldrb	r3, [r2]
 238              	.LBE26:
 239              	.LBB27:
 240              	.LBB23:
 192:.\Generated_Source\PSoC4/cyfitter_cfg.c **** 
 241              		.loc 1 192 0
 242 00b0 0430     		add	r0, r0, #4
 243              	.LBE23:
 244              	.LBE27:
 245              	.LBB28:
 364:.\Generated_Source\PSoC4/cyfitter_cfg.c **** 	}
 246              		.loc 1 364 0
 247 00b2 0B43     		orr	r3, r1
 248 00b4 1370     		strb	r3, [r2]
 249              	.LBE28:
 369:.\Generated_Source\PSoC4/cyfitter_cfg.c **** 
 250              		.loc 1 369 0
 251 00b6 2E4A     		ldr	r2, .L12+60
 252 00b8 2E4B     		ldr	r3, .L12+64
 253 00ba 1A60     		str	r2, [r3]
 372:.\Generated_Source\PSoC4/cyfitter_cfg.c **** 	CY_SET_XTND_REG32((void CYFAR *)(CYREG_PRT1_PC), 0x00000400u);
 254              		.loc 1 372 0
 255 00bc 9F22     		mov	r2, #159
 256 00be 2E4B     		ldr	r3, .L12+68
 257 00c0 1A60     		str	r2, [r3]
 373:.\Generated_Source\PSoC4/cyfitter_cfg.c **** 	CY_SET_XTND_REG32((void CYFAR *)(CYREG_PRT1_PC2), 0x00000097u);
 258              		.loc 1 373 0
 259 00c2 8022     		mov	r2, #128
 260 00c4 2D4B     		ldr	r3, .L12+72
 261 00c6 D200     		lsl	r2, r2, #3
 262 00c8 1A60     		str	r2, [r3]
ARM GAS  C:\Users\syhaines\AppData\Local\Temp\ccqhMmSy.s 			page 13


 374:.\Generated_Source\PSoC4/cyfitter_cfg.c **** 
 263              		.loc 1 374 0
 264 00ca 9722     		mov	r2, #151
 265 00cc 2C4B     		ldr	r3, .L12+76
 266 00ce 1A60     		str	r2, [r3]
 377:.\Generated_Source\PSoC4/cyfitter_cfg.c **** 	CY_SET_XTND_REG32((void CYFAR *)(CYREG_PRT2_PC), 0x00D84924u);
 267              		.loc 1 377 0
 268 00d0 2C4B     		ldr	r3, .L12+80
 269 00d2 173A     		sub	r2, r2, #23
 270 00d4 1A60     		str	r2, [r3]
 378:.\Generated_Source\PSoC4/cyfitter_cfg.c **** 
 271              		.loc 1 378 0
 272 00d6 2C4A     		ldr	r2, .L12+84
 273 00d8 2C4B     		ldr	r3, .L12+88
 274 00da 1A60     		str	r2, [r3]
 381:.\Generated_Source\PSoC4/cyfitter_cfg.c **** 	CY_SET_XTND_REG32((void CYFAR *)(CYREG_PRT3_PC), 0x00490D80u);
 275              		.loc 1 381 0
 276 00dc E022     		mov	r2, #224
 277 00de 2C4B     		ldr	r3, .L12+92
 278 00e0 1A60     		str	r2, [r3]
 382:.\Generated_Source\PSoC4/cyfitter_cfg.c **** 
 279              		.loc 1 382 0
 280 00e2 2C4A     		ldr	r2, .L12+96
 281 00e4 2C4B     		ldr	r3, .L12+100
 282 00e6 1A60     		str	r2, [r3]
 283              	.LBB29:
 284              	.LBB24:
 189:.\Generated_Source\PSoC4/cyfitter_cfg.c **** 
 285              		.loc 1 189 0
 286 00e8 8022     		mov	r2, #128
 287 00ea 2368     		ldr	r3, [r4]
 288 00ec D202     		lsl	r2, r2, #11
 289 00ee 1343     		orr	r3, r2
 290 00f0 2360     		str	r3, [r4]
 192:.\Generated_Source\PSoC4/cyfitter_cfg.c **** 
 291              		.loc 1 192 0
 292 00f2 FFF7FEFF 		bl	CySysClkWriteImoFreq
 293              	.LVL15:
 195:.\Generated_Source\PSoC4/cyfitter_cfg.c **** 	/* CYDEV_CLK_ILO_CONFIG Starting address: CYDEV_CLK_ILO_CONFIG */
 294              		.loc 1 195 0
 295 00f6 2268     		ldr	r2, [r4]
 296 00f8 284B     		ldr	r3, .L12+104
 211:.\Generated_Source\PSoC4/cyfitter_cfg.c **** 
 297              		.loc 1 211 0
 298 00fa 2949     		ldr	r1, .L12+108
 195:.\Generated_Source\PSoC4/cyfitter_cfg.c **** 	/* CYDEV_CLK_ILO_CONFIG Starting address: CYDEV_CLK_ILO_CONFIG */
 299              		.loc 1 195 0
 300 00fc 1340     		and	r3, r2
 301 00fe 2360     		str	r3, [r4]
 197:.\Generated_Source\PSoC4/cyfitter_cfg.c **** 
 302              		.loc 1 197 0
 303 0100 284A     		ldr	r2, .L12+112
 304 0102 294B     		ldr	r3, .L12+116
 305 0104 1A60     		str	r2, [r3]
 201:.\Generated_Source\PSoC4/cyfitter_cfg.c **** 	CY_SET_XTND_REG32((void CYFAR *)(CYREG_CLK_SELECT09), 0x00000010u);
 306              		.loc 1 201 0
 307 0106 1023     		mov	r3, #16
ARM GAS  C:\Users\syhaines\AppData\Local\Temp\ccqhMmSy.s 			page 14


 308 0108 284A     		ldr	r2, .L12+120
 309 010a 1360     		str	r3, [r2]
 202:.\Generated_Source\PSoC4/cyfitter_cfg.c **** 
 310              		.loc 1 202 0
 311 010c 284A     		ldr	r2, .L12+124
 312 010e 1360     		str	r3, [r2]
 205:.\Generated_Source\PSoC4/cyfitter_cfg.c **** 
 313              		.loc 1 205 0
 314 0110 8222     		mov	r2, #130
 315 0112 284B     		ldr	r3, .L12+128
 316 0114 1206     		lsl	r2, r2, #24
 317 0116 1A60     		str	r2, [r3]
 208:.\Generated_Source\PSoC4/cyfitter_cfg.c **** 
 318              		.loc 1 208 0
 319 0118 0023     		mov	r3, #0
 211:.\Generated_Source\PSoC4/cyfitter_cfg.c **** 
 320              		.loc 1 211 0
 321 011a 274A     		ldr	r2, .L12+132
 208:.\Generated_Source\PSoC4/cyfitter_cfg.c **** 
 322              		.loc 1 208 0
 323 011c 2360     		str	r3, [r4]
 211:.\Generated_Source\PSoC4/cyfitter_cfg.c **** 
 324              		.loc 1 211 0
 325 011e 1160     		str	r1, [r2]
 213:.\Generated_Source\PSoC4/cyfitter_cfg.c **** }
 326              		.loc 1 213 0
 327 0120 264A     		ldr	r2, .L12+136
 328 0122 1360     		str	r3, [r2]
 329              	.LBE24:
 330              	.LBE29:
 331              	.LBB30:
 332              	.LBB31:
 238:.\Generated_Source\PSoC4/cyfitter_cfg.c **** 	CY_SET_XTND_REG32((void CYFAR *)CYREG_CTBM_OA1_SW, 0x00000110u);
 333              		.loc 1 238 0
 334 0124 8222     		mov	r2, #130
 335 0126 264B     		ldr	r3, .L12+140
 336 0128 5200     		lsl	r2, r2, #1
 337 012a 1A60     		str	r2, [r3]
 239:.\Generated_Source\PSoC4/cyfitter_cfg.c **** 	/* Variable VDDA is selected; no pumps are enabled by default */
 338              		.loc 1 239 0
 339 012c 254B     		ldr	r3, .L12+144
 340 012e 0C32     		add	r2, r2, #12
 341 0130 1A60     		str	r2, [r3]
 342              	.LVL16:
 343              	.LVL17:
 344              	.LBE31:
 345              	.LBE30:
 346              		.loc 1 391 0
 347 0132 F8BD     		pop	{r3, r4, r5, r6, r7, pc}
 348              	.L13:
 349              		.align	2
 350              	.L12:
 351 0134 00300F40 		.word	1074737152
 352 0138 00400F40 		.word	1074741248
 353 013c 00000000 		.word	.LANCHOR0
 354 0140 08000140 		.word	1073807368
 355 0144 0C000140 		.word	1073807372
ARM GAS  C:\Users\syhaines\AppData\Local\Temp\ccqhMmSy.s 			page 15


 356 0148 00500F40 		.word	1074745344
 357 014c 04500F40 		.word	1074745348
 358 0150 10500F40 		.word	1074745360
 359 0154 20500F40 		.word	1074745376
 360 0158 28500F40 		.word	1074745384
 361 015c 00010B40 		.word	1074462976
 362 0160 30500F40 		.word	1074745392
 363 0164 34500F40 		.word	1074745396
 364 0168 00700F40 		.word	1074753536
 365 016c 01700F40 		.word	1074753537
 366 0170 76489200 		.word	9586806
 367 0174 08000440 		.word	1074003976
 368 0178 00010440 		.word	1074004224
 369 017c 08010440 		.word	1074004232
 370 0180 18010440 		.word	1074004248
 371 0184 00020440 		.word	1074004480
 372 0188 2449D800 		.word	14174500
 373 018c 08020440 		.word	1074004488
 374 0190 00030440 		.word	1074004736
 375 0194 800D4900 		.word	4787584
 376 0198 08030440 		.word	1074004744
 377 019c FFFFFBFF 		.word	-262145
 378 01a0 17000080 		.word	-2147483625
 379 01a4 06000080 		.word	-2147483642
 380 01a8 04010B40 		.word	1074462980
 381 01ac 20020240 		.word	1073873440
 382 01b0 24020240 		.word	1073873444
 383 01b4 08010B40 		.word	1074462984
 384 01b8 00000240 		.word	1073872896
 385 01bc 0C020B40 		.word	1074463244
 386 01c0 80001040 		.word	1074790528
 387 01c4 88001040 		.word	1074790536
 388              		.cfi_endproc
 389              	.LFE7:
 390              		.size	cyfitter_cfg, .-cyfitter_cfg
 391              		.section	.rodata
 392              		.align	2
 393              		.set	.LANCHOR0,. + 0
 394              		.type	cy_cfg_addr_table.4711, %object
 395              		.size	cy_cfg_addr_table.4711, 12
 396              	cy_cfg_addr_table.4711:
 397 0000 02420F40 		.word	1074741762
 398 0004 03430F40 		.word	1074742019
 399 0008 02600F40 		.word	1074749442
 400              		.type	cy_cfg_data_table.4712, %object
 401              		.size	cy_cfg_data_table.4712, 14
 402              	cy_cfg_data_table.4712:
 403 000c 60       		.byte	96
 404 000d 10       		.byte	16
 405 000e D8       		.byte	-40
 406 000f 02       		.byte	2
 407 0010 1C       		.byte	28
 408 0011 10       		.byte	16
 409 0012 94       		.byte	-108
 410 0013 10       		.byte	16
 411 0014 C6       		.byte	-58
 412 0015 04       		.byte	4
ARM GAS  C:\Users\syhaines\AppData\Local\Temp\ccqhMmSy.s 			page 16


 413 0016 02       		.byte	2
 414 0017 01       		.byte	1
 415 0018 11       		.byte	17
 416 0019 01       		.byte	1
 417 001a 0000     		.text
 418              	.Letext0:
 419              		.file 2 "c:\\program files (x86)\\cypress\\psoc creator\\3.3\\psoc creator\\import\\gnu\\arm\\4.9.
 420              		.file 3 ".\\Generated_Source\\PSoC4\\cytypes.h"
 421              		.file 4 ".\\Generated_Source\\PSoC4\\CyLib.h"
 422              		.section	.debug_info,"",%progbits
 423              	.Ldebug_info0:
 424 0000 DE030000 		.4byte	0x3de
 425 0004 0400     		.2byte	0x4
 426 0006 00000000 		.4byte	.Ldebug_abbrev0
 427 000a 04       		.byte	0x4
 428 000b 01       		.uleb128 0x1
 429 000c 0D000000 		.4byte	.LASF39
 430 0010 01       		.byte	0x1
 431 0011 22020000 		.4byte	.LASF40
 432 0015 D6000000 		.4byte	.LASF41
 433 0019 48000000 		.4byte	.Ldebug_ranges0+0x48
 434 001d 00000000 		.4byte	0
 435 0021 00000000 		.4byte	.Ldebug_line0
 436 0025 02       		.uleb128 0x2
 437 0026 04       		.byte	0x4
 438 0027 05       		.byte	0x5
 439 0028 696E7400 		.ascii	"int\000"
 440 002c 03       		.uleb128 0x3
 441 002d 06000000 		.4byte	.LASF11
 442 0031 02       		.byte	0x2
 443 0032 D4       		.byte	0xd4
 444 0033 37000000 		.4byte	0x37
 445 0037 04       		.uleb128 0x4
 446 0038 04       		.byte	0x4
 447 0039 07       		.byte	0x7
 448 003a C6010000 		.4byte	.LASF0
 449 003e 04       		.uleb128 0x4
 450 003f 01       		.byte	0x1
 451 0040 06       		.byte	0x6
 452 0041 A7020000 		.4byte	.LASF1
 453 0045 04       		.uleb128 0x4
 454 0046 01       		.byte	0x1
 455 0047 08       		.byte	0x8
 456 0048 67010000 		.4byte	.LASF2
 457 004c 04       		.uleb128 0x4
 458 004d 02       		.byte	0x2
 459 004e 05       		.byte	0x5
 460 004f 7F020000 		.4byte	.LASF3
 461 0053 04       		.uleb128 0x4
 462 0054 02       		.byte	0x2
 463 0055 07       		.byte	0x7
 464 0056 B3020000 		.4byte	.LASF4
 465 005a 04       		.uleb128 0x4
 466 005b 04       		.byte	0x4
 467 005c 05       		.byte	0x5
 468 005d 9E020000 		.4byte	.LASF5
 469 0061 04       		.uleb128 0x4
ARM GAS  C:\Users\syhaines\AppData\Local\Temp\ccqhMmSy.s 			page 17


 470 0062 04       		.byte	0x4
 471 0063 07       		.byte	0x7
 472 0064 2F010000 		.4byte	.LASF6
 473 0068 04       		.uleb128 0x4
 474 0069 08       		.byte	0x8
 475 006a 05       		.byte	0x5
 476 006b 4A020000 		.4byte	.LASF7
 477 006f 04       		.uleb128 0x4
 478 0070 08       		.byte	0x8
 479 0071 07       		.byte	0x7
 480 0072 EC010000 		.4byte	.LASF8
 481 0076 04       		.uleb128 0x4
 482 0077 04       		.byte	0x4
 483 0078 07       		.byte	0x7
 484 0079 19020000 		.4byte	.LASF9
 485 007d 05       		.uleb128 0x5
 486 007e 04       		.byte	0x4
 487 007f 04       		.uleb128 0x4
 488 0080 01       		.byte	0x1
 489 0081 08       		.byte	0x8
 490 0082 58020000 		.4byte	.LASF10
 491 0086 03       		.uleb128 0x3
 492 0087 41010000 		.4byte	.LASF12
 493 008b 03       		.byte	0x3
 494 008c A1       		.byte	0xa1
 495 008d 45000000 		.4byte	0x45
 496 0091 03       		.uleb128 0x3
 497 0092 AD010000 		.4byte	.LASF13
 498 0096 03       		.byte	0x3
 499 0097 A2       		.byte	0xa2
 500 0098 53000000 		.4byte	0x53
 501 009c 03       		.uleb128 0x3
 502 009d BF010000 		.4byte	.LASF14
 503 00a1 03       		.byte	0x3
 504 00a2 A3       		.byte	0xa3
 505 00a3 61000000 		.4byte	0x61
 506 00a7 04       		.uleb128 0x4
 507 00a8 04       		.byte	0x4
 508 00a9 04       		.byte	0x4
 509 00aa 0F010000 		.4byte	.LASF15
 510 00ae 04       		.uleb128 0x4
 511 00af 08       		.byte	0x8
 512 00b0 04       		.byte	0x4
 513 00b1 7C010000 		.4byte	.LASF16
 514 00b5 06       		.uleb128 0x6
 515 00b6 2A010000 		.4byte	.LASF17
 516 00ba 03       		.byte	0x3
 517 00bb 4B01     		.2byte	0x14b
 518 00bd C1000000 		.4byte	0xc1
 519 00c1 07       		.uleb128 0x7
 520 00c2 86000000 		.4byte	0x86
 521 00c6 06       		.uleb128 0x6
 522 00c7 00000000 		.4byte	.LASF18
 523 00cb 03       		.byte	0x3
 524 00cc 4D01     		.2byte	0x14d
 525 00ce D2000000 		.4byte	0xd2
 526 00d2 07       		.uleb128 0x7
ARM GAS  C:\Users\syhaines\AppData\Local\Temp\ccqhMmSy.s 			page 18


 527 00d3 9C000000 		.4byte	0x9c
 528 00d7 08       		.uleb128 0x8
 529 00d8 02       		.byte	0x2
 530 00d9 01       		.byte	0x1
 531 00da 7E       		.byte	0x7e
 532 00db F8000000 		.4byte	0xf8
 533 00df 09       		.uleb128 0x9
 534 00e0 70020000 		.4byte	.LASF19
 535 00e4 01       		.byte	0x1
 536 00e5 80       		.byte	0x80
 537 00e6 86000000 		.4byte	0x86
 538 00ea 00       		.byte	0
 539 00eb 09       		.uleb128 0x9
 540 00ec 9B000000 		.4byte	.LASF20
 541 00f0 01       		.byte	0x1
 542 00f1 81       		.byte	0x81
 543 00f2 86000000 		.4byte	0x86
 544 00f6 01       		.byte	0x1
 545 00f7 00       		.byte	0
 546 00f8 03       		.uleb128 0x3
 547 00f9 5D020000 		.4byte	.LASF21
 548 00fd 01       		.byte	0x1
 549 00fe 82       		.byte	0x82
 550 00ff D7000000 		.4byte	0xd7
 551 0103 0A       		.uleb128 0xa
 552 0104 83010000 		.4byte	.LASF26
 553 0108 01       		.byte	0x1
 554 0109 95       		.byte	0x95
 555 010a 01       		.byte	0x1
 556 010b 50010000 		.4byte	0x150
 557 010f 0B       		.uleb128 0xb
 558 0110 A2010000 		.4byte	.LASF22
 559 0114 01       		.byte	0x1
 560 0115 95       		.byte	0x95
 561 0116 50010000 		.4byte	0x150
 562 011a 0B       		.uleb128 0xb
 563 011b B4010000 		.4byte	.LASF23
 564 011f 01       		.byte	0x1
 565 0120 95       		.byte	0x95
 566 0121 5B010000 		.4byte	0x15b
 567 0125 0C       		.uleb128 0xc
 568 0126 6900     		.ascii	"i\000"
 569 0128 01       		.byte	0x1
 570 0129 98       		.byte	0x98
 571 012a 9C000000 		.4byte	0x9c
 572 012e 0C       		.uleb128 0xc
 573 012f 6A00     		.ascii	"j\000"
 574 0131 01       		.byte	0x1
 575 0132 98       		.byte	0x98
 576 0133 9C000000 		.4byte	0x9c
 577 0137 0D       		.uleb128 0xd
 578 0138 0E       		.uleb128 0xe
 579 0139 10020000 		.4byte	.LASF24
 580 013d 01       		.byte	0x1
 581 013e 9B       		.byte	0x9b
 582 013f 9C000000 		.4byte	0x9c
 583 0143 0E       		.uleb128 0xe
ARM GAS  C:\Users\syhaines\AppData\Local\Temp\ccqhMmSy.s 			page 19


 584 0144 A1000000 		.4byte	.LASF25
 585 0148 01       		.byte	0x1
 586 0149 9C       		.byte	0x9c
 587 014a 86000000 		.4byte	0x86
 588 014e 00       		.byte	0
 589 014f 00       		.byte	0
 590 0150 0F       		.uleb128 0xf
 591 0151 04       		.byte	0x4
 592 0152 56010000 		.4byte	0x156
 593 0156 10       		.uleb128 0x10
 594 0157 9C000000 		.4byte	0x9c
 595 015b 0F       		.uleb128 0xf
 596 015c 04       		.byte	0x4
 597 015d 61010000 		.4byte	0x161
 598 0161 10       		.uleb128 0x10
 599 0162 F8000000 		.4byte	0xf8
 600 0166 11       		.uleb128 0x11
 601 0167 51010000 		.4byte	.LASF30
 602 016b 01       		.byte	0x1
 603 016c 0401     		.2byte	0x104
 604 016e 00000000 		.4byte	.LFB6
 605 0172 1C000000 		.4byte	.LFE6-.LFB6
 606 0176 01       		.uleb128 0x1
 607 0177 9C       		.byte	0x9c
 608 0178 9B010000 		.4byte	0x19b
 609 017c 12       		.uleb128 0x12
 610 017d 77020000 		.4byte	.LASF42
 611 0181 01       		.byte	0x1
 612 0182 0401     		.2byte	0x104
 613 0184 86000000 		.4byte	0x86
 614 0188 01       		.uleb128 0x1
 615 0189 50       		.byte	0x50
 616 018a 13       		.uleb128 0x13
 617 018b C6020000 		.4byte	.LASF32
 618 018f 01       		.byte	0x1
 619 0190 0601     		.2byte	0x106
 620 0192 9C000000 		.4byte	0x9c
 621 0196 00000000 		.4byte	.LLST0
 622 019a 00       		.byte	0
 623 019b 0A       		.uleb128 0xa
 624 019c 47010000 		.4byte	.LASF27
 625 01a0 01       		.byte	0x1
 626 01a1 3C       		.byte	0x3c
 627 01a2 01       		.byte	0x1
 628 01a3 BA010000 		.4byte	0x1ba
 629 01a7 14       		.uleb128 0x14
 630 01a8 7300     		.ascii	"s\000"
 631 01aa 01       		.byte	0x1
 632 01ab 3C       		.byte	0x3c
 633 01ac 7D000000 		.4byte	0x7d
 634 01b0 14       		.uleb128 0x14
 635 01b1 6E00     		.ascii	"n\000"
 636 01b3 01       		.byte	0x1
 637 01b4 3C       		.byte	0x3c
 638 01b5 2C000000 		.4byte	0x2c
 639 01b9 00       		.byte	0
 640 01ba 15       		.uleb128 0x15
ARM GAS  C:\Users\syhaines\AppData\Local\Temp\ccqhMmSy.s 			page 20


 641 01bb A7000000 		.4byte	.LASF28
 642 01bf 01       		.byte	0x1
 643 01c0 BA       		.byte	0xba
 644 01c1 01       		.byte	0x1
 645 01c2 15       		.uleb128 0x15
 646 01c3 D3010000 		.4byte	.LASF29
 647 01c7 01       		.byte	0x1
 648 01c8 EC       		.byte	0xec
 649 01c9 01       		.byte	0x1
 650 01ca 11       		.uleb128 0x11
 651 01cb 95010000 		.4byte	.LASF31
 652 01cf 01       		.byte	0x1
 653 01d0 2601     		.2byte	0x126
 654 01d2 00000000 		.4byte	.LFB7
 655 01d6 C8010000 		.4byte	.LFE7-.LFB7
 656 01da 01       		.uleb128 0x1
 657 01db 9C       		.byte	0x9c
 658 01dc 8D030000 		.4byte	0x38d
 659 01e0 16       		.uleb128 0x16
 660 01e1 00000000 		.4byte	.Ldebug_ranges0+0
 661 01e5 58030000 		.4byte	0x358
 662 01e9 17       		.uleb128 0x17
 663 01ea B2000000 		.4byte	.LASF33
 664 01ee 01       		.byte	0x1
 665 01ef 2C01     		.2byte	0x12c
 666 01f1 9D030000 		.4byte	0x39d
 667 01f5 05       		.uleb128 0x5
 668 01f6 03       		.byte	0x3
 669 01f7 00000000 		.4byte	cy_cfg_addr_table.4711
 670 01fb 17       		.uleb128 0x17
 671 01fc C4000000 		.4byte	.LASF34
 672 0200 01       		.byte	0x1
 673 0201 3201     		.2byte	0x132
 674 0203 B2030000 		.4byte	0x3b2
 675 0207 05       		.uleb128 0x5
 676 0208 03       		.byte	0x3
 677 0209 0C000000 		.4byte	cy_cfg_data_table.4712
 678 020d 18       		.uleb128 0x18
 679 020e 06       		.byte	0x6
 680 020f 01       		.byte	0x1
 681 0210 3E01     		.2byte	0x13e
 682 0212 31020000 		.4byte	0x231
 683 0216 19       		.uleb128 0x19
 684 0217 E4010000 		.4byte	.LASF35
 685 021b 01       		.byte	0x1
 686 021c 3F01     		.2byte	0x13f
 687 021e 7D000000 		.4byte	0x7d
 688 0222 00       		.byte	0
 689 0223 19       		.uleb128 0x19
 690 0224 25010000 		.4byte	.LASF36
 691 0228 01       		.byte	0x1
 692 0229 4001     		.2byte	0x140
 693 022b 91000000 		.4byte	0x91
 694 022f 04       		.byte	0x4
 695 0230 00       		.byte	0
 696 0231 06       		.uleb128 0x6
 697 0232 03020000 		.4byte	.LASF37
ARM GAS  C:\Users\syhaines\AppData\Local\Temp\ccqhMmSy.s 			page 21


 698 0236 01       		.byte	0x1
 699 0237 4101     		.2byte	0x141
 700 0239 0D020000 		.4byte	0x20d
 701 023d 1A       		.uleb128 0x1a
 702 023e 31020000 		.4byte	0x231
 703 0242 4D020000 		.4byte	0x24d
 704 0246 1B       		.uleb128 0x1b
 705 0247 76000000 		.4byte	0x76
 706 024b 01       		.byte	0x1
 707 024c 00       		.byte	0
 708 024d 1C       		.uleb128 0x1c
 709 024e 15010000 		.4byte	.LASF38
 710 0252 01       		.byte	0x1
 711 0253 4301     		.2byte	0x143
 712 0255 66020000 		.4byte	0x266
 713 0259 0C       		.byte	0xc
 714 025a 00       		.byte	0
 715 025b 30       		.byte	0x30
 716 025c 0F       		.byte	0xf
 717 025d 40       		.byte	0x40
 718 025e 00       		.byte	0
 719 025f 04       		.byte	0x4
 720 0260 00       		.byte	0
 721 0261 40       		.byte	0x40
 722 0262 0F       		.byte	0xf
 723 0263 40       		.byte	0x40
 724 0264 00       		.byte	0
 725 0265 04       		.byte	0x4
 726 0266 10       		.uleb128 0x10
 727 0267 3D020000 		.4byte	0x23d
 728 026b 1D       		.uleb128 0x1d
 729 026c 6900     		.ascii	"i\000"
 730 026e 01       		.byte	0x1
 731 026f 4901     		.2byte	0x149
 732 0271 86000000 		.4byte	0x86
 733 0275 1E000000 		.4byte	.LLST1
 734 0279 1E       		.uleb128 0x1e
 735 027a 04000000 		.4byte	.LBB15
 736 027e 1C000000 		.4byte	.LBE15-.LBB15
 737 0282 04030000 		.4byte	0x304
 738 0286 1D       		.uleb128 0x1d
 739 0287 6D7300   		.ascii	"ms\000"
 740 028a 01       		.byte	0x1
 741 028b 4E01     		.2byte	0x14e
 742 028d 95020000 		.4byte	0x295
 743 0291 4A000000 		.4byte	.LLST2
 744 0295 0F       		.uleb128 0xf
 745 0296 04       		.byte	0x4
 746 0297 9B020000 		.4byte	0x29b
 747 029b 10       		.uleb128 0x10
 748 029c 31020000 		.4byte	0x231
 749 02a0 1F       		.uleb128 0x1f
 750 02a1 9B010000 		.4byte	0x19b
 751 02a5 04000000 		.4byte	.LBB16
 752 02a9 1C000000 		.4byte	.LBE16-.LBB16
 753 02ad 01       		.byte	0x1
 754 02ae 4F01     		.2byte	0x14f
ARM GAS  C:\Users\syhaines\AppData\Local\Temp\ccqhMmSy.s 			page 22


 755 02b0 20       		.uleb128 0x20
 756 02b1 B0010000 		.4byte	0x1b0
 757 02b5 0004     		.2byte	0x400
 758 02b7 21       		.uleb128 0x21
 759 02b8 A7010000 		.4byte	0x1a7
 760 02bc 72000000 		.4byte	.LLST3
 761 02c0 22       		.uleb128 0x22
 762 02c1 10000000 		.4byte	.LVL6
 763 02c5 B7030000 		.4byte	0x3b7
 764 02c9 E3020000 		.4byte	0x2e3
 765 02cd 23       		.uleb128 0x23
 766 02ce 01       		.uleb128 0x1
 767 02cf 52       		.byte	0x52
 768 02d0 03       		.uleb128 0x3
 769 02d1 0A       		.byte	0xa
 770 02d2 0004     		.2byte	0x400
 771 02d4 23       		.uleb128 0x23
 772 02d5 01       		.uleb128 0x1
 773 02d6 51       		.byte	0x51
 774 02d7 01       		.uleb128 0x1
 775 02d8 30       		.byte	0x30
 776 02d9 23       		.uleb128 0x23
 777 02da 01       		.uleb128 0x1
 778 02db 50       		.byte	0x50
 779 02dc 05       		.uleb128 0x5
 780 02dd 0C       		.byte	0xc
 781 02de 00300F40 		.4byte	0x400f3000
 782 02e2 00       		.byte	0
 783 02e3 24       		.uleb128 0x24
 784 02e4 1C000000 		.4byte	.LVL7
 785 02e8 B7030000 		.4byte	0x3b7
 786 02ec 23       		.uleb128 0x23
 787 02ed 01       		.uleb128 0x1
 788 02ee 52       		.byte	0x52
 789 02ef 03       		.uleb128 0x3
 790 02f0 0A       		.byte	0xa
 791 02f1 0004     		.2byte	0x400
 792 02f3 23       		.uleb128 0x23
 793 02f4 01       		.uleb128 0x1
 794 02f5 51       		.byte	0x51
 795 02f6 01       		.uleb128 0x1
 796 02f7 30       		.byte	0x30
 797 02f8 23       		.uleb128 0x23
 798 02f9 01       		.uleb128 0x1
 799 02fa 50       		.byte	0x50
 800 02fb 05       		.uleb128 0x5
 801 02fc 0C       		.byte	0xc
 802 02fd 00400F40 		.4byte	0x400f4000
 803 0301 00       		.byte	0
 804 0302 00       		.byte	0
 805 0303 00       		.byte	0
 806 0304 1F       		.uleb128 0x1f
 807 0305 03010000 		.4byte	0x103
 808 0309 20000000 		.4byte	.LBB18
 809 030d 36000000 		.4byte	.LBE18-.LBB18
 810 0311 01       		.byte	0x1
 811 0312 5201     		.2byte	0x152
ARM GAS  C:\Users\syhaines\AppData\Local\Temp\ccqhMmSy.s 			page 23


 812 0314 25       		.uleb128 0x25
 813 0315 0F010000 		.4byte	0x10f
 814 0319 25       		.uleb128 0x25
 815 031a 1A010000 		.4byte	0x11a
 816 031e 26       		.uleb128 0x26
 817 031f 20000000 		.4byte	.LBB19
 818 0323 36000000 		.4byte	.LBE19-.LBB19
 819 0327 27       		.uleb128 0x27
 820 0328 25010000 		.4byte	0x125
 821 032c 9A000000 		.4byte	.LLST4
 822 0330 27       		.uleb128 0x27
 823 0331 2E010000 		.4byte	0x12e
 824 0335 AE000000 		.4byte	.LLST5
 825 0339 26       		.uleb128 0x26
 826 033a 20000000 		.4byte	.LBB20
 827 033e 32000000 		.4byte	.LBE20-.LBB20
 828 0342 27       		.uleb128 0x27
 829 0343 38010000 		.4byte	0x138
 830 0347 D8000000 		.4byte	.LLST6
 831 034b 27       		.uleb128 0x27
 832 034c 43010000 		.4byte	0x143
 833 0350 07010000 		.4byte	.LLST7
 834 0354 00       		.byte	0
 835 0355 00       		.byte	0
 836 0356 00       		.byte	0
 837 0357 00       		.byte	0
 838 0358 28       		.uleb128 0x28
 839 0359 BA010000 		.4byte	0x1ba
 840 035d 86000000 		.4byte	.LBB21
 841 0361 28000000 		.4byte	.Ldebug_ranges0+0x28
 842 0365 01       		.byte	0x1
 843 0366 8201     		.2byte	0x182
 844 0368 7C030000 		.4byte	0x37c
 845 036c 24       		.uleb128 0x24
 846 036d F6000000 		.4byte	.LVL15
 847 0371 D4030000 		.4byte	0x3d4
 848 0375 23       		.uleb128 0x23
 849 0376 01       		.uleb128 0x1
 850 0377 50       		.byte	0x50
 851 0378 01       		.uleb128 0x1
 852 0379 48       		.byte	0x48
 853 037a 00       		.byte	0
 854 037b 00       		.byte	0
 855 037c 29       		.uleb128 0x29
 856 037d C2010000 		.4byte	0x1c2
 857 0381 24010000 		.4byte	.LBB30
 858 0385 0E000000 		.4byte	.LBE30-.LBB30
 859 0389 01       		.byte	0x1
 860 038a 8501     		.2byte	0x185
 861 038c 00       		.byte	0
 862 038d 1A       		.uleb128 0x1a
 863 038e 9C000000 		.4byte	0x9c
 864 0392 9D030000 		.4byte	0x39d
 865 0396 1B       		.uleb128 0x1b
 866 0397 76000000 		.4byte	0x76
 867 039b 02       		.byte	0x2
 868 039c 00       		.byte	0
ARM GAS  C:\Users\syhaines\AppData\Local\Temp\ccqhMmSy.s 			page 24


 869 039d 10       		.uleb128 0x10
 870 039e 8D030000 		.4byte	0x38d
 871 03a2 1A       		.uleb128 0x1a
 872 03a3 F8000000 		.4byte	0xf8
 873 03a7 B2030000 		.4byte	0x3b2
 874 03ab 1B       		.uleb128 0x1b
 875 03ac 76000000 		.4byte	0x76
 876 03b0 06       		.byte	0x6
 877 03b1 00       		.byte	0
 878 03b2 10       		.uleb128 0x10
 879 03b3 A2030000 		.4byte	0x3a2
 880 03b7 2A       		.uleb128 0x2a
 881 03b8 75010000 		.4byte	.LASF43
 882 03bc 7D000000 		.4byte	0x7d
 883 03c0 D4030000 		.4byte	0x3d4
 884 03c4 2B       		.uleb128 0x2b
 885 03c5 7D000000 		.4byte	0x7d
 886 03c9 2B       		.uleb128 0x2b
 887 03ca 25000000 		.4byte	0x25
 888 03ce 2B       		.uleb128 0x2b
 889 03cf 76000000 		.4byte	0x76
 890 03d3 00       		.byte	0
 891 03d4 2C       		.uleb128 0x2c
 892 03d5 89020000 		.4byte	.LASF44
 893 03d9 04       		.byte	0x4
 894 03da 2D       		.byte	0x2d
 895 03db 2B       		.uleb128 0x2b
 896 03dc 9C000000 		.4byte	0x9c
 897 03e0 00       		.byte	0
 898 03e1 00       		.byte	0
 899              		.section	.debug_abbrev,"",%progbits
 900              	.Ldebug_abbrev0:
 901 0000 01       		.uleb128 0x1
 902 0001 11       		.uleb128 0x11
 903 0002 01       		.byte	0x1
 904 0003 25       		.uleb128 0x25
 905 0004 0E       		.uleb128 0xe
 906 0005 13       		.uleb128 0x13
 907 0006 0B       		.uleb128 0xb
 908 0007 03       		.uleb128 0x3
 909 0008 0E       		.uleb128 0xe
 910 0009 1B       		.uleb128 0x1b
 911 000a 0E       		.uleb128 0xe
 912 000b 55       		.uleb128 0x55
 913 000c 17       		.uleb128 0x17
 914 000d 11       		.uleb128 0x11
 915 000e 01       		.uleb128 0x1
 916 000f 10       		.uleb128 0x10
 917 0010 17       		.uleb128 0x17
 918 0011 00       		.byte	0
 919 0012 00       		.byte	0
 920 0013 02       		.uleb128 0x2
 921 0014 24       		.uleb128 0x24
 922 0015 00       		.byte	0
 923 0016 0B       		.uleb128 0xb
 924 0017 0B       		.uleb128 0xb
 925 0018 3E       		.uleb128 0x3e
ARM GAS  C:\Users\syhaines\AppData\Local\Temp\ccqhMmSy.s 			page 25


 926 0019 0B       		.uleb128 0xb
 927 001a 03       		.uleb128 0x3
 928 001b 08       		.uleb128 0x8
 929 001c 00       		.byte	0
 930 001d 00       		.byte	0
 931 001e 03       		.uleb128 0x3
 932 001f 16       		.uleb128 0x16
 933 0020 00       		.byte	0
 934 0021 03       		.uleb128 0x3
 935 0022 0E       		.uleb128 0xe
 936 0023 3A       		.uleb128 0x3a
 937 0024 0B       		.uleb128 0xb
 938 0025 3B       		.uleb128 0x3b
 939 0026 0B       		.uleb128 0xb
 940 0027 49       		.uleb128 0x49
 941 0028 13       		.uleb128 0x13
 942 0029 00       		.byte	0
 943 002a 00       		.byte	0
 944 002b 04       		.uleb128 0x4
 945 002c 24       		.uleb128 0x24
 946 002d 00       		.byte	0
 947 002e 0B       		.uleb128 0xb
 948 002f 0B       		.uleb128 0xb
 949 0030 3E       		.uleb128 0x3e
 950 0031 0B       		.uleb128 0xb
 951 0032 03       		.uleb128 0x3
 952 0033 0E       		.uleb128 0xe
 953 0034 00       		.byte	0
 954 0035 00       		.byte	0
 955 0036 05       		.uleb128 0x5
 956 0037 0F       		.uleb128 0xf
 957 0038 00       		.byte	0
 958 0039 0B       		.uleb128 0xb
 959 003a 0B       		.uleb128 0xb
 960 003b 00       		.byte	0
 961 003c 00       		.byte	0
 962 003d 06       		.uleb128 0x6
 963 003e 16       		.uleb128 0x16
 964 003f 00       		.byte	0
 965 0040 03       		.uleb128 0x3
 966 0041 0E       		.uleb128 0xe
 967 0042 3A       		.uleb128 0x3a
 968 0043 0B       		.uleb128 0xb
 969 0044 3B       		.uleb128 0x3b
 970 0045 05       		.uleb128 0x5
 971 0046 49       		.uleb128 0x49
 972 0047 13       		.uleb128 0x13
 973 0048 00       		.byte	0
 974 0049 00       		.byte	0
 975 004a 07       		.uleb128 0x7
 976 004b 35       		.uleb128 0x35
 977 004c 00       		.byte	0
 978 004d 49       		.uleb128 0x49
 979 004e 13       		.uleb128 0x13
 980 004f 00       		.byte	0
 981 0050 00       		.byte	0
 982 0051 08       		.uleb128 0x8
ARM GAS  C:\Users\syhaines\AppData\Local\Temp\ccqhMmSy.s 			page 26


 983 0052 13       		.uleb128 0x13
 984 0053 01       		.byte	0x1
 985 0054 0B       		.uleb128 0xb
 986 0055 0B       		.uleb128 0xb
 987 0056 3A       		.uleb128 0x3a
 988 0057 0B       		.uleb128 0xb
 989 0058 3B       		.uleb128 0x3b
 990 0059 0B       		.uleb128 0xb
 991 005a 01       		.uleb128 0x1
 992 005b 13       		.uleb128 0x13
 993 005c 00       		.byte	0
 994 005d 00       		.byte	0
 995 005e 09       		.uleb128 0x9
 996 005f 0D       		.uleb128 0xd
 997 0060 00       		.byte	0
 998 0061 03       		.uleb128 0x3
 999 0062 0E       		.uleb128 0xe
 1000 0063 3A       		.uleb128 0x3a
 1001 0064 0B       		.uleb128 0xb
 1002 0065 3B       		.uleb128 0x3b
 1003 0066 0B       		.uleb128 0xb
 1004 0067 49       		.uleb128 0x49
 1005 0068 13       		.uleb128 0x13
 1006 0069 38       		.uleb128 0x38
 1007 006a 0B       		.uleb128 0xb
 1008 006b 00       		.byte	0
 1009 006c 00       		.byte	0
 1010 006d 0A       		.uleb128 0xa
 1011 006e 2E       		.uleb128 0x2e
 1012 006f 01       		.byte	0x1
 1013 0070 03       		.uleb128 0x3
 1014 0071 0E       		.uleb128 0xe
 1015 0072 3A       		.uleb128 0x3a
 1016 0073 0B       		.uleb128 0xb
 1017 0074 3B       		.uleb128 0x3b
 1018 0075 0B       		.uleb128 0xb
 1019 0076 27       		.uleb128 0x27
 1020 0077 19       		.uleb128 0x19
 1021 0078 20       		.uleb128 0x20
 1022 0079 0B       		.uleb128 0xb
 1023 007a 01       		.uleb128 0x1
 1024 007b 13       		.uleb128 0x13
 1025 007c 00       		.byte	0
 1026 007d 00       		.byte	0
 1027 007e 0B       		.uleb128 0xb
 1028 007f 05       		.uleb128 0x5
 1029 0080 00       		.byte	0
 1030 0081 03       		.uleb128 0x3
 1031 0082 0E       		.uleb128 0xe
 1032 0083 3A       		.uleb128 0x3a
 1033 0084 0B       		.uleb128 0xb
 1034 0085 3B       		.uleb128 0x3b
 1035 0086 0B       		.uleb128 0xb
 1036 0087 49       		.uleb128 0x49
 1037 0088 13       		.uleb128 0x13
 1038 0089 00       		.byte	0
 1039 008a 00       		.byte	0
ARM GAS  C:\Users\syhaines\AppData\Local\Temp\ccqhMmSy.s 			page 27


 1040 008b 0C       		.uleb128 0xc
 1041 008c 34       		.uleb128 0x34
 1042 008d 00       		.byte	0
 1043 008e 03       		.uleb128 0x3
 1044 008f 08       		.uleb128 0x8
 1045 0090 3A       		.uleb128 0x3a
 1046 0091 0B       		.uleb128 0xb
 1047 0092 3B       		.uleb128 0x3b
 1048 0093 0B       		.uleb128 0xb
 1049 0094 49       		.uleb128 0x49
 1050 0095 13       		.uleb128 0x13
 1051 0096 00       		.byte	0
 1052 0097 00       		.byte	0
 1053 0098 0D       		.uleb128 0xd
 1054 0099 0B       		.uleb128 0xb
 1055 009a 01       		.byte	0x1
 1056 009b 00       		.byte	0
 1057 009c 00       		.byte	0
 1058 009d 0E       		.uleb128 0xe
 1059 009e 34       		.uleb128 0x34
 1060 009f 00       		.byte	0
 1061 00a0 03       		.uleb128 0x3
 1062 00a1 0E       		.uleb128 0xe
 1063 00a2 3A       		.uleb128 0x3a
 1064 00a3 0B       		.uleb128 0xb
 1065 00a4 3B       		.uleb128 0x3b
 1066 00a5 0B       		.uleb128 0xb
 1067 00a6 49       		.uleb128 0x49
 1068 00a7 13       		.uleb128 0x13
 1069 00a8 00       		.byte	0
 1070 00a9 00       		.byte	0
 1071 00aa 0F       		.uleb128 0xf
 1072 00ab 0F       		.uleb128 0xf
 1073 00ac 00       		.byte	0
 1074 00ad 0B       		.uleb128 0xb
 1075 00ae 0B       		.uleb128 0xb
 1076 00af 49       		.uleb128 0x49
 1077 00b0 13       		.uleb128 0x13
 1078 00b1 00       		.byte	0
 1079 00b2 00       		.byte	0
 1080 00b3 10       		.uleb128 0x10
 1081 00b4 26       		.uleb128 0x26
 1082 00b5 00       		.byte	0
 1083 00b6 49       		.uleb128 0x49
 1084 00b7 13       		.uleb128 0x13
 1085 00b8 00       		.byte	0
 1086 00b9 00       		.byte	0
 1087 00ba 11       		.uleb128 0x11
 1088 00bb 2E       		.uleb128 0x2e
 1089 00bc 01       		.byte	0x1
 1090 00bd 3F       		.uleb128 0x3f
 1091 00be 19       		.uleb128 0x19
 1092 00bf 03       		.uleb128 0x3
 1093 00c0 0E       		.uleb128 0xe
 1094 00c1 3A       		.uleb128 0x3a
 1095 00c2 0B       		.uleb128 0xb
 1096 00c3 3B       		.uleb128 0x3b
ARM GAS  C:\Users\syhaines\AppData\Local\Temp\ccqhMmSy.s 			page 28


 1097 00c4 05       		.uleb128 0x5
 1098 00c5 27       		.uleb128 0x27
 1099 00c6 19       		.uleb128 0x19
 1100 00c7 11       		.uleb128 0x11
 1101 00c8 01       		.uleb128 0x1
 1102 00c9 12       		.uleb128 0x12
 1103 00ca 06       		.uleb128 0x6
 1104 00cb 40       		.uleb128 0x40
 1105 00cc 18       		.uleb128 0x18
 1106 00cd 9742     		.uleb128 0x2117
 1107 00cf 19       		.uleb128 0x19
 1108 00d0 01       		.uleb128 0x1
 1109 00d1 13       		.uleb128 0x13
 1110 00d2 00       		.byte	0
 1111 00d3 00       		.byte	0
 1112 00d4 12       		.uleb128 0x12
 1113 00d5 05       		.uleb128 0x5
 1114 00d6 00       		.byte	0
 1115 00d7 03       		.uleb128 0x3
 1116 00d8 0E       		.uleb128 0xe
 1117 00d9 3A       		.uleb128 0x3a
 1118 00da 0B       		.uleb128 0xb
 1119 00db 3B       		.uleb128 0x3b
 1120 00dc 05       		.uleb128 0x5
 1121 00dd 49       		.uleb128 0x49
 1122 00de 13       		.uleb128 0x13
 1123 00df 02       		.uleb128 0x2
 1124 00e0 18       		.uleb128 0x18
 1125 00e1 00       		.byte	0
 1126 00e2 00       		.byte	0
 1127 00e3 13       		.uleb128 0x13
 1128 00e4 34       		.uleb128 0x34
 1129 00e5 00       		.byte	0
 1130 00e6 03       		.uleb128 0x3
 1131 00e7 0E       		.uleb128 0xe
 1132 00e8 3A       		.uleb128 0x3a
 1133 00e9 0B       		.uleb128 0xb
 1134 00ea 3B       		.uleb128 0x3b
 1135 00eb 05       		.uleb128 0x5
 1136 00ec 49       		.uleb128 0x49
 1137 00ed 13       		.uleb128 0x13
 1138 00ee 02       		.uleb128 0x2
 1139 00ef 17       		.uleb128 0x17
 1140 00f0 00       		.byte	0
 1141 00f1 00       		.byte	0
 1142 00f2 14       		.uleb128 0x14
 1143 00f3 05       		.uleb128 0x5
 1144 00f4 00       		.byte	0
 1145 00f5 03       		.uleb128 0x3
 1146 00f6 08       		.uleb128 0x8
 1147 00f7 3A       		.uleb128 0x3a
 1148 00f8 0B       		.uleb128 0xb
 1149 00f9 3B       		.uleb128 0x3b
 1150 00fa 0B       		.uleb128 0xb
 1151 00fb 49       		.uleb128 0x49
 1152 00fc 13       		.uleb128 0x13
 1153 00fd 00       		.byte	0
ARM GAS  C:\Users\syhaines\AppData\Local\Temp\ccqhMmSy.s 			page 29


 1154 00fe 00       		.byte	0
 1155 00ff 15       		.uleb128 0x15
 1156 0100 2E       		.uleb128 0x2e
 1157 0101 00       		.byte	0
 1158 0102 03       		.uleb128 0x3
 1159 0103 0E       		.uleb128 0xe
 1160 0104 3A       		.uleb128 0x3a
 1161 0105 0B       		.uleb128 0xb
 1162 0106 3B       		.uleb128 0x3b
 1163 0107 0B       		.uleb128 0xb
 1164 0108 27       		.uleb128 0x27
 1165 0109 19       		.uleb128 0x19
 1166 010a 20       		.uleb128 0x20
 1167 010b 0B       		.uleb128 0xb
 1168 010c 00       		.byte	0
 1169 010d 00       		.byte	0
 1170 010e 16       		.uleb128 0x16
 1171 010f 0B       		.uleb128 0xb
 1172 0110 01       		.byte	0x1
 1173 0111 55       		.uleb128 0x55
 1174 0112 17       		.uleb128 0x17
 1175 0113 01       		.uleb128 0x1
 1176 0114 13       		.uleb128 0x13
 1177 0115 00       		.byte	0
 1178 0116 00       		.byte	0
 1179 0117 17       		.uleb128 0x17
 1180 0118 34       		.uleb128 0x34
 1181 0119 00       		.byte	0
 1182 011a 03       		.uleb128 0x3
 1183 011b 0E       		.uleb128 0xe
 1184 011c 3A       		.uleb128 0x3a
 1185 011d 0B       		.uleb128 0xb
 1186 011e 3B       		.uleb128 0x3b
 1187 011f 05       		.uleb128 0x5
 1188 0120 49       		.uleb128 0x49
 1189 0121 13       		.uleb128 0x13
 1190 0122 02       		.uleb128 0x2
 1191 0123 18       		.uleb128 0x18
 1192 0124 00       		.byte	0
 1193 0125 00       		.byte	0
 1194 0126 18       		.uleb128 0x18
 1195 0127 13       		.uleb128 0x13
 1196 0128 01       		.byte	0x1
 1197 0129 0B       		.uleb128 0xb
 1198 012a 0B       		.uleb128 0xb
 1199 012b 3A       		.uleb128 0x3a
 1200 012c 0B       		.uleb128 0xb
 1201 012d 3B       		.uleb128 0x3b
 1202 012e 05       		.uleb128 0x5
 1203 012f 01       		.uleb128 0x1
 1204 0130 13       		.uleb128 0x13
 1205 0131 00       		.byte	0
 1206 0132 00       		.byte	0
 1207 0133 19       		.uleb128 0x19
 1208 0134 0D       		.uleb128 0xd
 1209 0135 00       		.byte	0
 1210 0136 03       		.uleb128 0x3
ARM GAS  C:\Users\syhaines\AppData\Local\Temp\ccqhMmSy.s 			page 30


 1211 0137 0E       		.uleb128 0xe
 1212 0138 3A       		.uleb128 0x3a
 1213 0139 0B       		.uleb128 0xb
 1214 013a 3B       		.uleb128 0x3b
 1215 013b 05       		.uleb128 0x5
 1216 013c 49       		.uleb128 0x49
 1217 013d 13       		.uleb128 0x13
 1218 013e 38       		.uleb128 0x38
 1219 013f 0B       		.uleb128 0xb
 1220 0140 00       		.byte	0
 1221 0141 00       		.byte	0
 1222 0142 1A       		.uleb128 0x1a
 1223 0143 01       		.uleb128 0x1
 1224 0144 01       		.byte	0x1
 1225 0145 49       		.uleb128 0x49
 1226 0146 13       		.uleb128 0x13
 1227 0147 01       		.uleb128 0x1
 1228 0148 13       		.uleb128 0x13
 1229 0149 00       		.byte	0
 1230 014a 00       		.byte	0
 1231 014b 1B       		.uleb128 0x1b
 1232 014c 21       		.uleb128 0x21
 1233 014d 00       		.byte	0
 1234 014e 49       		.uleb128 0x49
 1235 014f 13       		.uleb128 0x13
 1236 0150 2F       		.uleb128 0x2f
 1237 0151 0B       		.uleb128 0xb
 1238 0152 00       		.byte	0
 1239 0153 00       		.byte	0
 1240 0154 1C       		.uleb128 0x1c
 1241 0155 34       		.uleb128 0x34
 1242 0156 00       		.byte	0
 1243 0157 03       		.uleb128 0x3
 1244 0158 0E       		.uleb128 0xe
 1245 0159 3A       		.uleb128 0x3a
 1246 015a 0B       		.uleb128 0xb
 1247 015b 3B       		.uleb128 0x3b
 1248 015c 05       		.uleb128 0x5
 1249 015d 49       		.uleb128 0x49
 1250 015e 13       		.uleb128 0x13
 1251 015f 1C       		.uleb128 0x1c
 1252 0160 0A       		.uleb128 0xa
 1253 0161 00       		.byte	0
 1254 0162 00       		.byte	0
 1255 0163 1D       		.uleb128 0x1d
 1256 0164 34       		.uleb128 0x34
 1257 0165 00       		.byte	0
 1258 0166 03       		.uleb128 0x3
 1259 0167 08       		.uleb128 0x8
 1260 0168 3A       		.uleb128 0x3a
 1261 0169 0B       		.uleb128 0xb
 1262 016a 3B       		.uleb128 0x3b
 1263 016b 05       		.uleb128 0x5
 1264 016c 49       		.uleb128 0x49
 1265 016d 13       		.uleb128 0x13
 1266 016e 02       		.uleb128 0x2
 1267 016f 17       		.uleb128 0x17
ARM GAS  C:\Users\syhaines\AppData\Local\Temp\ccqhMmSy.s 			page 31


 1268 0170 00       		.byte	0
 1269 0171 00       		.byte	0
 1270 0172 1E       		.uleb128 0x1e
 1271 0173 0B       		.uleb128 0xb
 1272 0174 01       		.byte	0x1
 1273 0175 11       		.uleb128 0x11
 1274 0176 01       		.uleb128 0x1
 1275 0177 12       		.uleb128 0x12
 1276 0178 06       		.uleb128 0x6
 1277 0179 01       		.uleb128 0x1
 1278 017a 13       		.uleb128 0x13
 1279 017b 00       		.byte	0
 1280 017c 00       		.byte	0
 1281 017d 1F       		.uleb128 0x1f
 1282 017e 1D       		.uleb128 0x1d
 1283 017f 01       		.byte	0x1
 1284 0180 31       		.uleb128 0x31
 1285 0181 13       		.uleb128 0x13
 1286 0182 11       		.uleb128 0x11
 1287 0183 01       		.uleb128 0x1
 1288 0184 12       		.uleb128 0x12
 1289 0185 06       		.uleb128 0x6
 1290 0186 58       		.uleb128 0x58
 1291 0187 0B       		.uleb128 0xb
 1292 0188 59       		.uleb128 0x59
 1293 0189 05       		.uleb128 0x5
 1294 018a 00       		.byte	0
 1295 018b 00       		.byte	0
 1296 018c 20       		.uleb128 0x20
 1297 018d 05       		.uleb128 0x5
 1298 018e 00       		.byte	0
 1299 018f 31       		.uleb128 0x31
 1300 0190 13       		.uleb128 0x13
 1301 0191 1C       		.uleb128 0x1c
 1302 0192 05       		.uleb128 0x5
 1303 0193 00       		.byte	0
 1304 0194 00       		.byte	0
 1305 0195 21       		.uleb128 0x21
 1306 0196 05       		.uleb128 0x5
 1307 0197 00       		.byte	0
 1308 0198 31       		.uleb128 0x31
 1309 0199 13       		.uleb128 0x13
 1310 019a 02       		.uleb128 0x2
 1311 019b 17       		.uleb128 0x17
 1312 019c 00       		.byte	0
 1313 019d 00       		.byte	0
 1314 019e 22       		.uleb128 0x22
 1315 019f 898201   		.uleb128 0x4109
 1316 01a2 01       		.byte	0x1
 1317 01a3 11       		.uleb128 0x11
 1318 01a4 01       		.uleb128 0x1
 1319 01a5 31       		.uleb128 0x31
 1320 01a6 13       		.uleb128 0x13
 1321 01a7 01       		.uleb128 0x1
 1322 01a8 13       		.uleb128 0x13
 1323 01a9 00       		.byte	0
 1324 01aa 00       		.byte	0
ARM GAS  C:\Users\syhaines\AppData\Local\Temp\ccqhMmSy.s 			page 32


 1325 01ab 23       		.uleb128 0x23
 1326 01ac 8A8201   		.uleb128 0x410a
 1327 01af 00       		.byte	0
 1328 01b0 02       		.uleb128 0x2
 1329 01b1 18       		.uleb128 0x18
 1330 01b2 9142     		.uleb128 0x2111
 1331 01b4 18       		.uleb128 0x18
 1332 01b5 00       		.byte	0
 1333 01b6 00       		.byte	0
 1334 01b7 24       		.uleb128 0x24
 1335 01b8 898201   		.uleb128 0x4109
 1336 01bb 01       		.byte	0x1
 1337 01bc 11       		.uleb128 0x11
 1338 01bd 01       		.uleb128 0x1
 1339 01be 31       		.uleb128 0x31
 1340 01bf 13       		.uleb128 0x13
 1341 01c0 00       		.byte	0
 1342 01c1 00       		.byte	0
 1343 01c2 25       		.uleb128 0x25
 1344 01c3 05       		.uleb128 0x5
 1345 01c4 00       		.byte	0
 1346 01c5 31       		.uleb128 0x31
 1347 01c6 13       		.uleb128 0x13
 1348 01c7 00       		.byte	0
 1349 01c8 00       		.byte	0
 1350 01c9 26       		.uleb128 0x26
 1351 01ca 0B       		.uleb128 0xb
 1352 01cb 01       		.byte	0x1
 1353 01cc 11       		.uleb128 0x11
 1354 01cd 01       		.uleb128 0x1
 1355 01ce 12       		.uleb128 0x12
 1356 01cf 06       		.uleb128 0x6
 1357 01d0 00       		.byte	0
 1358 01d1 00       		.byte	0
 1359 01d2 27       		.uleb128 0x27
 1360 01d3 34       		.uleb128 0x34
 1361 01d4 00       		.byte	0
 1362 01d5 31       		.uleb128 0x31
 1363 01d6 13       		.uleb128 0x13
 1364 01d7 02       		.uleb128 0x2
 1365 01d8 17       		.uleb128 0x17
 1366 01d9 00       		.byte	0
 1367 01da 00       		.byte	0
 1368 01db 28       		.uleb128 0x28
 1369 01dc 1D       		.uleb128 0x1d
 1370 01dd 01       		.byte	0x1
 1371 01de 31       		.uleb128 0x31
 1372 01df 13       		.uleb128 0x13
 1373 01e0 52       		.uleb128 0x52
 1374 01e1 01       		.uleb128 0x1
 1375 01e2 55       		.uleb128 0x55
 1376 01e3 17       		.uleb128 0x17
 1377 01e4 58       		.uleb128 0x58
 1378 01e5 0B       		.uleb128 0xb
 1379 01e6 59       		.uleb128 0x59
 1380 01e7 05       		.uleb128 0x5
 1381 01e8 01       		.uleb128 0x1
ARM GAS  C:\Users\syhaines\AppData\Local\Temp\ccqhMmSy.s 			page 33


 1382 01e9 13       		.uleb128 0x13
 1383 01ea 00       		.byte	0
 1384 01eb 00       		.byte	0
 1385 01ec 29       		.uleb128 0x29
 1386 01ed 1D       		.uleb128 0x1d
 1387 01ee 00       		.byte	0
 1388 01ef 31       		.uleb128 0x31
 1389 01f0 13       		.uleb128 0x13
 1390 01f1 11       		.uleb128 0x11
 1391 01f2 01       		.uleb128 0x1
 1392 01f3 12       		.uleb128 0x12
 1393 01f4 06       		.uleb128 0x6
 1394 01f5 58       		.uleb128 0x58
 1395 01f6 0B       		.uleb128 0xb
 1396 01f7 59       		.uleb128 0x59
 1397 01f8 05       		.uleb128 0x5
 1398 01f9 00       		.byte	0
 1399 01fa 00       		.byte	0
 1400 01fb 2A       		.uleb128 0x2a
 1401 01fc 2E       		.uleb128 0x2e
 1402 01fd 01       		.byte	0x1
 1403 01fe 3F       		.uleb128 0x3f
 1404 01ff 19       		.uleb128 0x19
 1405 0200 03       		.uleb128 0x3
 1406 0201 0E       		.uleb128 0xe
 1407 0202 27       		.uleb128 0x27
 1408 0203 19       		.uleb128 0x19
 1409 0204 49       		.uleb128 0x49
 1410 0205 13       		.uleb128 0x13
 1411 0206 34       		.uleb128 0x34
 1412 0207 19       		.uleb128 0x19
 1413 0208 3C       		.uleb128 0x3c
 1414 0209 19       		.uleb128 0x19
 1415 020a 01       		.uleb128 0x1
 1416 020b 13       		.uleb128 0x13
 1417 020c 00       		.byte	0
 1418 020d 00       		.byte	0
 1419 020e 2B       		.uleb128 0x2b
 1420 020f 05       		.uleb128 0x5
 1421 0210 00       		.byte	0
 1422 0211 49       		.uleb128 0x49
 1423 0212 13       		.uleb128 0x13
 1424 0213 00       		.byte	0
 1425 0214 00       		.byte	0
 1426 0215 2C       		.uleb128 0x2c
 1427 0216 2E       		.uleb128 0x2e
 1428 0217 01       		.byte	0x1
 1429 0218 3F       		.uleb128 0x3f
 1430 0219 19       		.uleb128 0x19
 1431 021a 03       		.uleb128 0x3
 1432 021b 0E       		.uleb128 0xe
 1433 021c 3A       		.uleb128 0x3a
 1434 021d 0B       		.uleb128 0xb
 1435 021e 3B       		.uleb128 0x3b
 1436 021f 0B       		.uleb128 0xb
 1437 0220 27       		.uleb128 0x27
 1438 0221 19       		.uleb128 0x19
ARM GAS  C:\Users\syhaines\AppData\Local\Temp\ccqhMmSy.s 			page 34


 1439 0222 3C       		.uleb128 0x3c
 1440 0223 19       		.uleb128 0x19
 1441 0224 00       		.byte	0
 1442 0225 00       		.byte	0
 1443 0226 00       		.byte	0
 1444              		.section	.debug_loc,"",%progbits
 1445              	.Ldebug_loc0:
 1446              	.LLST0:
 1447 0000 04000000 		.4byte	.LVL1
 1448 0004 12000000 		.4byte	.LVL3
 1449 0008 0100     		.2byte	0x1
 1450 000a 53       		.byte	0x53
 1451 000b 14000000 		.4byte	.LVL4
 1452 000f 1C000000 		.4byte	.LFE6
 1453 0013 0100     		.2byte	0x1
 1454 0015 53       		.byte	0x53
 1455 0016 00000000 		.4byte	0
 1456 001a 00000000 		.4byte	0
 1457              	.LLST1:
 1458 001e 04000000 		.4byte	.LVL5
 1459 0022 10000000 		.4byte	.LVL6
 1460 0026 0200     		.2byte	0x2
 1461 0028 30       		.byte	0x30
 1462 0029 9F       		.byte	0x9f
 1463 002a 10000000 		.4byte	.LVL6
 1464 002e 1C000000 		.4byte	.LVL7
 1465 0032 0200     		.2byte	0x2
 1466 0034 31       		.byte	0x31
 1467 0035 9F       		.byte	0x9f
 1468 0036 1C000000 		.4byte	.LVL7
 1469 003a C8010000 		.4byte	.LFE7
 1470 003e 0200     		.2byte	0x2
 1471 0040 32       		.byte	0x32
 1472 0041 9F       		.byte	0x9f
 1473 0042 00000000 		.4byte	0
 1474 0046 00000000 		.4byte	0
 1475              	.LLST2:
 1476 004a 04000000 		.4byte	.LVL5
 1477 004e 10000000 		.4byte	.LVL6
 1478 0052 0600     		.2byte	0x6
 1479 0054 F2       		.byte	0xf2
 1480 0055 4D020000 		.4byte	.Ldebug_info0+589
 1481 0059 00       		.sleb128 0
 1482 005a 10000000 		.4byte	.LVL6
 1483 005e C8010000 		.4byte	.LFE7
 1484 0062 0600     		.2byte	0x6
 1485 0064 F2       		.byte	0xf2
 1486 0065 4D020000 		.4byte	.Ldebug_info0+589
 1487 0069 06       		.sleb128 6
 1488 006a 00000000 		.4byte	0
 1489 006e 00000000 		.4byte	0
 1490              	.LLST3:
 1491 0072 04000000 		.4byte	.LVL5
 1492 0076 10000000 		.4byte	.LVL6
 1493 007a 0600     		.2byte	0x6
 1494 007c 0C       		.byte	0xc
 1495 007d 00300F40 		.4byte	0x400f3000
ARM GAS  C:\Users\syhaines\AppData\Local\Temp\ccqhMmSy.s 			page 35


 1496 0081 9F       		.byte	0x9f
 1497 0082 10000000 		.4byte	.LVL6
 1498 0086 C8010000 		.4byte	.LFE7
 1499 008a 0600     		.2byte	0x6
 1500 008c 0C       		.byte	0xc
 1501 008d 00400F40 		.4byte	0x400f4000
 1502 0091 9F       		.byte	0x9f
 1503 0092 00000000 		.4byte	0
 1504 0096 00000000 		.4byte	0
 1505              	.LLST4:
 1506 009a 1C000000 		.4byte	.LVL7
 1507 009e 20000000 		.4byte	.LVL8
 1508 00a2 0200     		.2byte	0x2
 1509 00a4 30       		.byte	0x30
 1510 00a5 9F       		.byte	0x9f
 1511 00a6 00000000 		.4byte	0
 1512 00aa 00000000 		.4byte	0
 1513              	.LLST5:
 1514 00ae 1C000000 		.4byte	.LVL7
 1515 00b2 20000000 		.4byte	.LVL8
 1516 00b6 0200     		.2byte	0x2
 1517 00b8 30       		.byte	0x30
 1518 00b9 9F       		.byte	0x9f
 1519 00ba 20000000 		.4byte	.LVL8
 1520 00be 36000000 		.4byte	.LVL11
 1521 00c2 0100     		.2byte	0x1
 1522 00c4 54       		.byte	0x54
 1523 00c5 50000000 		.4byte	.LVL13
 1524 00c9 88000000 		.4byte	.LVL14
 1525 00cd 0100     		.2byte	0x1
 1526 00cf 54       		.byte	0x54
 1527 00d0 00000000 		.4byte	0
 1528 00d4 00000000 		.4byte	0
 1529              	.LLST6:
 1530 00d8 26000000 		.4byte	.LVL9
 1531 00dc 30000000 		.4byte	.LVL10
 1532 00e0 0100     		.2byte	0x1
 1533 00e2 57       		.byte	0x57
 1534 00e3 30000000 		.4byte	.LVL10
 1535 00e7 32010000 		.4byte	.LVL16
 1536 00eb 0100     		.2byte	0x1
 1537 00ed 56       		.byte	0x56
 1538 00ee 32010000 		.4byte	.LVL16
 1539 00f2 32010000 		.4byte	.LVL17
 1540 00f6 0700     		.2byte	0x7
 1541 00f8 77       		.byte	0x77
 1542 00f9 00       		.sleb128 0
 1543 00fa 0B       		.byte	0xb
 1544 00fb 00FF     		.2byte	0xff00
 1545 00fd 1A       		.byte	0x1a
 1546 00fe 9F       		.byte	0x9f
 1547 00ff 00000000 		.4byte	0
 1548 0103 00000000 		.4byte	0
 1549              	.LLST7:
 1550 0107 26000000 		.4byte	.LVL9
 1551 010b 3E000000 		.4byte	.LVL12
 1552 010f 0100     		.2byte	0x1
ARM GAS  C:\Users\syhaines\AppData\Local\Temp\ccqhMmSy.s 			page 36


 1553 0111 57       		.byte	0x57
 1554 0112 00000000 		.4byte	0
 1555 0116 00000000 		.4byte	0
 1556              		.section	.debug_aranges,"",%progbits
 1557 0000 24000000 		.4byte	0x24
 1558 0004 0200     		.2byte	0x2
 1559 0006 00000000 		.4byte	.Ldebug_info0
 1560 000a 04       		.byte	0x4
 1561 000b 00       		.byte	0
 1562 000c 0000     		.2byte	0
 1563 000e 0000     		.2byte	0
 1564 0010 00000000 		.4byte	.LFB6
 1565 0014 1C000000 		.4byte	.LFE6-.LFB6
 1566 0018 00000000 		.4byte	.LFB7
 1567 001c C8010000 		.4byte	.LFE7-.LFB7
 1568 0020 00000000 		.4byte	0
 1569 0024 00000000 		.4byte	0
 1570              		.section	.debug_ranges,"",%progbits
 1571              	.Ldebug_ranges0:
 1572 0000 04000000 		.4byte	.LBB14
 1573 0004 86000000 		.4byte	.LBE14
 1574 0008 88000000 		.4byte	.LBB25
 1575 000c 9A000000 		.4byte	.LBE25
 1576 0010 9A000000 		.4byte	.LBB26
 1577 0014 B0000000 		.4byte	.LBE26
 1578 0018 B2000000 		.4byte	.LBB28
 1579 001c B6000000 		.4byte	.LBE28
 1580 0020 00000000 		.4byte	0
 1581 0024 00000000 		.4byte	0
 1582 0028 86000000 		.4byte	.LBB21
 1583 002c 88000000 		.4byte	.LBE21
 1584 0030 B0000000 		.4byte	.LBB27
 1585 0034 B2000000 		.4byte	.LBE27
 1586 0038 E8000000 		.4byte	.LBB29
 1587 003c 24010000 		.4byte	.LBE29
 1588 0040 00000000 		.4byte	0
 1589 0044 00000000 		.4byte	0
 1590 0048 00000000 		.4byte	.LFB6
 1591 004c 1C000000 		.4byte	.LFE6
 1592 0050 00000000 		.4byte	.LFB7
 1593 0054 C8010000 		.4byte	.LFE7
 1594 0058 00000000 		.4byte	0
 1595 005c 00000000 		.4byte	0
 1596              		.section	.debug_line,"",%progbits
 1597              	.Ldebug_line0:
 1598 0000 6E010000 		.section	.debug_str,"MS",%progbits,1
 1598      0200D800 
 1598      00000201 
 1598      FB0E0D00 
 1598      01010101 
 1599              	.LASF18:
 1600 0000 72656733 		.ascii	"reg32\000"
 1600      3200
 1601              	.LASF11:
 1602 0006 73697A65 		.ascii	"size_t\000"
 1602      5F7400
 1603              	.LASF39:
ARM GAS  C:\Users\syhaines\AppData\Local\Temp\ccqhMmSy.s 			page 37


 1604 000d 474E5520 		.ascii	"GNU C 4.9.3 20150303 (release) [ARM/embedded-4_9-br"
 1604      4320342E 
 1604      392E3320 
 1604      32303135 
 1604      30333033 
 1605 0040 616E6368 		.ascii	"anch revision 221220] -mcpu=cortex-m0 -mthumb -g -O"
 1605      20726576 
 1605      6973696F 
 1605      6E203232 
 1605      31323230 
 1606 0073 73202D66 		.ascii	"s -ffunction-sections -ffat-lto-objects\000"
 1606      66756E63 
 1606      74696F6E 
 1606      2D736563 
 1606      74696F6E 
 1607              	.LASF20:
 1608 009b 76616C75 		.ascii	"value\000"
 1608      6500
 1609              	.LASF25:
 1610 00a1 636F756E 		.ascii	"count\000"
 1610      7400
 1611              	.LASF28:
 1612 00a7 436C6F63 		.ascii	"ClockSetup\000"
 1612      6B536574 
 1612      757000
 1613              	.LASF33:
 1614 00b2 63795F63 		.ascii	"cy_cfg_addr_table\000"
 1614      66675F61 
 1614      6464725F 
 1614      7461626C 
 1614      6500
 1615              	.LASF34:
 1616 00c4 63795F63 		.ascii	"cy_cfg_data_table\000"
 1616      66675F64 
 1616      6174615F 
 1616      7461626C 
 1616      6500
 1617              	.LASF41:
 1618 00d6 433A5C4C 		.ascii	"C:\\Legrand\\Dimmers\\A4W sofTap and Touch\\A4W_Sof"
 1618      65677261 
 1618      6E645C44 
 1618      696D6D65 
 1618      72735C41 
 1619 0105 7461702E 		.ascii	"tap.cydsn\000"
 1619      63796473 
 1619      6E00
 1620              	.LASF15:
 1621 010f 666C6F61 		.ascii	"float\000"
 1621      7400
 1622              	.LASF38:
 1623 0115 6366675F 		.ascii	"cfg_memset_list\000"
 1623      6D656D73 
 1623      65745F6C 
 1623      69737400 
 1624              	.LASF36:
 1625 0125 73697A65 		.ascii	"size\000"
 1625      00
ARM GAS  C:\Users\syhaines\AppData\Local\Temp\ccqhMmSy.s 			page 38


 1626              	.LASF17:
 1627 012a 72656738 		.ascii	"reg8\000"
 1627      00
 1628              	.LASF6:
 1629 012f 6C6F6E67 		.ascii	"long unsigned int\000"
 1629      20756E73 
 1629      69676E65 
 1629      6420696E 
 1629      7400
 1630              	.LASF12:
 1631 0141 75696E74 		.ascii	"uint8\000"
 1631      3800
 1632              	.LASF27:
 1633 0147 43594D45 		.ascii	"CYMEMZERO\000"
 1633      4D5A4552 
 1633      4F00
 1634              	.LASF30:
 1635 0151 53657441 		.ascii	"SetAnalogRoutingPumps\000"
 1635      6E616C6F 
 1635      67526F75 
 1635      74696E67 
 1635      50756D70 
 1636              	.LASF2:
 1637 0167 756E7369 		.ascii	"unsigned char\000"
 1637      676E6564 
 1637      20636861 
 1637      7200
 1638              	.LASF43:
 1639 0175 6D656D73 		.ascii	"memset\000"
 1639      657400
 1640              	.LASF16:
 1641 017c 646F7562 		.ascii	"double\000"
 1641      6C6500
 1642              	.LASF26:
 1643 0183 6366675F 		.ascii	"cfg_write_bytes32\000"
 1643      77726974 
 1643      655F6279 
 1643      74657333 
 1643      3200
 1644              	.LASF31:
 1645 0195 63796669 		.ascii	"cyfitter_cfg\000"
 1645      74746572 
 1645      5F636667 
 1645      00
 1646              	.LASF22:
 1647 01a2 61646472 		.ascii	"addr_table\000"
 1647      5F746162 
 1647      6C6500
 1648              	.LASF13:
 1649 01ad 75696E74 		.ascii	"uint16\000"
 1649      313600
 1650              	.LASF23:
 1651 01b4 64617461 		.ascii	"data_table\000"
 1651      5F746162 
 1651      6C6500
 1652              	.LASF14:
 1653 01bf 75696E74 		.ascii	"uint32\000"
ARM GAS  C:\Users\syhaines\AppData\Local\Temp\ccqhMmSy.s 			page 39


 1653      333200
 1654              	.LASF0:
 1655 01c6 756E7369 		.ascii	"unsigned int\000"
 1655      676E6564 
 1655      20696E74 
 1655      00
 1656              	.LASF29:
 1657 01d3 416E616C 		.ascii	"AnalogSetDefault\000"
 1657      6F675365 
 1657      74446566 
 1657      61756C74 
 1657      00
 1658              	.LASF35:
 1659 01e4 61646472 		.ascii	"address\000"
 1659      65737300 
 1660              	.LASF8:
 1661 01ec 6C6F6E67 		.ascii	"long long unsigned int\000"
 1661      206C6F6E 
 1661      6720756E 
 1661      7369676E 
 1661      65642069 
 1662              	.LASF37:
 1663 0203 6366675F 		.ascii	"cfg_memset_t\000"
 1663      6D656D73 
 1663      65745F74 
 1663      00
 1664              	.LASF24:
 1665 0210 62617365 		.ascii	"baseAddr\000"
 1665      41646472 
 1665      00
 1666              	.LASF9:
 1667 0219 73697A65 		.ascii	"sizetype\000"
 1667      74797065 
 1667      00
 1668              	.LASF40:
 1669 0222 2E5C4765 		.ascii	".\\Generated_Source\\PSoC4\\cyfitter_cfg.c\000"
 1669      6E657261 
 1669      7465645F 
 1669      536F7572 
 1669      63655C50 
 1670              	.LASF7:
 1671 024a 6C6F6E67 		.ascii	"long long int\000"
 1671      206C6F6E 
 1671      6720696E 
 1671      7400
 1672              	.LASF10:
 1673 0258 63686172 		.ascii	"char\000"
 1673      00
 1674              	.LASF21:
 1675 025d 63795F63 		.ascii	"cy_cfg_addrvalue_t\000"
 1675      66675F61 
 1675      64647276 
 1675      616C7565 
 1675      5F7400
 1676              	.LASF19:
 1677 0270 6F666673 		.ascii	"offset\000"
 1677      657400
ARM GAS  C:\Users\syhaines\AppData\Local\Temp\ccqhMmSy.s 			page 40


 1678              	.LASF42:
 1679 0277 656E6162 		.ascii	"enabled\000"
 1679      6C656400 
 1680              	.LASF3:
 1681 027f 73686F72 		.ascii	"short int\000"
 1681      7420696E 
 1681      7400
 1682              	.LASF44:
 1683 0289 43795379 		.ascii	"CySysClkWriteImoFreq\000"
 1683      73436C6B 
 1683      57726974 
 1683      65496D6F 
 1683      46726571 
 1684              	.LASF5:
 1685 029e 6C6F6E67 		.ascii	"long int\000"
 1685      20696E74 
 1685      00
 1686              	.LASF1:
 1687 02a7 7369676E 		.ascii	"signed char\000"
 1687      65642063 
 1687      68617200 
 1688              	.LASF4:
 1689 02b3 73686F72 		.ascii	"short unsigned int\000"
 1689      7420756E 
 1689      7369676E 
 1689      65642069 
 1689      6E7400
 1690              	.LASF32:
 1691 02c6 72656756 		.ascii	"regValue\000"
 1691      616C7565 
 1691      00
 1692              		.ident	"GCC: (GNU Tools for ARM Embedded Processors) 4.9.3 20150303 (release) [ARM/embedded-4_9-br
